<html>
<body>
<pre>
<h1>µVision Build Log</h1>
<h2>Tool Versions:</h2>
IDE-Version: ¦ÌVision V5.29.0.0
Copyright (C) 2019 ARM Ltd and ARM Germany GmbH. All rights reserved.
License Information: 1 hu'he'meng'NB, 1, LIC=76F5U-S3PGI-56EQ2-9N2I2-XTR5D-CJ3K7
 
Tool Versions:
Toolchain:       MDK-ARM Plus  Version: 5.29.0.0
Toolchain Path:  C:\Keil_v5\ARM\ARMCC\Bin
C Compiler:      Armcc.exe V5.06 update 6 (build 750)
Assembler:       Armasm.exe V5.06 update 6 (build 750)
Linker/Locator:  ArmLink.exe V5.06 update 6 (build 750)
Library Manager: ArmAr.exe V5.06 update 6 (build 750)
Hex Converter:   FromElf.exe V5.06 update 6 (build 750)
CPU DLL:         SARMCM3.DLL V5.29.0.0
Dialog DLL:      DCM.DLL V1.17.3.0
Target DLL:      CMSIS_AGDI.dll V1.32.0.0
Dialog DLL:      TCM.DLL V1.36.5.0
 
<h2>Project:</h2>
C:\Users\hu'he'meng'NB\Desktop\New_flowerpotRobot_stm32-master\USER\Template.uvprojx
Project File Date:  03/13/2026

<h2>Output:</h2>
*** Using Compiler 'V5.06 update 6 (build 750)', folder: 'C:\Keil_v5\ARM\ARMCC\Bin'
Rebuild target 'Template'
assembling startup_stm32f40_41xxx.s...
compiling stm32f4xx_it.c...
compiling main.c...
..\HARDWARE\EC11\ec11.h(22): warning:  #1295-D: Deprecated declaration EC11_KEY1_click_do - give arg types
  void EC11_KEY1_click_do();
..\HARDWARE\EC11\ec11.h(29): warning:  #1-D: last line of file ends without a newline
   
..\HARDWARE\POWER\power.h(11): warning:  #1295-D: Deprecated declaration Get_voltage - give arg types
  u8 Get_voltage();
..\HARDWARE\POWER\power.h(14): warning:  #1-D: last line of file ends without a newline
  #endif
main.c(105): warning:  #111-D: statement is unreachable
  	return 0;
main.c: 5 warnings, 0 errors
compiling stm32f4xx_dbgmcu.c...
compiling stm32f4xx_cryp_tdes.c...
compiling stm32f4xx_cryp_des.c...
compiling stm32f4xx_dcmi.c...
compiling misc.c...
compiling system_stm32f4xx.c...
compiling stm32f4xx_crc.c...
compiling stm32f4xx_dac.c...
compiling stm32f4xx_cryp.c...
compiling stm32f4xx_adc.c...
compiling stm32f4xx_dma2d.c...
compiling stm32f4xx_can.c...
compiling stm32f4xx_cryp_aes.c...
compiling stm32f4xx_dma.c...
compiling stm32f4xx_exti.c...
compiling stm32f4xx_flash.c...
compiling stm32f4xx_flash_ramfunc.c...
compiling stm32f4xx_gpio.c...
compiling stm32f4xx_fsmc.c...
compiling stm32f4xx_hash_sha1.c...
compiling stm32f4xx_hash.c...
compiling stm32f4xx_hash_md5.c...
compiling stm32f4xx_iwdg.c...
compiling stm32f4xx_i2c.c...
compiling stm32f4xx_ltdc.c...
compiling stm32f4xx_pwr.c...
compiling stm32f4xx_rng.c...
compiling stm32f4xx_rcc.c...
compiling stm32f4xx_rtc.c...
compiling stm32f4xx_sai.c...
compiling stm32f4xx_sdio.c...
compiling stm32f4xx_spi.c...
compiling stm32f4xx_syscfg.c...
compiling stm32f4xx_wwdg.c...
compiling stm32f4xx_usart.c...
compiling delay.c...
compiling sys.c...
compiling stm32f4xx_tim.c...
compiling key.c...
compiling beep.c...
compiling led.c...
compiling ec11.c...
..\HARDWARE\EC11\ec11.h(22): warning:  #1295-D: Deprecated declaration EC11_KEY1_click_do - give arg types
  void EC11_KEY1_click_do();
..\HARDWARE\EC11\ec11.h(29): warning:  #1-D: last line of file ends without a newline
   
..\HARDWARE\EC11\ec11.c: 2 warnings, 0 errors
compiling usart1.c...
compiling oled.c...
compiling power.c...
..\HARDWARE\POWER\power.h(11): warning:  #1295-D: Deprecated declaration Get_voltage - give arg types
  u8 Get_voltage();
..\HARDWARE\POWER\power.h(14): warning:  #1-D: last line of file ends without a newline
  #endif
..\HARDWARE\POWER\power.c: 2 warnings, 0 errors
compiling stepper.c...
..\HARDWARE\STEPPER\stepper.c(294): warning:  #1-D: last line of file ends without a newline
  }
..\HARDWARE\STEPPER\stepper.c: 1 warning, 0 errors
compiling motor.c...
compiling spi.c...
compiling 24l01.c...
compiling timer.c...
..\HARDWARE\POWER\power.h(11): warning:  #1295-D: Deprecated declaration Get_voltage - give arg types
  u8 Get_voltage();
..\HARDWARE\POWER\power.h(14): warning:  #1-D: last line of file ends without a newline
  #endif
..\HARDWARE\TIMER\timer.c: 2 warnings, 0 errors
compiling multimenu.c...
..\HARDWARE\MULTIMENU\multimenu.h(7): warning:  #1-D: last line of file ends without a newline
  #endif
..\HARDWARE\MULTIMENU\multimenu.c: 1 warning, 0 errors
compiling exti.c...
compiling UART3.c...
compiling limit.c...
..\HARDWARE\LIMIT\limit.c(26): warning:  #1-D: last line of file ends without a newline
  }
..\HARDWARE\LIMIT\limit.c: 1 warning, 0 errors
compiling encode.c...
linking...
Program Size: Code=20580 RO-data=8292 RW-data=84 ZI-data=2260  
FromELF: creating hex file...
"..\OBJ\Template.axf" - 0 Error(s), 14 Warning(s).

<h2>Software Packages used:</h2>

Package Vendor: Keil
                http://www.keil.com/pack/Keil.STM32F4xx_DFP.2.15.0.pack
                Keil.STM32F4xx_DFP.2.15.0
                STMicroelectronics STM32F4 Series Device Support, Drivers and Examples

<h2>Collection of Component include folders:</h2>
  .\RTE\_Template
  C:\Keil\STM32F4xx_DFP\2.15.0\Drivers\CMSIS\Device\ST\STM32F4xx\Include

<h2>Collection of Component Files used:</h2>
Build Time Elapsed:  00:00:06
</pre>
</body>
</html>
