Component: ARM Compiler 5.06 update 6 (build 750) Tool: armlink [4d35ed]

==============================================================================

Section Cross References

    main.o(.text) refers to misc.o(.text) for NVIC_PriorityGroupConfig
    main.o(.text) refers to delay.o(.text) for delay_init
    main.o(.text) refers to led.o(.text) for LED_Init
    main.o(.text) refers to beep.o(.text) for BEEP_Init
    main.o(.text) refers to oled.o(.text) for OLED_Init
    main.o(.text) refers to ec11.o(.text) for EC11_Init
    main.o(.text) refers to stepper.o(.text) for Stepper_Init
    main.o(.text) refers to limit.o(.text) for Limit_Init
    main.o(.text) refers to motor.o(.text) for Motor_Init
    main.o(.text) refers to 24l01.o(.text) for NRF24L01_Init
    main.o(.text) refers to uart3.o(.text) for uart3_init
    main.o(.text) refers to encode.o(.text) for TIM3_Encoder_Init
    main.o(.text) refers to power.o(.text) for POWER_Init
    main.o(.text) refers to timer.o(.text) for TIM6_init
    main.o(.text) refers to 24l01.o(.bss) for tmp_buf
    main.o(.text) refers to main.o(.data) for MAX_Motor_Speed
    main.o(.text) refers to uart3.o(.data) for USART3_RX_completed
    system_stm32f4xx.o(.text) refers to system_stm32f4xx.o(.data) for SystemCoreClock
    startup_stm32f40_41xxx.o(RESET) refers to startup_stm32f40_41xxx.o(STACK) for __initial_sp
    startup_stm32f40_41xxx.o(RESET) refers to startup_stm32f40_41xxx.o(.text) for Reset_Handler
    startup_stm32f40_41xxx.o(RESET) refers to stm32f4xx_it.o(.text) for NMI_Handler
    startup_stm32f40_41xxx.o(RESET) refers to exti.o(.text) for EXTI9_5_IRQHandler
    startup_stm32f40_41xxx.o(RESET) refers to uart3.o(.text) for USART3_IRQHandler
    startup_stm32f40_41xxx.o(RESET) refers to timer.o(.text) for TIM6_DAC_IRQHandler
    startup_stm32f40_41xxx.o(.text) refers to system_stm32f4xx.o(.text) for SystemInit
    startup_stm32f40_41xxx.o(.text) refers to entry.o(.ARM.Collect$$$$00000000) for __main
    stm32f4xx_adc.o(.text) refers to stm32f4xx_rcc.o(.text) for RCC_APB2PeriphResetCmd
    stm32f4xx_can.o(.text) refers to stm32f4xx_rcc.o(.text) for RCC_APB1PeriphResetCmd
    stm32f4xx_cryp.o(.text) refers to stm32f4xx_rcc.o(.text) for RCC_AHB2PeriphResetCmd
    stm32f4xx_cryp_aes.o(.text) refers to stm32f4xx_cryp.o(.text) for CRYP_KeyStructInit
    stm32f4xx_cryp_des.o(.text) refers to stm32f4xx_cryp.o(.text) for CRYP_KeyStructInit
    stm32f4xx_cryp_tdes.o(.text) refers to stm32f4xx_cryp.o(.text) for CRYP_KeyStructInit
    stm32f4xx_dac.o(.text) refers to stm32f4xx_rcc.o(.text) for RCC_APB1PeriphResetCmd
    stm32f4xx_dma2d.o(.text) refers to stm32f4xx_rcc.o(.text) for RCC_AHB1PeriphResetCmd
    stm32f4xx_fsmc.o(.text) refers to stm32f4xx_fsmc.o(.constdata) for FSMC_DefaultTimingStruct
    stm32f4xx_gpio.o(.text) refers to stm32f4xx_rcc.o(.text) for RCC_AHB1PeriphResetCmd
    stm32f4xx_hash.o(.text) refers to stm32f4xx_rcc.o(.text) for RCC_AHB2PeriphResetCmd
    stm32f4xx_hash_md5.o(.text) refers to stm32f4xx_hash.o(.text) for HASH_DeInit
    stm32f4xx_hash_sha1.o(.text) refers to stm32f4xx_hash.o(.text) for HASH_DeInit
    stm32f4xx_i2c.o(.text) refers to stm32f4xx_rcc.o(.text) for RCC_APB1PeriphResetCmd
    stm32f4xx_ltdc.o(.text) refers to stm32f4xx_rcc.o(.text) for RCC_APB2PeriphResetCmd
    stm32f4xx_pwr.o(.text) refers to stm32f4xx_rcc.o(.text) for RCC_APB1PeriphResetCmd
    stm32f4xx_rcc.o(.text) refers to stm32f4xx_rcc.o(.data) for APBAHBPrescTable
    stm32f4xx_rng.o(.text) refers to stm32f4xx_rcc.o(.text) for RCC_AHB2PeriphResetCmd
    stm32f4xx_sai.o(.text) refers to stm32f4xx_rcc.o(.text) for RCC_APB2PeriphResetCmd
    stm32f4xx_sdio.o(.text) refers to stm32f4xx_rcc.o(.text) for RCC_APB2PeriphResetCmd
    stm32f4xx_spi.o(.text) refers to stm32f4xx_rcc.o(.text) for RCC_APB2PeriphResetCmd
    stm32f4xx_syscfg.o(.text) refers to stm32f4xx_rcc.o(.text) for RCC_APB2PeriphResetCmd
    stm32f4xx_tim.o(.text) refers to stm32f4xx_rcc.o(.text) for RCC_APB2PeriphResetCmd
    stm32f4xx_usart.o(.text) refers to stm32f4xx_rcc.o(.text) for RCC_APB2PeriphResetCmd
    stm32f4xx_wwdg.o(.text) refers to stm32f4xx_rcc.o(.text) for RCC_APB1PeriphResetCmd
    delay.o(.text) refers to misc.o(.text) for SysTick_CLKSourceConfig
    delay.o(.text) refers to delay.o(.data) for fac_us
    beep.o(.text) refers to stm32f4xx_rcc.o(.text) for RCC_AHB1PeriphClockCmd
    beep.o(.text) refers to stm32f4xx_gpio.o(.text) for GPIO_Init
    key.o(.text) refers to stm32f4xx_rcc.o(.text) for RCC_AHB1PeriphClockCmd
    key.o(.text) refers to stm32f4xx_gpio.o(.text) for GPIO_Init
    key.o(.text) refers to delay.o(.text) for delay_ms
    key.o(.text) refers to key.o(.data) for key_up
    oled.o(.text) refers to stm32f4xx_gpio.o(.text) for GPIO_SetBits
    oled.o(.text) refers to oled.o(.bss) for OLED_GRAM
    oled.o(.text) refers to oled.o(.constdata) for asc2_0806
    oled.o(.text) refers to stm32f4xx_rcc.o(.text) for RCC_AHB1PeriphClockCmd
[...]
    entry.o(.ARM.Collect$$$$00000000) refers (Special) to entry2.o(.ARM.Collect$$$$00000001) for _main_stk
    dmul.o(.text) refers (Special) to iusefp.o(.text) for __I$use$fp
    dmul.o(.text) refers to depilogue.o(.text) for _double_epilogue
    f2d.o(.text) refers (Special) to iusefp.o(.text) for __I$use$fp
    d2f.o(.text) refers (Special) to iusefp.o(.text) for __I$use$fp
    d2f.o(.text) refers to fepilogue.o(.text) for _float_round
    entry2.o(.ARM.Collect$$$$00000001) refers to entry2.o(.ARM.Collect$$$$00002712) for __lit__00000000
    entry2.o(.ARM.Collect$$$$00002712) refers to startup_stm32f40_41xxx.o(STACK) for __initial_sp
    entry2.o(__vectab_stack_and_reset_area) refers to startup_stm32f40_41xxx.o(STACK) for __initial_sp
    entry2.o(__vectab_stack_and_reset_area) refers to entry.o(.ARM.Collect$$$$00000000) for __main
    entry5.o(.ARM.Collect$$$$00000004) refers to init.o(.text) for __scatterload
    entry9a.o(.ARM.Collect$$$$0000000B) refers to main.o(.text) for main
    entry9b.o(.ARM.Collect$$$$0000000C) refers to main.o(.text) for main
    depilogue.o(.text) refers to llshl.o(.text) for __aeabi_llsl
    depilogue.o(.text) refers to llushr.o(.text) for __aeabi_llsr
    init.o(.text) refers to entry5.o(.ARM.Collect$$$$00000004) for __main_after_scatterload


==============================================================================

Removing Unused input sections from the image.

    Removing main.o(.rev16_text), (4 bytes).
    Removing main.o(.revsh_text), (4 bytes).
    Removing stm32f4xx_it.o(.rev16_text), (4 bytes).
    Removing stm32f4xx_it.o(.revsh_text), (4 bytes).
    Removing system_stm32f4xx.o(.rev16_text), (4 bytes).
    Removing system_stm32f4xx.o(.revsh_text), (4 bytes).
    Removing startup_stm32f40_41xxx.o(HEAP), (512 bytes).
    Removing misc.o(.rev16_text), (4 bytes).
    Removing misc.o(.revsh_text), (4 bytes).
    Removing stm32f4xx_adc.o(.rev16_text), (4 bytes).
    Removing stm32f4xx_adc.o(.revsh_text), (4 bytes).
    Removing stm32f4xx_can.o(.rev16_text), (4 bytes).
    Removing stm32f4xx_can.o(.revsh_text), (4 bytes).
    Removing stm32f4xx_can.o(.text), (2544 bytes).
    Removing stm32f4xx_crc.o(.rev16_text), (4 bytes).
    Removing stm32f4xx_crc.o(.revsh_text), (4 bytes).
    Removing stm32f4xx_crc.o(.text), (72 bytes).
    Removing stm32f4xx_cryp.o(.rev16_text), (4 bytes).
    Removing stm32f4xx_cryp.o(.revsh_text), (4 bytes).
    Removing stm32f4xx_cryp.o(.text), (856 bytes).
    Removing stm32f4xx_cryp_aes.o(.rev16_text), (4 bytes).
    Removing stm32f4xx_cryp_aes.o(.revsh_text), (4 bytes).
    Removing stm32f4xx_cryp_aes.o(.text), (4586 bytes).
    Removing stm32f4xx_cryp_des.o(.rev16_text), (4 bytes).
    Removing stm32f4xx_cryp_des.o(.revsh_text), (4 bytes).
    Removing stm32f4xx_cryp_des.o(.text), (472 bytes).
    Removing stm32f4xx_cryp_tdes.o(.rev16_text), (4 bytes).
    Removing stm32f4xx_cryp_tdes.o(.revsh_text), (4 bytes).
    Removing stm32f4xx_cryp_tdes.o(.text), (536 bytes).
    Removing stm32f4xx_dac.o(.rev16_text), (4 bytes).
    Removing stm32f4xx_dac.o(.revsh_text), (4 bytes).
    Removing stm32f4xx_dac.o(.text), (528 bytes).
    Removing stm32f4xx_dbgmcu.o(.rev16_text), (4 bytes).
    Removing stm32f4xx_dbgmcu.o(.revsh_text), (4 bytes).
    Removing stm32f4xx_dbgmcu.o(.text), (100 bytes).
    Removing stm32f4xx_dcmi.o(.rev16_text), (4 bytes).
    Removing stm32f4xx_dcmi.o(.revsh_text), (4 bytes).
    Removing stm32f4xx_dcmi.o(.text), (396 bytes).
    Removing stm32f4xx_dma2d.o(.rev16_text), (4 bytes).
    Removing stm32f4xx_dma2d.o(.revsh_text), (4 bytes).
    Removing stm32f4xx_dma2d.o(.text), (948 bytes).
    Removing stm32f4xx_dma.o(.rev16_text), (4 bytes).
    Removing stm32f4xx_dma.o(.revsh_text), (4 bytes).
    Removing stm32f4xx_dma.o(.text), (936 bytes).
    Removing stm32f4xx_exti.o(.rev16_text), (4 bytes).
    Removing stm32f4xx_exti.o(.revsh_text), (4 bytes).
    Removing stm32f4xx_flash.o(.rev16_text), (4 bytes).
    Removing stm32f4xx_flash.o(.revsh_text), (4 bytes).
    Removing stm32f4xx_flash.o(.text), (1684 bytes).
    Removing stm32f4xx_flash_ramfunc.o(.rev16_text), (4 bytes).
    Removing stm32f4xx_flash_ramfunc.o(.revsh_text), (4 bytes).
    Removing stm32f4xx_flash_ramfunc.o(.text), (64 bytes).
    Removing stm32f4xx_fsmc.o(.rev16_text), (4 bytes).
    Removing stm32f4xx_fsmc.o(.revsh_text), (4 bytes).
    Removing stm32f4xx_fsmc.o(.text), (1480 bytes).
    Removing stm32f4xx_fsmc.o(.constdata), (28 bytes).
    Removing stm32f4xx_gpio.o(.rev16_text), (4 bytes).
    Removing stm32f4xx_gpio.o(.revsh_text), (4 bytes).
    Removing stm32f4xx_hash.o(.rev16_text), (4 bytes).
    Removing stm32f4xx_hash.o(.revsh_text), (4 bytes).
    Removing stm32f4xx_hash.o(.text), (552 bytes).
    Removing stm32f4xx_hash_md5.o(.rev16_text), (4 bytes).
    Removing stm32f4xx_hash_md5.o(.revsh_text), (4 bytes).
    Removing stm32f4xx_hash_md5.o(.text), (534 bytes).
    Removing stm32f4xx_hash_sha1.o(.rev16_text), (4 bytes).
    Removing stm32f4xx_hash_sha1.o(.revsh_text), (4 bytes).
    Removing stm32f4xx_hash_sha1.o(.text), (548 bytes).
    Removing stm32f4xx_i2c.o(.rev16_text), (4 bytes).
    Removing stm32f4xx_i2c.o(.revsh_text), (4 bytes).
    Removing stm32f4xx_i2c.o(.text), (1110 bytes).
    Removing stm32f4xx_iwdg.o(.rev16_text), (4 bytes).
    Removing stm32f4xx_iwdg.o(.revsh_text), (4 bytes).
    Removing stm32f4xx_iwdg.o(.text), (64 bytes).
    Removing stm32f4xx_ltdc.o(.rev16_text), (4 bytes).
    Removing stm32f4xx_ltdc.o(.revsh_text), (4 bytes).
    Removing stm32f4xx_ltdc.o(.text), (1672 bytes).
    Removing stm32f4xx_pwr.o(.rev16_text), (4 bytes).
    Removing stm32f4xx_pwr.o(.revsh_text), (4 bytes).
    Removing stm32f4xx_pwr.o(.text), (364 bytes).
    Removing stm32f4xx_rcc.o(.rev16_text), (4 bytes).
    Removing stm32f4xx_rcc.o(.revsh_text), (4 bytes).
    Removing stm32f4xx_rng.o(.rev16_text), (4 bytes).
    Removing stm32f4xx_rng.o(.revsh_text), (4 bytes).
    Removing stm32f4xx_rng.o(.text), (160 bytes).
    Removing stm32f4xx_rtc.o(.rev16_text), (4 bytes).
    Removing stm32f4xx_rtc.o(.revsh_text), (4 bytes).
    Removing stm32f4xx_rtc.o(.text), (3432 bytes).
    Removing stm32f4xx_sai.o(.rev16_text), (4 bytes).
    Removing stm32f4xx_sai.o(.revsh_text), (4 bytes).
    Removing stm32f4xx_sai.o(.text), (524 bytes).
    Removing stm32f4xx_sdio.o(.rev16_text), (4 bytes).
    Removing stm32f4xx_sdio.o(.revsh_text), (4 bytes).
    Removing stm32f4xx_sdio.o(.text), (476 bytes).
    Removing stm32f4xx_spi.o(.rev16_text), (4 bytes).
    Removing stm32f4xx_spi.o(.revsh_text), (4 bytes).
    Removing stm32f4xx_syscfg.o(.rev16_text), (4 bytes).
    Removing stm32f4xx_syscfg.o(.revsh_text), (4 bytes).
    Removing stm32f4xx_tim.o(.rev16_text), (4 bytes).
    Removing stm32f4xx_tim.o(.revsh_text), (4 bytes).
    Removing stm32f4xx_usart.o(.rev16_text), (4 bytes).
    Removing stm32f4xx_usart.o(.revsh_text), (4 bytes).
    Removing stm32f4xx_wwdg.o(.rev16_text), (4 bytes).
    Removing stm32f4xx_wwdg.o(.revsh_text), (4 bytes).
    Removing stm32f4xx_wwdg.o(.text), (144 bytes).
    Removing delay.o(.rev16_text), (4 bytes).
    Removing delay.o(.revsh_text), (4 bytes).
    Removing sys.o(.rev16_text), (4 bytes).
    Removing sys.o(.revsh_text), (4 bytes).
    Removing sys.o(.emb_text), (16 bytes).
    Removing beep.o(.rev16_text), (4 bytes).
    Removing beep.o(.revsh_text), (4 bytes).
    Removing key.o(.rev16_text), (4 bytes).
    Removing key.o(.revsh_text), (4 bytes).
    Removing oled.o(.rev16_text), (4 bytes).
    Removing oled.o(.revsh_text), (4 bytes).
    Removing led.o(.rev16_text), (4 bytes).
    Removing led.o(.revsh_text), (4 bytes).
    Removing ec11.o(.rev16_text), (4 bytes).
    Removing ec11.o(.revsh_text), (4 bytes).
    Removing power.o(.rev16_text), (4 bytes).
    Removing power.o(.revsh_text), (4 bytes).
    Removing stepper.o(.rev16_text), (4 bytes).
    Removing stepper.o(.revsh_text), (4 bytes).
    Removing motor.o(.rev16_text), (4 bytes).
    Removing motor.o(.revsh_text), (4 bytes).
    Removing 24l01.o(.rev16_text), (4 bytes).
    Removing 24l01.o(.revsh_text), (4 bytes).
    Removing spi.o(.rev16_text), (4 bytes).
    Removing spi.o(.revsh_text), (4 bytes).
    Removing timer.o(.rev16_text), (4 bytes).
    Removing timer.o(.revsh_text), (4 bytes).
    Removing timer.o(.data), (8 bytes).
    Removing multimenu.o(.rev16_text), (4 bytes).
    Removing multimenu.o(.revsh_text), (4 bytes).
    Removing exti.o(.rev16_text), (4 bytes).
    Removing exti.o(.revsh_text), (4 bytes).
    Removing uart3.o(.rev16_text), (4 bytes).
    Removing uart3.o(.revsh_text), (4 bytes).
    Removing encode.o(.rev16_text), (4 bytes).
    Removing encode.o(.revsh_text), (4 bytes).
    Removing limit.o(.rev16_text), (4 bytes).
    Removing limit.o(.revsh_text), (4 bytes).

142 unused section(s) (total 25794 bytes) removed from the image.

==============================================================================

Image Symbol Table

    Local Symbols

    Symbol Name                              Value     Ov Type        Size  Object(Section)

    ../clib/microlib/init/entry.s            0x00000000   Number         0  entry5.o ABSOLUTE
    ../clib/microlib/init/entry.s            0x00000000   Number         0  entry2.o ABSOLUTE
    ../clib/microlib/init/entry.s            0x00000000   Number         0  entry7b.o ABSOLUTE
    ../clib/microlib/init/entry.s            0x00000000   Number         0  entry8a.o ABSOLUTE
    ../clib/microlib/init/entry.s            0x00000000   Number         0  entry8b.o ABSOLUTE
    ../clib/microlib/init/entry.s            0x00000000   Number         0  entry9a.o ABSOLUTE
    ../clib/microlib/init/entry.s            0x00000000   Number         0  entry.o ABSOLUTE
    ../clib/microlib/init/entry.s            0x00000000   Number         0  entry9b.o ABSOLUTE
    ../clib/microlib/init/entry.s            0x00000000   Number         0  entry10a.o ABSOLUTE
    ../clib/microlib/init/entry.s            0x00000000   Number         0  entry10b.o ABSOLUTE
    ../clib/microlib/init/entry.s            0x00000000   Number         0  entry11a.o ABSOLUTE
    ../clib/microlib/init/entry.s            0x00000000   Number         0  entry11b.o ABSOLUTE
    ../clib/microlib/init/entry.s            0x00000000   Number         0  entry7a.o ABSOLUTE
    ../clib/microlib/longlong.c              0x00000000   Number         0  llshl.o ABSOLUTE
    ../clib/microlib/longlong.c              0x00000000   Number         0  llushr.o ABSOLUTE
    ../clib/microlib/stubs.s                 0x00000000   Number         0  iusefp.o ABSOLUTE
    ../fplib/microlib/d2f.c                  0x00000000   Number         0  d2f.o ABSOLUTE
    ../fplib/microlib/f2d.c                  0x00000000   Number         0  f2d.o ABSOLUTE
    ../fplib/microlib/fpepilogue.c           0x00000000   Number         0  fepilogue.o ABSOLUTE
    ../fplib/microlib/fpepilogue.c           0x00000000   Number         0  depilogue.o ABSOLUTE
    ../fplib/microlib/fpmul.c                0x00000000   Number         0  dmul.o ABSOLUTE
    ..\CORE\startup_stm32f40_41xxx.s         0x00000000   Number         0  startup_stm32f40_41xxx.o ABSOLUTE
    ..\FWLIB\src\misc.c                      0x00000000   Number         0  misc.o ABSOLUTE
    ..\FWLIB\src\stm32f4xx_adc.c             0x00000000   Number         0  stm32f4xx_adc.o ABSOLUTE
    ..\FWLIB\src\stm32f4xx_can.c             0x00000000   Number         0  stm32f4xx_can.o ABSOLUTE
    ..\FWLIB\src\stm32f4xx_crc.c             0x00000000   Number         0  stm32f4xx_crc.o ABSOLUTE
    ..\FWLIB\src\stm32f4xx_cryp.c            0x00000000   Number         0  stm32f4xx_cryp.o ABSOLUTE
    ..\FWLIB\src\stm32f4xx_cryp_aes.c        0x00000000   Number         0  stm32f4xx_cryp_aes.o ABSOLUTE
    ..\FWLIB\src\stm32f4xx_cryp_des.c        0x00000000   Number         0  stm32f4xx_cryp_des.o ABSOLUTE
    ..\FWLIB\src\stm32f4xx_cryp_tdes.c       0x00000000   Number         0  stm32f4xx_cryp_tdes.o ABSOLUTE
    ..\FWLIB\src\stm32f4xx_dac.c             0x00000000   Number         0  stm32f4xx_dac.o ABSOLUTE
    ..\FWLIB\src\stm32f4xx_dbgmcu.c          0x00000000   Number         0  stm32f4xx_dbgmcu.o ABSOLUTE
    ..\FWLIB\src\stm32f4xx_dcmi.c            0x00000000   Number         0  stm32f4xx_dcmi.o ABSOLUTE
    ..\FWLIB\src\stm32f4xx_dma.c             0x00000000   Number         0  stm32f4xx_dma.o ABSOLUTE
    ..\FWLIB\src\stm32f4xx_dma2d.c           0x00000000   Number         0  stm32f4xx_dma2d.o ABSOLUTE
    ..\FWLIB\src\stm32f4xx_exti.c            0x00000000   Number         0  stm32f4xx_exti.o ABSOLUTE
    ..\FWLIB\src\stm32f4xx_flash.c           0x00000000   Number         0  stm32f4xx_flash.o ABSOLUTE
    ..\FWLIB\src\stm32f4xx_flash_ramfunc.c   0x00000000   Number         0  stm32f4xx_flash_ramfunc.o ABSOLUTE
    ..\FWLIB\src\stm32f4xx_fsmc.c            0x00000000   Number         0  stm32f4xx_fsmc.o ABSOLUTE
    ..\FWLIB\src\stm32f4xx_gpio.c            0x00000000   Number         0  stm32f4xx_gpio.o ABSOLUTE
    ..\FWLIB\src\stm32f4xx_hash.c            0x00000000   Number         0  stm32f4xx_hash.o ABSOLUTE
    ..\FWLIB\src\stm32f4xx_hash_md5.c        0x00000000   Number         0  stm32f4xx_hash_md5.o ABSOLUTE
    ..\FWLIB\src\stm32f4xx_hash_sha1.c       0x00000000   Number         0  stm32f4xx_hash_sha1.o ABSOLUTE
    ..\FWLIB\src\stm32f4xx_i2c.c             0x00000000   Number         0  stm32f4xx_i2c.o ABSOLUTE
    ..\FWLIB\src\stm32f4xx_iwdg.c            0x00000000   Number         0  stm32f4xx_iwdg.o ABSOLUTE
    ..\FWLIB\src\stm32f4xx_ltdc.c            0x00000000   Number         0  stm32f4xx_ltdc.o ABSOLUTE
    ..\FWLIB\src\stm32f4xx_pwr.c             0x00000000   Number         0  stm32f4xx_pwr.o ABSOLUTE
    ..\FWLIB\src\stm32f4xx_rcc.c             0x00000000   Number         0  stm32f4xx_rcc.o ABSOLUTE
    ..\FWLIB\src\stm32f4xx_rng.c             0x00000000   Number         0  stm32f4xx_rng.o ABSOLUTE
    ..\FWLIB\src\stm32f4xx_rtc.c             0x00000000   Number         0  stm32f4xx_rtc.o ABSOLUTE
    ..\FWLIB\src\stm32f4xx_sai.c             0x00000000   Number         0  stm32f4xx_sai.o ABSOLUTE
    ..\FWLIB\src\stm32f4xx_sdio.c            0x00000000   Number         0  stm32f4xx_sdio.o ABSOLUTE
    ..\FWLIB\src\stm32f4xx_spi.c             0x00000000   Number         0  stm32f4xx_spi.o ABSOLUTE
    ..\FWLIB\src\stm32f4xx_syscfg.c          0x00000000   Number         0  stm32f4xx_syscfg.o ABSOLUTE
    ..\FWLIB\src\stm32f4xx_tim.c             0x00000000   Number         0  stm32f4xx_tim.o ABSOLUTE
    ..\FWLIB\src\stm32f4xx_usart.c           0x00000000   Number         0  stm32f4xx_usart.o ABSOLUTE
    ..\FWLIB\src\stm32f4xx_wwdg.c            0x00000000   Number         0  stm32f4xx_wwdg.o ABSOLUTE
    ..\HARDWARE\EC11\ec11.c                  0x00000000   Number         0  ec11.o ABSOLUTE
    ..\HARDWARE\EXTI\exti.c                  0x00000000   Number         0  exti.o ABSOLUTE
    ..\HARDWARE\LED\led.c                    0x00000000   Number         0  led.o ABSOLUTE
    ..\HARDWARE\LIMIT\limit.c                0x00000000   Number         0  limit.o ABSOLUTE
    ..\HARDWARE\MOTOR\motor.c                0x00000000   Number         0  motor.o ABSOLUTE
    ..\HARDWARE\MULTIMENU\multimenu.c        0x00000000   Number         0  multimenu.o ABSOLUTE
    ..\HARDWARE\NRF24L01\24l01.c             0x00000000   Number         0  24l01.o ABSOLUTE
    ..\HARDWARE\NRF24L01\spi.c               0x00000000   Number         0  spi.o ABSOLUTE
    ..\HARDWARE\POWER\power.c                0x00000000   Number         0  power.o ABSOLUTE
    ..\HARDWARE\STEPPER\stepper.c            0x00000000   Number         0  stepper.o ABSOLUTE
    ..\HARDWARE\TIMER\timer.c                0x00000000   Number         0  timer.o ABSOLUTE
    ..\HARDWARE\USART1\usart1.c              0x00000000   Number         0  usart1.o ABSOLUTE
    ..\HARDWARE\USART3\UART3.c               0x00000000   Number         0  uart3.o ABSOLUTE
    ..\HARDWARE\beep\beep.c                  0x00000000   Number         0  beep.o ABSOLUTE
    ..\HARDWARE\encode\encode.c              0x00000000   Number         0  encode.o ABSOLUTE
    ..\HARDWARE\key\key.c                    0x00000000   Number         0  key.o ABSOLUTE
    ..\HARDWARE\oled\oled.c                  0x00000000   Number         0  oled.o ABSOLUTE
    ..\SYSTEM\delay\delay.c                  0x00000000   Number         0  delay.o ABSOLUTE
    ..\SYSTEM\sys\sys.c                      0x00000000   Number         0  sys.o ABSOLUTE
    ..\\FWLIB\\src\\misc.c                   0x00000000   Number         0  misc.o ABSOLUTE
    ..\\FWLIB\\src\\stm32f4xx_adc.c          0x00000000   Number         0  stm32f4xx_adc.o ABSOLUTE
    ..\\FWLIB\\src\\stm32f4xx_can.c          0x00000000   Number         0  stm32f4xx_can.o ABSOLUTE
    ..\\FWLIB\\src\\stm32f4xx_crc.c          0x00000000   Number         0  stm32f4xx_crc.o ABSOLUTE
    ..\\FWLIB\\src\\stm32f4xx_cryp.c         0x00000000   Number         0  stm32f4xx_cryp.o ABSOLUTE
    ..\\FWLIB\\src\\stm32f4xx_cryp_aes.c     0x00000000   Number         0  stm32f4xx_cryp_aes.o ABSOLUTE
    ..\\FWLIB\\src\\stm32f4xx_cryp_des.c     0x00000000   Number         0  stm32f4xx_cryp_des.o ABSOLUTE
    ..\\FWLIB\\src\\stm32f4xx_cryp_tdes.c    0x00000000   Number         0  stm32f4xx_cryp_tdes.o ABSOLUTE
    ..\\FWLIB\\src\\stm32f4xx_dac.c          0x00000000   Number         0  stm32f4xx_dac.o ABSOLUTE
    ..\\FWLIB\\src\\stm32f4xx_dbgmcu.c       0x00000000   Number         0  stm32f4xx_dbgmcu.o ABSOLUTE
    ..\\FWLIB\\src\\stm32f4xx_dcmi.c         0x00000000   Number         0  stm32f4xx_dcmi.o ABSOLUTE
    ..\\FWLIB\\src\\stm32f4xx_dma.c          0x00000000   Number         0  stm32f4xx_dma.o ABSOLUTE
    ..\\FWLIB\\src\\stm32f4xx_dma2d.c        0x00000000   Number         0  stm32f4xx_dma2d.o ABSOLUTE
    ..\\FWLIB\\src\\stm32f4xx_exti.c         0x00000000   Number         0  stm32f4xx_exti.o ABSOLUTE
    ..\\FWLIB\\src\\stm32f4xx_flash.c        0x00000000   Number         0  stm32f4xx_flash.o ABSOLUTE
    ..\\FWLIB\\src\\stm32f4xx_flash_ramfunc.c 0x00000000   Number         0  stm32f4xx_flash_ramfunc.o ABSOLUTE
    ..\\FWLIB\\src\\stm32f4xx_fsmc.c         0x00000000   Number         0  stm32f4xx_fsmc.o ABSOLUTE
    ..\\FWLIB\\src\\stm32f4xx_gpio.c         0x00000000   Number         0  stm32f4xx_gpio.o ABSOLUTE
    ..\\FWLIB\\src\\stm32f4xx_hash.c         0x00000000   Number         0  stm32f4xx_hash.o ABSOLUTE
    ..\\FWLIB\\src\\stm32f4xx_hash_md5.c     0x00000000   Number         0  stm32f4xx_hash_md5.o ABSOLUTE
    ..\\FWLIB\\src\\stm32f4xx_hash_sha1.c    0x00000000   Number         0  stm32f4xx_hash_sha1.o ABSOLUTE
    ..\\FWLIB\\src\\stm32f4xx_i2c.c          0x00000000   Number         0  stm32f4xx_i2c.o ABSOLUTE
    ..\\FWLIB\\src\\stm32f4xx_iwdg.c         0x00000000   Number         0  stm32f4xx_iwdg.o ABSOLUTE
    ..\\FWLIB\\src\\stm32f4xx_ltdc.c         0x00000000   Number         0  stm32f4xx_ltdc.o ABSOLUTE
    ..\\FWLIB\\src\\stm32f4xx_pwr.c          0x00000000   Number         0  stm32f4xx_pwr.o ABSOLUTE
    ..\\FWLIB\\src\\stm32f4xx_rcc.c          0x00000000   Number         0  stm32f4xx_rcc.o ABSOLUTE
    ..\\FWLIB\\src\\stm32f4xx_rng.c          0x00000000   Number         0  stm32f4xx_rng.o ABSOLUTE
    ..\\FWLIB\\src\\stm32f4xx_rtc.c          0x00000000   Number         0  stm32f4xx_rtc.o ABSOLUTE
    ..\\FWLIB\\src\\stm32f4xx_sai.c          0x00000000   Number         0  stm32f4xx_sai.o ABSOLUTE
    ..\\FWLIB\\src\\stm32f4xx_sdio.c         0x00000000   Number         0  stm32f4xx_sdio.o ABSOLUTE
    ..\\FWLIB\\src\\stm32f4xx_spi.c          0x00000000   Number         0  stm32f4xx_spi.o ABSOLUTE
    ..\\FWLIB\\src\\stm32f4xx_syscfg.c       0x00000000   Number         0  stm32f4xx_syscfg.o ABSOLUTE
    ..\\FWLIB\\src\\stm32f4xx_tim.c          0x00000000   Number         0  stm32f4xx_tim.o ABSOLUTE
    ..\\FWLIB\\src\\stm32f4xx_usart.c        0x00000000   Number         0  stm32f4xx_usart.o ABSOLUTE
    ..\\FWLIB\\src\\stm32f4xx_wwdg.c         0x00000000   Number         0  stm32f4xx_wwdg.o ABSOLUTE
    ..\\HARDWARE\\EC11\\ec11.c               0x00000000   Number         0  ec11.o ABSOLUTE
    ..\\HARDWARE\\EXTI\\exti.c               0x00000000   Number         0  exti.o ABSOLUTE
    ..\\HARDWARE\\LED\\led.c                 0x00000000   Number         0  led.o ABSOLUTE
    ..\\HARDWARE\\LIMIT\\limit.c             0x00000000   Number         0  limit.o ABSOLUTE
    ..\\HARDWARE\\MOTOR\\motor.c             0x00000000   Number         0  motor.o ABSOLUTE
    ..\\HARDWARE\\MULTIMENU\\multimenu.c     0x00000000   Number         0  multimenu.o ABSOLUTE
    ..\\HARDWARE\\NRF24L01\\24l01.c          0x00000000   Number         0  24l01.o ABSOLUTE
    ..\\HARDWARE\\NRF24L01\\spi.c            0x00000000   Number         0  spi.o ABSOLUTE
    ..\\HARDWARE\\POWER\\power.c             0x00000000   Number         0  power.o ABSOLUTE
    ..\\HARDWARE\\STEPPER\\stepper.c         0x00000000   Number         0  stepper.o ABSOLUTE
    ..\\HARDWARE\\TIMER\\timer.c             0x00000000   Number         0  timer.o ABSOLUTE
    ..\\HARDWARE\\USART3\\UART3.c            0x00000000   Number         0  uart3.o ABSOLUTE
    ..\\HARDWARE\\beep\\beep.c               0x00000000   Number         0  beep.o ABSOLUTE
    ..\\HARDWARE\\encode\\encode.c           0x00000000   Number         0  encode.o ABSOLUTE
    ..\\HARDWARE\\key\\key.c                 0x00000000   Number         0  key.o ABSOLUTE
    ..\\HARDWARE\\oled\\oled.c               0x00000000   Number         0  oled.o ABSOLUTE
    ..\\SYSTEM\\delay\\delay.c               0x00000000   Number         0  delay.o ABSOLUTE
    ..\\SYSTEM\\sys\\sys.c                   0x00000000   Number         0  sys.o ABSOLUTE
    dc.s                                     0x00000000   Number         0  dc.o ABSOLUTE
    handlers.s                               0x00000000   Number         0  handlers.o ABSOLUTE
    init.s                                   0x00000000   Number         0  init.o ABSOLUTE
    main.c                                   0x00000000   Number         0  main.o ABSOLUTE
    main.c                                   0x00000000   Number         0  main.o ABSOLUTE
    stm32f4xx_it.c                           0x00000000   Number         0  stm32f4xx_it.o ABSOLUTE
    stm32f4xx_it.c                           0x00000000   Number         0  stm32f4xx_it.o ABSOLUTE
    system_stm32f4xx.c                       0x00000000   Number         0  system_stm32f4xx.o ABSOLUTE
    system_stm32f4xx.c                       0x00000000   Number         0  system_stm32f4xx.o ABSOLUTE
    RESET                                    0x08000000   Section      392  startup_stm32f40_41xxx.o(RESET)
    .ARM.Collect$$$$00000000                 0x08000188   Section        0  entry.o(.ARM.Collect$$$$00000000)
    .ARM.Collect$$$$00000001                 0x08000188   Section        4  entry2.o(.ARM.Collect$$$$00000001)
    .ARM.Collect$$$$00000004                 0x0800018c   Section        4  entry5.o(.ARM.Collect$$$$00000004)
    .ARM.Collect$$$$00000008                 0x08000190   Section        0  entry7b.o(.ARM.Collect$$$$00000008)
    .ARM.Collect$$$$0000000A                 0x08000190   Section        0  entry8b.o(.ARM.Collect$$$$0000000A)
    .ARM.Collect$$$$0000000B                 0x08000190   Section        8  entry9a.o(.ARM.Collect$$$$0000000B)
    .ARM.Collect$$$$0000000D                 0x08000198   Section        0  entry10a.o(.ARM.Collect$$$$0000000D)
    .ARM.Collect$$$$0000000F                 0x08000198   Section        0  entry11a.o(.ARM.Collect$$$$0000000F)
    .ARM.Collect$$$$00002712                 0x08000198   Section        4  entry2.o(.ARM.Collect$$$$00002712)
    __lit__00000000                          0x08000198   Data           4  entry2.o(.ARM.Collect$$$$00002712)
    .text                                    0x0800019c   Section        0  main.o(.text)
    .text                                    0x08000358   Section        0  stm32f4xx_it.o(.text)
    .text                                    0x08000374   Section        0  system_stm32f4xx.o(.text)
    SetSysClock                              0x08000375   Thumb Code   220  system_stm32f4xx.o(.text)
    .text                                    0x08000584   Section       36  startup_stm32f40_41xxx.o(.text)
    $v0                                      0x08000584   Number         0  startup_stm32f40_41xxx.o(.text)
    .text                                    0x080005a8   Section        0  misc.o(.text)
    .text                                    0x08000688   Section        0  stm32f4xx_adc.o(.text)
    .text                                    0x08000aec   Section        0  stm32f4xx_exti.o(.text)
    .text                                    0x08000bfc   Section        0  stm32f4xx_gpio.o(.text)
    .text                                    0x08000e90   Section        0  stm32f4xx_rcc.o(.text)
    .text                                    0x080014ec   Section        0  stm32f4xx_spi.o(.text)
    .text                                    0x0800196c   Section        0  stm32f4xx_syscfg.o(.text)
    .text                                    0x08001a00   Section        0  stm32f4xx_tim.o(.text)
    TI4_Config                               0x0800219f   Thumb Code    80  stm32f4xx_tim.o(.text)
    TI3_Config                               0x08002201   Thumb Code    72  stm32f4xx_tim.o(.text)
    TI2_Config                               0x08002263   Thumb Code    90  stm32f4xx_tim.o(.text)
    TI1_Config                               0x080022cf   Thumb Code    58  stm32f4xx_tim.o(.text)
    .text                                    0x080026a4   Section        0  stm32f4xx_usart.o(.text)
    .text                                    0x08002af8   Section        0  delay.o(.text)
    .text                                    0x08002bfc   Section        0  beep.o(.text)
    .text                                    0x08002c34   Section        0  key.o(.text)
    .text                                    0x08002ce4   Section        0  oled.o(.text)
    .text                                    0x08003950   Section        0  led.o(.text)
    .text                                    0x08003988   Section        0  ec11.o(.text)
    .text                                    0x08003b24   Section        0  power.o(.text)
    Get_Adc                                  0x08003ba1   Thumb Code    44  power.o(.text)
    Get_Adc_Average                          0x08003bcd   Thumb Code    46  power.o(.text)
    .text                                    0x08003d24   Section        0  stepper.o(.text)
    usart_SendCmd                            0x08003d25   Thumb Code    52  stepper.o(.text)
    Smart_Motor_Pos_Run                      0x08003eb1   Thumb Code   128  stepper.o(.text)
    .text                                    0x08004200   Section        0  motor.o(.text)
    .text                                    0x0800439c   Section        0  24l01.o(.text)
    .text                                    0x08004708   Section        0  spi.o(.text)
    .text                                    0x08004820   Section        0  timer.o(.text)
    .text                                    0x0800496c   Section        0  exti.o(.text)
    .text                                    0x08004a64   Section        0  uart3.o(.text)
    .text                                    0x08004bd8   Section        0  encode.o(.text)
    .text                                    0x08004e50   Section        0  limit.o(.text)
    .text                                    0x08004e9c   Section        0  dmul.o(.text)
    .text                                    0x08004f80   Section        0  f2d.o(.text)
    .text                                    0x08004fa6   Section        0  d2f.o(.text)
    .text                                    0x08004fde   Section        0  fepilogue.o(.text)
    .text                                    0x08004fde   Section        0  iusefp.o(.text)
    .text                                    0x0800504c   Section        0  depilogue.o(.text)
    .text                                    0x08005108   Section       36  init.o(.text)
    .text                                    0x0800512c   Section        0  llshl.o(.text)
    .text                                    0x0800514a   Section        0  llushr.o(.text)
    i.__scatterload_copy                     0x0800516a   Section       14  handlers.o(i.__scatterload_copy)
    i.__scatterload_null                     0x08005178   Section        2  handlers.o(i.__scatterload_null)
    i.__scatterload_zeroinit                 0x0800517a   Section       14  handlers.o(i.__scatterload_zeroinit)
    .constdata                               0x08005188   Section     7856  oled.o(.constdata)
    .constdata                               0x08007038   Section       10  24l01.o(.constdata)
    .data                                    0x20000000   Section       24  main.o(.data)
    EC11_A1_Last                             0x20000000   Data           1  main.o(.data)
    EC11_B1_Last                             0x20000001   Data           1  main.o(.data)
    EC11_KEY1_Last                           0x20000002   Data           1  main.o(.data)
    .data                                    0x20000018   Section       20  system_stm32f4xx.o(.data)
    .data                                    0x2000002c   Section       16  stm32f4xx_rcc.o(.data)
    APBAHBPrescTable                         0x2000002c   Data          16  stm32f4xx_rcc.o(.data)
    .data                                    0x2000003c   Section        4  delay.o(.data)
    fac_us                                   0x2000003c   Data           1  delay.o(.data)
    fac_ms                                   0x2000003e   Data           2  delay.o(.data)
    .data                                    0x20000040   Section        2  key.o(.data)
    key_up                                   0x20000041   Data           1  key.o(.data)
    .data                                    0x20000042   Section        4  ec11.o(.data)
    EC11_A1_Last                             0x20000042   Data           1  ec11.o(.data)
    EC11_B1_Last                             0x20000043   Data           1  ec11.o(.data)
    EC11_KEY1_Last                           0x20000044   Data           1  ec11.o(.data)
    .data                                    0x20000046   Section        5  uart3.o(.data)
    .data                                    0x2000004c   Section        8  encode.o(.data)
    .bss                                     0x20000054   Section     1152  oled.o(.bss)
    .bss                                     0x200004d4   Section       33  24l01.o(.bss)
    .bss                                     0x200004f5   Section       10  uart3.o(.bss)
    .bss                                     0x20000500   Section       40  encode.o(.bss)
    STACK                                    0x20000528   Section     1024  startup_stm32f40_41xxx.o(STACK)

    Global Symbols

    Symbol Name                              Value     Ov Type        Size  Object(Section)

    BuildAttributes$$THM_ISAv4$E$P$D$K$B$S$7EM$VFPi3$EXTD16$VFPS$VFMA$PE$A:L22UL41UL21$X:L11$S22US41US21$IEEE1$IW$USESV6$~STKCKD$USESV7$~SHL$OTIME$ROPI$EBA8$MICROLIB$REQ8$PRES8$EABIv2 0x00000000   Number         0  anon$$obj.o ABSOLUTE
    __ARM_use_no_argv                        0x00000000   Number         0  main.o ABSOLUTE
    __cpp_initialize__aeabi_                  - Undefined Weak Reference
    __cxa_finalize                            - Undefined Weak Reference
    __decompress                              - Undefined Weak Reference
    _clock_init                               - Undefined Weak Reference
    _microlib_exit                            - Undefined Weak Reference
    __Vectors_Size                           0x00000188   Number         0  startup_stm32f40_41xxx.o ABSOLUTE
    __Vectors                                0x08000000   Data           4  startup_stm32f40_41xxx.o(RESET)
    __Vectors_End                            0x08000188   Data           0  startup_stm32f40_41xxx.o(RESET)
    __main                                   0x08000189   Thumb Code     0  entry.o(.ARM.Collect$$$$00000000)
    _main_stk                                0x08000189   Thumb Code     0  entry2.o(.ARM.Collect$$$$00000001)
    _main_scatterload                        0x0800018d   Thumb Code     0  entry5.o(.ARM.Collect$$$$00000004)
    __main_after_scatterload                 0x08000191   Thumb Code     0  entry5.o(.ARM.Collect$$$$00000004)
    _main_clock                              0x08000191   Thumb Code     0  entry7b.o(.ARM.Collect$$$$00000008)
    _main_cpp_init                           0x08000191   Thumb Code     0  entry8b.o(.ARM.Collect$$$$0000000A)
    _main_init                               0x08000191   Thumb Code     0  entry9a.o(.ARM.Collect$$$$0000000B)
    __rt_final_cpp                           0x08000199   Thumb Code     0  entry10a.o(.ARM.Collect$$$$0000000D)
    __rt_final_exit                          0x08000199   Thumb Code     0  entry11a.o(.ARM.Collect$$$$0000000F)
    main                                     0x0800019d   Thumb Code   410  main.o(.text)
    NMI_Handler                              0x08000359   Thumb Code     2  stm32f4xx_it.o(.text)
    HardFault_Handler                        0x0800035b   Thumb Code     4  stm32f4xx_it.o(.text)
    MemManage_Handler                        0x0800035f   Thumb Code     4  stm32f4xx_it.o(.text)
    BusFault_Handler                         0x08000363   Thumb Code     4  stm32f4xx_it.o(.text)
    UsageFault_Handler                       0x08000367   Thumb Code     4  stm32f4xx_it.o(.text)
    SVC_Handler                              0x0800036b   Thumb Code     2  stm32f4xx_it.o(.text)
    DebugMon_Handler                         0x0800036d   Thumb Code     2  stm32f4xx_it.o(.text)
    PendSV_Handler                           0x0800036f   Thumb Code     2  stm32f4xx_it.o(.text)
    SysTick_Handler                          0x08000371   Thumb Code     2  stm32f4xx_it.o(.text)
    SystemInit                               0x08000451   Thumb Code    88  system_stm32f4xx.o(.text)
    SystemCoreClockUpdate                    0x080004a9   Thumb Code   174  system_stm32f4xx.o(.text)
    Reset_Handler                            0x08000585   Thumb Code     8  startup_stm32f40_41xxx.o(.text)
    ADC_IRQHandler                           0x0800059f   Thumb Code     0  startup_stm32f40_41xxx.o(.text)
    CAN1_RX0_IRQHandler                      0x0800059f   Thumb Code     0  startup_stm32f40_41xxx.o(.text)
    CAN1_RX1_IRQHandler                      0x0800059f   Thumb Code     0  startup_stm32f40_41xxx.o(.text)
    CAN1_SCE_IRQHandler                      0x0800059f   Thumb Code     0  startup_stm32f40_41xxx.o(.text)
    CAN1_TX_IRQHandler                       0x0800059f   Thumb Code     0  startup_stm32f40_41xxx.o(.text)
    CAN2_RX0_IRQHandler                      0x0800059f   Thumb Code     0  startup_stm32f40_41xxx.o(.text)
    CAN2_RX1_IRQHandler                      0x0800059f   Thumb Code     0  startup_stm32f40_41xxx.o(.text)
    CAN2_SCE_IRQHandler                      0x0800059f   Thumb Code     0  startup_stm32f40_41xxx.o(.text)
    CAN2_TX_IRQHandler                       0x0800059f   Thumb Code     0  startup_stm32f40_41xxx.o(.text)
    CRYP_IRQHandler                          0x0800059f   Thumb Code     0  startup_stm32f40_41xxx.o(.text)
    DCMI_IRQHandler                          0x0800059f   Thumb Code     0  startup_stm32f40_41xxx.o(.text)
    DMA1_Stream0_IRQHandler                  0x0800059f   Thumb Code     0  startup_stm32f40_41xxx.o(.text)
    DMA1_Stream1_IRQHandler                  0x0800059f   Thumb Code     0  startup_stm32f40_41xxx.o(.text)
    DMA1_Stream2_IRQHandler                  0x0800059f   Thumb Code     0  startup_stm32f40_41xxx.o(.text)
    DMA1_Stream3_IRQHandler                  0x0800059f   Thumb Code     0  startup_stm32f40_41xxx.o(.text)
    DMA1_Stream4_IRQHandler                  0x0800059f   Thumb Code     0  startup_stm32f40_41xxx.o(.text)
    DMA1_Stream5_IRQHandler                  0x0800059f   Thumb Code     0  startup_stm32f40_41xxx.o(.text)
    DMA1_Stream6_IRQHandler                  0x0800059f   Thumb Code     0  startup_stm32f40_41xxx.o(.text)
    DMA1_Stream7_IRQHandler                  0x0800059f   Thumb Code     0  startup_stm32f40_41xxx.o(.text)
    DMA2_Stream0_IRQHandler                  0x0800059f   Thumb Code     0  startup_stm32f40_41xxx.o(.text)
    DMA2_Stream1_IRQHandler                  0x0800059f   Thumb Code     0  startup_stm32f40_41xxx.o(.text)
    DMA2_Stream2_IRQHandler                  0x0800059f   Thumb Code     0  startup_stm32f40_41xxx.o(.text)
    DMA2_Stream3_IRQHandler                  0x0800059f   Thumb Code     0  startup_stm32f40_41xxx.o(.text)
    DMA2_Stream4_IRQHandler                  0x0800059f   Thumb Code     0  startup_stm32f40_41xxx.o(.text)
    DMA2_Stream5_IRQHandler                  0x0800059f   Thumb Code     0  startup_stm32f40_41xxx.o(.text)
    DMA2_Stream6_IRQHandler                  0x0800059f   Thumb Code     0  startup_stm32f40_41xxx.o(.text)
    DMA2_Stream7_IRQHandler                  0x0800059f   Thumb Code     0  startup_stm32f40_41xxx.o(.text)
    ETH_IRQHandler                           0x0800059f   Thumb Code     0  startup_stm32f40_41xxx.o(.text)
    ETH_WKUP_IRQHandler                      0x0800059f   Thumb Code     0  startup_stm32f40_41xxx.o(.text)
    EXTI0_IRQHandler                         0x0800059f   Thumb Code     0  startup_stm32f40_41xxx.o(.text)
    EXTI1_IRQHandler                         0x0800059f   Thumb Code     0  startup_stm32f40_41xxx.o(.text)
    EXTI2_IRQHandler                         0x0800059f   Thumb Code     0  startup_stm32f40_41xxx.o(.text)
    EXTI3_IRQHandler                         0x0800059f   Thumb Code     0  startup_stm32f40_41xxx.o(.text)
    EXTI4_IRQHandler                         0x0800059f   Thumb Code     0  startup_stm32f40_41xxx.o(.text)
    FLASH_IRQHandler                         0x0800059f   Thumb Code     0  startup_stm32f40_41xxx.o(.text)
    FPU_IRQHandler                           0x0800059f   Thumb Code     0  startup_stm32f40_41xxx.o(.text)
    FSMC_IRQHandler                          0x0800059f   Thumb Code     0  startup_stm32f40_41xxx.o(.text)
    HASH_RNG_IRQHandler                      0x0800059f   Thumb Code     0  startup_stm32f40_41xxx.o(.text)
    I2C1_ER_IRQHandler                       0x0800059f   Thumb Code     0  startup_stm32f40_41xxx.o(.text)
    I2C1_EV_IRQHandler                       0x0800059f   Thumb Code     0  startup_stm32f40_41xxx.o(.text)
    I2C2_ER_IRQHandler                       0x0800059f   Thumb Code     0  startup_stm32f40_41xxx.o(.text)
    I2C2_EV_IRQHandler                       0x0800059f   Thumb Code     0  startup_stm32f40_41xxx.o(.text)
    I2C3_ER_IRQHandler                       0x0800059f   Thumb Code     0  startup_stm32f40_41xxx.o(.text)
    I2C3_EV_IRQHandler                       0x0800059f   Thumb Code     0  startup_stm32f40_41xxx.o(.text)
    OTG_FS_IRQHandler                        0x0800059f   Thumb Code     0  startup_stm32f40_41xxx.o(.text)
    OTG_FS_WKUP_IRQHandler                   0x0800059f   Thumb Code     0  startup_stm32f40_41xxx.o(.text)
    OTG_HS_EP1_IN_IRQHandler                 0x0800059f   Thumb Code     0  startup_stm32f40_41xxx.o(.text)
    OTG_HS_EP1_OUT_IRQHandler                0x0800059f   Thumb Code     0  startup_stm32f40_41xxx.o(.text)
    OTG_HS_IRQHandler                        0x0800059f   Thumb Code     0  startup_stm32f40_41xxx.o(.text)
    OTG_HS_WKUP_IRQHandler                   0x0800059f   Thumb Code     0  startup_stm32f40_41xxx.o(.text)
    PVD_IRQHandler                           0x0800059f   Thumb Code     0  startup_stm32f40_41xxx.o(.text)
    RCC_IRQHandler                           0x0800059f   Thumb Code     0  startup_stm32f40_41xxx.o(.text)
    RTC_Alarm_IRQHandler                     0x0800059f   Thumb Code     0  startup_stm32f40_41xxx.o(.text)
    RTC_WKUP_IRQHandler                      0x0800059f   Thumb Code     0  startup_stm32f40_41xxx.o(.text)
    SDIO_IRQHandler                          0x0800059f   Thumb Code     0  startup_stm32f40_41xxx.o(.text)
    SPI1_IRQHandler                          0x0800059f   Thumb Code     0  startup_stm32f40_41xxx.o(.text)
    SPI2_IRQHandler                          0x0800059f   Thumb Code     0  startup_stm32f40_41xxx.o(.text)
    SPI3_IRQHandler                          0x0800059f   Thumb Code     0  startup_stm32f40_41xxx.o(.text)
    TAMP_STAMP_IRQHandler                    0x0800059f   Thumb Code     0  startup_stm32f40_41xxx.o(.text)
    TIM1_BRK_TIM9_IRQHandler                 0x0800059f   Thumb Code     0  startup_stm32f40_41xxx.o(.text)
    TIM1_CC_IRQHandler                       0x0800059f   Thumb Code     0  startup_stm32f40_41xxx.o(.text)
    TIM1_TRG_COM_TIM11_IRQHandler            0x0800059f   Thumb Code     0  startup_stm32f40_41xxx.o(.text)
    TIM1_UP_TIM10_IRQHandler                 0x0800059f   Thumb Code     0  startup_stm32f40_41xxx.o(.text)
    TIM2_IRQHandler                          0x0800059f   Thumb Code     0  startup_stm32f40_41xxx.o(.text)
    TIM3_IRQHandler                          0x0800059f   Thumb Code     0  startup_stm32f40_41xxx.o(.text)
    TIM4_IRQHandler                          0x0800059f   Thumb Code     0  startup_stm32f40_41xxx.o(.text)
    TIM5_IRQHandler                          0x0800059f   Thumb Code     0  startup_stm32f40_41xxx.o(.text)
    TIM8_BRK_TIM12_IRQHandler                0x0800059f   Thumb Code     0  startup_stm32f40_41xxx.o(.text)
    TIM8_CC_IRQHandler                       0x0800059f   Thumb Code     0  startup_stm32f40_41xxx.o(.text)
    TIM8_TRG_COM_TIM14_IRQHandler            0x0800059f   Thumb Code     0  startup_stm32f40_41xxx.o(.text)
    TIM8_UP_TIM13_IRQHandler                 0x0800059f   Thumb Code     0  startup_stm32f40_41xxx.o(.text)
    UART4_IRQHandler                         0x0800059f   Thumb Code     0  startup_stm32f40_41xxx.o(.text)
    UART5_IRQHandler                         0x0800059f   Thumb Code     0  startup_stm32f40_41xxx.o(.text)
    USART1_IRQHandler                        0x0800059f   Thumb Code     0  startup_stm32f40_41xxx.o(.text)
    USART2_IRQHandler                        0x0800059f   Thumb Code     0  startup_stm32f40_41xxx.o(.text)
    USART6_IRQHandler                        0x0800059f   Thumb Code     0  startup_stm32f40_41xxx.o(.text)
    WWDG_IRQHandler                          0x0800059f   Thumb Code     0  startup_stm32f40_41xxx.o(.text)
    NVIC_PriorityGroupConfig                 0x080005a9   Thumb Code    10  misc.o(.text)
    NVIC_Init                                0x080005b3   Thumb Code   106  misc.o(.text)
    NVIC_SetVectorTable                      0x0800061d   Thumb Code    14  misc.o(.text)
    NVIC_SystemLPConfig                      0x0800062b   Thumb Code    34  misc.o(.text)
    SysTick_CLKSourceConfig                  0x0800064d   Thumb Code    40  misc.o(.text)
    ADC_DeInit                               0x08000689   Thumb Code    22  stm32f4xx_adc.o(.text)
    ADC_Init                                 0x0800069f   Thumb Code    74  stm32f4xx_adc.o(.text)
    ADC_StructInit                           0x080006e9   Thumb Code    20  stm32f4xx_adc.o(.text)
    ADC_CommonInit                           0x080006fd   Thumb Code    34  stm32f4xx_adc.o(.text)
    ADC_CommonStructInit                     0x0800071f   Thumb Code    12  stm32f4xx_adc.o(.text)
    ADC_Cmd                                  0x0800072b   Thumb Code    22  stm32f4xx_adc.o(.text)
    ADC_AnalogWatchdogCmd                    0x08000741   Thumb Code    16  stm32f4xx_adc.o(.text)
    ADC_AnalogWatchdogThresholdsConfig       0x08000751   Thumb Code     6  stm32f4xx_adc.o(.text)
    ADC_AnalogWatchdogSingleChannelConfig    0x08000757   Thumb Code    16  stm32f4xx_adc.o(.text)
    ADC_TempSensorVrefintCmd                 0x08000767   Thumb Code    34  stm32f4xx_adc.o(.text)
    ADC_VBATCmd                              0x08000789   Thumb Code    34  stm32f4xx_adc.o(.text)
    ADC_RegularChannelConfig                 0x080007ab   Thumb Code   184  stm32f4xx_adc.o(.text)
    ADC_SoftwareStartConv                    0x08000863   Thumb Code    10  stm32f4xx_adc.o(.text)
    ADC_GetSoftwareStartConvStatus           0x0800086d   Thumb Code    20  stm32f4xx_adc.o(.text)
    ADC_EOCOnEachRegularChannelCmd           0x08000881   Thumb Code    22  stm32f4xx_adc.o(.text)
    ADC_ContinuousModeCmd                    0x08000897   Thumb Code    22  stm32f4xx_adc.o(.text)
    ADC_DiscModeChannelCountConfig           0x080008ad   Thumb Code    24  stm32f4xx_adc.o(.text)
    ADC_DiscModeCmd                          0x080008c5   Thumb Code    22  stm32f4xx_adc.o(.text)
    ADC_GetConversionValue                   0x080008db   Thumb Code     8  stm32f4xx_adc.o(.text)
    ADC_GetMultiModeConversionValue          0x080008e3   Thumb Code     8  stm32f4xx_adc.o(.text)
    ADC_DMACmd                               0x080008eb   Thumb Code    22  stm32f4xx_adc.o(.text)
    ADC_DMARequestAfterLastTransferCmd       0x08000901   Thumb Code    22  stm32f4xx_adc.o(.text)
    ADC_MultiModeDMARequestAfterLastTransferCmd 0x08000917   Thumb Code    34  stm32f4xx_adc.o(.text)
    ADC_InjectedChannelConfig                0x08000939   Thumb Code   130  stm32f4xx_adc.o(.text)
    ADC_InjectedSequencerLengthConfig        0x080009bb   Thumb Code    24  stm32f4xx_adc.o(.text)
    ADC_SetInjectedOffset                    0x080009d3   Thumb Code    20  stm32f4xx_adc.o(.text)
    ADC_ExternalTrigInjectedConvConfig       0x080009e7   Thumb Code    16  stm32f4xx_adc.o(.text)
    ADC_ExternalTrigInjectedConvEdgeConfig   0x080009f7   Thumb Code    16  stm32f4xx_adc.o(.text)
    ADC_SoftwareStartInjectedConv            0x08000a07   Thumb Code    10  stm32f4xx_adc.o(.text)
    ADC_GetSoftwareStartInjectedConvCmdStatus 0x08000a11   Thumb Code    20  stm32f4xx_adc.o(.text)
    ADC_AutoInjectedConvCmd                  0x08000a25   Thumb Code    22  stm32f4xx_adc.o(.text)
    ADC_InjectedDiscModeCmd                  0x08000a3b   Thumb Code    22  stm32f4xx_adc.o(.text)
    ADC_GetInjectedConversionValue           0x08000a51   Thumb Code    28  stm32f4xx_adc.o(.text)
    ADC_ITConfig                             0x08000a6d   Thumb Code    56  stm32f4xx_adc.o(.text)
    ADC_GetFlagStatus                        0x08000aa5   Thumb Code    18  stm32f4xx_adc.o(.text)
    ADC_ClearFlag                            0x08000ab7   Thumb Code     6  stm32f4xx_adc.o(.text)
    ADC_GetITStatus                          0x08000abd   Thumb Code    38  stm32f4xx_adc.o(.text)
    ADC_ClearITPendingBit                    0x08000ae3   Thumb Code    10  stm32f4xx_adc.o(.text)
    EXTI_DeInit                              0x08000aed   Thumb Code    28  stm32f4xx_exti.o(.text)
    EXTI_Init                                0x08000b09   Thumb Code   142  stm32f4xx_exti.o(.text)
    EXTI_StructInit                          0x08000b97   Thumb Code    16  stm32f4xx_exti.o(.text)
    EXTI_GenerateSWInterrupt                 0x08000ba7   Thumb Code    16  stm32f4xx_exti.o(.text)
    EXTI_GetFlagStatus                       0x08000bb7   Thumb Code    22  stm32f4xx_exti.o(.text)
    EXTI_ClearFlag                           0x08000bcd   Thumb Code     8  stm32f4xx_exti.o(.text)
    EXTI_GetITStatus                         0x08000bd5   Thumb Code    22  stm32f4xx_exti.o(.text)
    EXTI_ClearITPendingBit                   0x08000beb   Thumb Code     8  stm32f4xx_exti.o(.text)
    GPIO_DeInit                              0x08000bfd   Thumb Code   268  stm32f4xx_gpio.o(.text)
    GPIO_Init                                0x08000d09   Thumb Code   144  stm32f4xx_gpio.o(.text)
    GPIO_StructInit                          0x08000d99   Thumb Code    18  stm32f4xx_gpio.o(.text)
    GPIO_PinLockConfig                       0x08000dab   Thumb Code    34  stm32f4xx_gpio.o(.text)
    GPIO_ReadInputDataBit                    0x08000dcd   Thumb Code    18  stm32f4xx_gpio.o(.text)
    GPIO_ReadInputData                       0x08000ddf   Thumb Code     8  stm32f4xx_gpio.o(.text)
    GPIO_ReadOutputDataBit                   0x08000de7   Thumb Code    18  stm32f4xx_gpio.o(.text)
    GPIO_ReadOutputData                      0x08000df9   Thumb Code     8  stm32f4xx_gpio.o(.text)
    GPIO_SetBits                             0x08000e01   Thumb Code     4  stm32f4xx_gpio.o(.text)
    GPIO_ResetBits                           0x08000e05   Thumb Code     4  stm32f4xx_gpio.o(.text)
    GPIO_WriteBit                            0x08000e09   Thumb Code    10  stm32f4xx_gpio.o(.text)
    GPIO_Write                               0x08000e13   Thumb Code     4  stm32f4xx_gpio.o(.text)
    GPIO_ToggleBits                          0x08000e17   Thumb Code     8  stm32f4xx_gpio.o(.text)
    GPIO_PinAFConfig                         0x08000e1f   Thumb Code    70  stm32f4xx_gpio.o(.text)
    RCC_DeInit                               0x08000e91   Thumb Code    82  stm32f4xx_rcc.o(.text)
    RCC_HSEConfig                            0x08000ee3   Thumb Code    14  stm32f4xx_rcc.o(.text)
    RCC_GetFlagStatus                        0x08000ef1   Thumb Code    60  stm32f4xx_rcc.o(.text)
    RCC_WaitForHSEStartUp                    0x08000f2d   Thumb Code    56  stm32f4xx_rcc.o(.text)
    RCC_AdjustHSICalibrationValue            0x08000f65   Thumb Code    20  stm32f4xx_rcc.o(.text)
    RCC_HSICmd                               0x08000f79   Thumb Code     6  stm32f4xx_rcc.o(.text)
    RCC_LSEConfig                            0x08000f7f   Thumb Code    46  stm32f4xx_rcc.o(.text)
    RCC_LSICmd                               0x08000fad   Thumb Code     6  stm32f4xx_rcc.o(.text)
    RCC_PLLConfig                            0x08000fb3   Thumb Code    32  stm32f4xx_rcc.o(.text)
    RCC_PLLCmd                               0x08000fd3   Thumb Code     6  stm32f4xx_rcc.o(.text)
    RCC_PLLI2SConfig                         0x08000fd9   Thumb Code    14  stm32f4xx_rcc.o(.text)
    RCC_PLLI2SCmd                            0x08000fe7   Thumb Code     6  stm32f4xx_rcc.o(.text)
    RCC_PLLSAIConfig                         0x08000fed   Thumb Code    20  stm32f4xx_rcc.o(.text)
    RCC_PLLSAICmd                            0x08001001   Thumb Code     6  stm32f4xx_rcc.o(.text)
    RCC_ClockSecuritySystemCmd               0x08001007   Thumb Code     6  stm32f4xx_rcc.o(.text)
    RCC_MCO1Config                           0x0800100d   Thumb Code    28  stm32f4xx_rcc.o(.text)
    RCC_MCO2Config                           0x08001029   Thumb Code    28  stm32f4xx_rcc.o(.text)
    RCC_SYSCLKConfig                         0x08001045   Thumb Code    20  stm32f4xx_rcc.o(.text)
    RCC_GetSYSCLKSource                      0x08001059   Thumb Code    12  stm32f4xx_rcc.o(.text)
    RCC_HCLKConfig                           0x08001065   Thumb Code    20  stm32f4xx_rcc.o(.text)
    RCC_PCLK1Config                          0x08001079   Thumb Code    20  stm32f4xx_rcc.o(.text)
    RCC_PCLK2Config                          0x0800108d   Thumb Code    22  stm32f4xx_rcc.o(.text)
    RCC_GetClocksFreq                        0x080010a3   Thumb Code   222  stm32f4xx_rcc.o(.text)
    RCC_RTCCLKConfig                         0x08001181   Thumb Code    54  stm32f4xx_rcc.o(.text)
    RCC_RTCCLKCmd                            0x080011b7   Thumb Code     8  stm32f4xx_rcc.o(.text)
    RCC_BackupResetCmd                       0x080011bf   Thumb Code     8  stm32f4xx_rcc.o(.text)
    RCC_I2SCLKConfig                         0x080011c7   Thumb Code     6  stm32f4xx_rcc.o(.text)
    RCC_SAIPLLI2SClkDivConfig                0x080011cd   Thumb Code    26  stm32f4xx_rcc.o(.text)
    RCC_SAIPLLSAIClkDivConfig                0x080011e7   Thumb Code    28  stm32f4xx_rcc.o(.text)
    RCC_SAIBlockACLKConfig                   0x08001203   Thumb Code    20  stm32f4xx_rcc.o(.text)
    RCC_SAIBlockBCLKConfig                   0x08001217   Thumb Code    20  stm32f4xx_rcc.o(.text)
    RCC_LTDCCLKDivConfig                     0x0800122b   Thumb Code    20  stm32f4xx_rcc.o(.text)
    RCC_TIMCLKPresConfig                     0x0800123f   Thumb Code     6  stm32f4xx_rcc.o(.text)
    RCC_AHB1PeriphClockCmd                   0x08001245   Thumb Code    34  stm32f4xx_rcc.o(.text)
    RCC_AHB2PeriphClockCmd                   0x08001267   Thumb Code    78  stm32f4xx_rcc.o(.text)
    RCC_AHB3PeriphClockCmd                   0x080012b5   Thumb Code    34  stm32f4xx_rcc.o(.text)
    RCC_APB1PeriphClockCmd                   0x080012d7   Thumb Code    34  stm32f4xx_rcc.o(.text)
    RCC_APB2PeriphClockCmd                   0x080012f9   Thumb Code    34  stm32f4xx_rcc.o(.text)
    RCC_AHB1PeriphResetCmd                   0x0800131b   Thumb Code    34  stm32f4xx_rcc.o(.text)
    RCC_AHB2PeriphResetCmd                   0x0800133d   Thumb Code    34  stm32f4xx_rcc.o(.text)
    RCC_AHB3PeriphResetCmd                   0x0800135f   Thumb Code    34  stm32f4xx_rcc.o(.text)
    RCC_APB1PeriphResetCmd                   0x08001381   Thumb Code    34  stm32f4xx_rcc.o(.text)
    RCC_APB2PeriphResetCmd                   0x080013a3   Thumb Code    34  stm32f4xx_rcc.o(.text)
    RCC_AHB1PeriphClockLPModeCmd             0x080013c5   Thumb Code    34  stm32f4xx_rcc.o(.text)
    RCC_AHB2PeriphClockLPModeCmd             0x080013e7   Thumb Code    34  stm32f4xx_rcc.o(.text)
    RCC_AHB3PeriphClockLPModeCmd             0x08001409   Thumb Code    34  stm32f4xx_rcc.o(.text)
    RCC_APB1PeriphClockLPModeCmd             0x0800142b   Thumb Code    34  stm32f4xx_rcc.o(.text)
    RCC_APB2PeriphClockLPModeCmd             0x0800144d   Thumb Code    34  stm32f4xx_rcc.o(.text)
    RCC_LSEModeConfig                        0x0800146f   Thumb Code    40  stm32f4xx_rcc.o(.text)
    RCC_ITConfig                             0x08001497   Thumb Code    34  stm32f4xx_rcc.o(.text)
    RCC_ClearFlag                            0x080014b9   Thumb Code    18  stm32f4xx_rcc.o(.text)
    RCC_GetITStatus                          0x080014cb   Thumb Code    22  stm32f4xx_rcc.o(.text)
    RCC_ClearITPendingBit                    0x080014e1   Thumb Code     8  stm32f4xx_rcc.o(.text)
    SPI_I2S_DeInit                           0x080014ed   Thumb Code   152  stm32f4xx_spi.o(.text)
    SPI_Init                                 0x08001585   Thumb Code    60  stm32f4xx_spi.o(.text)
    I2S_Init                                 0x080015c1   Thumb Code   396  stm32f4xx_spi.o(.text)
    SPI_StructInit                           0x0800174d   Thumb Code    24  stm32f4xx_spi.o(.text)
    I2S_StructInit                           0x08001765   Thumb Code    20  stm32f4xx_spi.o(.text)
    SPI_Cmd                                  0x08001779   Thumb Code    24  stm32f4xx_spi.o(.text)
    I2S_Cmd                                  0x08001791   Thumb Code    24  stm32f4xx_spi.o(.text)
    SPI_DataSizeConfig                       0x080017a9   Thumb Code    18  stm32f4xx_spi.o(.text)
    SPI_BiDirectionalLineConfig              0x080017bb   Thumb Code    28  stm32f4xx_spi.o(.text)
    SPI_NSSInternalSoftwareConfig            0x080017d7   Thumb Code    30  stm32f4xx_spi.o(.text)
    SPI_SSOutputCmd                          0x080017f5   Thumb Code    24  stm32f4xx_spi.o(.text)
    SPI_TIModeCmd                            0x0800180d   Thumb Code    24  stm32f4xx_spi.o(.text)
    I2S_FullDuplexConfig                     0x08001825   Thumb Code    80  stm32f4xx_spi.o(.text)
    SPI_I2S_ReceiveData                      0x08001875   Thumb Code     6  stm32f4xx_spi.o(.text)
    SPI_I2S_SendData                         0x0800187b   Thumb Code     4  stm32f4xx_spi.o(.text)
    SPI_CalculateCRC                         0x0800187f   Thumb Code    24  stm32f4xx_spi.o(.text)
    SPI_TransmitCRC                          0x08001897   Thumb Code    10  stm32f4xx_spi.o(.text)
    SPI_GetCRC                               0x080018a1   Thumb Code    16  stm32f4xx_spi.o(.text)
    SPI_GetCRCPolynomial                     0x080018b1   Thumb Code     6  stm32f4xx_spi.o(.text)
    SPI_I2S_DMACmd                           0x080018b7   Thumb Code    18  stm32f4xx_spi.o(.text)
    SPI_I2S_ITConfig                         0x080018c9   Thumb Code    68  stm32f4xx_spi.o(.text)
    SPI_I2S_GetFlagStatus                    0x0800190d   Thumb Code    18  stm32f4xx_spi.o(.text)
    SPI_I2S_ClearFlag                        0x0800191f   Thumb Code     6  stm32f4xx_spi.o(.text)
    SPI_I2S_GetITStatus                      0x08001925   Thumb Code    52  stm32f4xx_spi.o(.text)
    SPI_I2S_ClearITPendingBit                0x08001959   Thumb Code    20  stm32f4xx_spi.o(.text)
    SYSCFG_DeInit                            0x0800196d   Thumb Code    22  stm32f4xx_syscfg.o(.text)
    SYSCFG_MemoryRemapConfig                 0x08001983   Thumb Code     6  stm32f4xx_syscfg.o(.text)
    SYSCFG_MemorySwappingBank                0x08001989   Thumb Code     6  stm32f4xx_syscfg.o(.text)
    SYSCFG_EXTILineConfig                    0x0800198f   Thumb Code    66  stm32f4xx_syscfg.o(.text)
    SYSCFG_ETH_MediaInterfaceConfig          0x080019d1   Thumb Code     8  stm32f4xx_syscfg.o(.text)
    SYSCFG_CompensationCellCmd               0x080019d9   Thumb Code     6  stm32f4xx_syscfg.o(.text)
    SYSCFG_GetCompensationCellStatus         0x080019df   Thumb Code    22  stm32f4xx_syscfg.o(.text)
    TIM_DeInit                               0x08001a01   Thumb Code   346  stm32f4xx_tim.o(.text)
    TIM_TimeBaseInit                         0x08001b5b   Thumb Code   104  stm32f4xx_tim.o(.text)
    TIM_TimeBaseStructInit                   0x08001bc3   Thumb Code    18  stm32f4xx_tim.o(.text)
    TIM_PrescalerConfig                      0x08001bd5   Thumb Code     6  stm32f4xx_tim.o(.text)
    TIM_CounterModeConfig                    0x08001bdb   Thumb Code    18  stm32f4xx_tim.o(.text)
    TIM_SetCounter                           0x08001bed   Thumb Code     4  stm32f4xx_tim.o(.text)
    TIM_SetAutoreload                        0x08001bf1   Thumb Code     4  stm32f4xx_tim.o(.text)
    TIM_GetCounter                           0x08001bf5   Thumb Code     6  stm32f4xx_tim.o(.text)
    TIM_GetPrescaler                         0x08001bfb   Thumb Code     6  stm32f4xx_tim.o(.text)
    TIM_UpdateDisableConfig                  0x08001c01   Thumb Code    24  stm32f4xx_tim.o(.text)
    TIM_UpdateRequestConfig                  0x08001c19   Thumb Code    24  stm32f4xx_tim.o(.text)
    TIM_ARRPreloadConfig                     0x08001c31   Thumb Code    24  stm32f4xx_tim.o(.text)
    TIM_SelectOnePulseMode                   0x08001c49   Thumb Code    18  stm32f4xx_tim.o(.text)
    TIM_SetClockDivision                     0x08001c5b   Thumb Code    18  stm32f4xx_tim.o(.text)
    TIM_Cmd                                  0x08001c6d   Thumb Code    24  stm32f4xx_tim.o(.text)
    TIM_OC1Init                              0x08001c85   Thumb Code   114  stm32f4xx_tim.o(.text)
    TIM_OC2Init                              0x08001cf7   Thumb Code   154  stm32f4xx_tim.o(.text)
    TIM_OC3Init                              0x08001d91   Thumb Code   204  stm32f4xx_tim.o(.text)
    TIM_OC4Init                              0x08001e5d   Thumb Code   112  stm32f4xx_tim.o(.text)
    TIM_OCStructInit                         0x08001ecd   Thumb Code    20  stm32f4xx_tim.o(.text)
    TIM_SelectOCxM                           0x08001ee1   Thumb Code    86  stm32f4xx_tim.o(.text)
    TIM_SetCompare1                          0x08001f37   Thumb Code     4  stm32f4xx_tim.o(.text)
    TIM_SetCompare2                          0x08001f3b   Thumb Code     4  stm32f4xx_tim.o(.text)
    TIM_SetCompare3                          0x08001f3f   Thumb Code     4  stm32f4xx_tim.o(.text)
    TIM_SetCompare4                          0x08001f43   Thumb Code     4  stm32f4xx_tim.o(.text)
    TIM_ForcedOC1Config                      0x08001f47   Thumb Code    18  stm32f4xx_tim.o(.text)
    TIM_ForcedOC2Config                      0x08001f59   Thumb Code    26  stm32f4xx_tim.o(.text)
    TIM_ForcedOC3Config                      0x08001f73   Thumb Code    18  stm32f4xx_tim.o(.text)
    TIM_ForcedOC4Config                      0x08001f85   Thumb Code    26  stm32f4xx_tim.o(.text)
    TIM_OC1PreloadConfig                     0x08001f9f   Thumb Code    18  stm32f4xx_tim.o(.text)
    TIM_OC2PreloadConfig                     0x08001fb1   Thumb Code    26  stm32f4xx_tim.o(.text)
    TIM_OC3PreloadConfig                     0x08001fcb   Thumb Code    18  stm32f4xx_tim.o(.text)
    TIM_OC4PreloadConfig                     0x08001fdd   Thumb Code    26  stm32f4xx_tim.o(.text)
    TIM_OC1FastConfig                        0x08001ff7   Thumb Code    18  stm32f4xx_tim.o(.text)
    TIM_OC2FastConfig                        0x08002009   Thumb Code    26  stm32f4xx_tim.o(.text)
    TIM_OC3FastConfig                        0x08002023   Thumb Code    18  stm32f4xx_tim.o(.text)
    TIM_OC4FastConfig                        0x08002035   Thumb Code    26  stm32f4xx_tim.o(.text)
    TIM_ClearOC1Ref                          0x0800204f   Thumb Code    18  stm32f4xx_tim.o(.text)
    TIM_ClearOC2Ref                          0x08002061   Thumb Code    24  stm32f4xx_tim.o(.text)
    TIM_ClearOC3Ref                          0x08002079   Thumb Code    18  stm32f4xx_tim.o(.text)
    TIM_ClearOC4Ref                          0x0800208b   Thumb Code    24  stm32f4xx_tim.o(.text)
    TIM_OC1PolarityConfig                    0x080020a3   Thumb Code    18  stm32f4xx_tim.o(.text)
    TIM_OC1NPolarityConfig                   0x080020b5   Thumb Code    18  stm32f4xx_tim.o(.text)
    TIM_OC2PolarityConfig                    0x080020c7   Thumb Code    26  stm32f4xx_tim.o(.text)
    TIM_OC2NPolarityConfig                   0x080020e1   Thumb Code    26  stm32f4xx_tim.o(.text)
    TIM_OC3PolarityConfig                    0x080020fb   Thumb Code    26  stm32f4xx_tim.o(.text)
    TIM_OC3NPolarityConfig                   0x08002115   Thumb Code    26  stm32f4xx_tim.o(.text)
    TIM_OC4PolarityConfig                    0x0800212f   Thumb Code    26  stm32f4xx_tim.o(.text)
    TIM_CCxCmd                               0x08002149   Thumb Code    30  stm32f4xx_tim.o(.text)
    TIM_CCxNCmd                              0x08002167   Thumb Code    30  stm32f4xx_tim.o(.text)
    TIM_SetIC4Prescaler                      0x08002185   Thumb Code    26  stm32f4xx_tim.o(.text)
    TIM_SetIC3Prescaler                      0x080021ef   Thumb Code    18  stm32f4xx_tim.o(.text)
    TIM_SetIC2Prescaler                      0x08002249   Thumb Code    26  stm32f4xx_tim.o(.text)
    TIM_SetIC1Prescaler                      0x080022bd   Thumb Code    18  stm32f4xx_tim.o(.text)
    TIM_ICInit                               0x08002309   Thumb Code   110  stm32f4xx_tim.o(.text)
    TIM_ICStructInit                         0x08002377   Thumb Code    18  stm32f4xx_tim.o(.text)
    TIM_PWMIConfig                           0x08002389   Thumb Code   124  stm32f4xx_tim.o(.text)
    TIM_GetCapture1                          0x08002405   Thumb Code     6  stm32f4xx_tim.o(.text)
    TIM_GetCapture2                          0x0800240b   Thumb Code     6  stm32f4xx_tim.o(.text)
    TIM_GetCapture3                          0x08002411   Thumb Code     6  stm32f4xx_tim.o(.text)
    TIM_GetCapture4                          0x08002417   Thumb Code     6  stm32f4xx_tim.o(.text)
    TIM_BDTRConfig                           0x0800241d   Thumb Code    32  stm32f4xx_tim.o(.text)
    TIM_BDTRStructInit                       0x0800243d   Thumb Code    18  stm32f4xx_tim.o(.text)
    TIM_CtrlPWMOutputs                       0x0800244f   Thumb Code    30  stm32f4xx_tim.o(.text)
    TIM_SelectCOM                            0x0800246d   Thumb Code    24  stm32f4xx_tim.o(.text)
    TIM_CCPreloadControl                     0x08002485   Thumb Code    24  stm32f4xx_tim.o(.text)
    TIM_ITConfig                             0x0800249d   Thumb Code    18  stm32f4xx_tim.o(.text)
    TIM_GenerateEvent                        0x080024af   Thumb Code     4  stm32f4xx_tim.o(.text)
    TIM_GetFlagStatus                        0x080024b3   Thumb Code    18  stm32f4xx_tim.o(.text)
    TIM_ClearFlag                            0x080024c5   Thumb Code     6  stm32f4xx_tim.o(.text)
    TIM_GetITStatus                          0x080024cb   Thumb Code    34  stm32f4xx_tim.o(.text)
    TIM_ClearITPendingBit                    0x080024ed   Thumb Code     6  stm32f4xx_tim.o(.text)
    TIM_DMAConfig                            0x080024f3   Thumb Code    10  stm32f4xx_tim.o(.text)
    TIM_DMACmd                               0x080024fd   Thumb Code    18  stm32f4xx_tim.o(.text)
    TIM_SelectCCDMA                          0x0800250f   Thumb Code    24  stm32f4xx_tim.o(.text)
    TIM_InternalClockConfig                  0x08002527   Thumb Code    12  stm32f4xx_tim.o(.text)
    TIM_SelectInputTrigger                   0x08002533   Thumb Code    18  stm32f4xx_tim.o(.text)
    TIM_ITRxExternalClockConfig              0x08002545   Thumb Code    24  stm32f4xx_tim.o(.text)
    TIM_TIxExternalClockConfig               0x0800255d   Thumb Code    62  stm32f4xx_tim.o(.text)
    TIM_ETRConfig                            0x0800259b   Thumb Code    28  stm32f4xx_tim.o(.text)
    TIM_ETRClockMode1Config                  0x080025b7   Thumb Code    54  stm32f4xx_tim.o(.text)
    TIM_ETRClockMode2Config                  0x080025ed   Thumb Code    32  stm32f4xx_tim.o(.text)
    TIM_SelectOutputTrigger                  0x0800260d   Thumb Code    18  stm32f4xx_tim.o(.text)
    TIM_SelectSlaveMode                      0x0800261f   Thumb Code    18  stm32f4xx_tim.o(.text)
    TIM_SelectMasterSlaveMode                0x08002631   Thumb Code    18  stm32f4xx_tim.o(.text)
    TIM_EncoderInterfaceConfig               0x08002643   Thumb Code    66  stm32f4xx_tim.o(.text)
    TIM_SelectHallSensor                     0x08002685   Thumb Code    24  stm32f4xx_tim.o(.text)
    TIM_RemapConfig                          0x0800269d   Thumb Code     6  stm32f4xx_tim.o(.text)
    USART_DeInit                             0x080026a5   Thumb Code   206  stm32f4xx_usart.o(.text)
    USART_Init                               0x08002773   Thumb Code   204  stm32f4xx_usart.o(.text)
    USART_StructInit                         0x0800283f   Thumb Code    24  stm32f4xx_usart.o(.text)
    USART_ClockInit                          0x08002857   Thumb Code    32  stm32f4xx_usart.o(.text)
    USART_ClockStructInit                    0x08002877   Thumb Code    12  stm32f4xx_usart.o(.text)
    USART_Cmd                                0x08002883   Thumb Code    24  stm32f4xx_usart.o(.text)
    USART_SetPrescaler                       0x0800289b   Thumb Code    16  stm32f4xx_usart.o(.text)
    USART_OverSampling8Cmd                   0x080028ab   Thumb Code    22  stm32f4xx_usart.o(.text)
    USART_OneBitMethodCmd                    0x080028c1   Thumb Code    24  stm32f4xx_usart.o(.text)
    USART_SendData                           0x080028d9   Thumb Code     8  stm32f4xx_usart.o(.text)
    USART_ReceiveData                        0x080028e1   Thumb Code    10  stm32f4xx_usart.o(.text)
    USART_SetAddress                         0x080028eb   Thumb Code    18  stm32f4xx_usart.o(.text)
    USART_ReceiverWakeUpCmd                  0x080028fd   Thumb Code    24  stm32f4xx_usart.o(.text)
    USART_WakeUpConfig                       0x08002915   Thumb Code    18  stm32f4xx_usart.o(.text)
    USART_LINBreakDetectLengthConfig         0x08002927   Thumb Code    18  stm32f4xx_usart.o(.text)
    USART_LINCmd                             0x08002939   Thumb Code    24  stm32f4xx_usart.o(.text)
    USART_SendBreak                          0x08002951   Thumb Code    10  stm32f4xx_usart.o(.text)
    USART_HalfDuplexCmd                      0x0800295b   Thumb Code    24  stm32f4xx_usart.o(.text)
    USART_SetGuardTime                       0x08002973   Thumb Code    16  stm32f4xx_usart.o(.text)
    USART_SmartCardCmd                       0x08002983   Thumb Code    24  stm32f4xx_usart.o(.text)
    USART_SmartCardNACKCmd                   0x0800299b   Thumb Code    24  stm32f4xx_usart.o(.text)
    USART_IrDAConfig                         0x080029b3   Thumb Code    18  stm32f4xx_usart.o(.text)
    USART_IrDACmd                            0x080029c5   Thumb Code    24  stm32f4xx_usart.o(.text)
    USART_DMACmd                             0x080029dd   Thumb Code    18  stm32f4xx_usart.o(.text)
    USART_ITConfig                           0x080029ef   Thumb Code    74  stm32f4xx_usart.o(.text)
    USART_GetFlagStatus                      0x08002a39   Thumb Code    26  stm32f4xx_usart.o(.text)
    USART_ClearFlag                          0x08002a53   Thumb Code    18  stm32f4xx_usart.o(.text)
    USART_GetITStatus                        0x08002a65   Thumb Code   118  stm32f4xx_usart.o(.text)
    USART_ClearITPendingBit                  0x08002adb   Thumb Code    30  stm32f4xx_usart.o(.text)
    delay_init                               0x08002af9   Thumb Code    52  delay.o(.text)
    delay_us                                 0x08002b2d   Thumb Code    72  delay.o(.text)
    delay_xms                                0x08002b75   Thumb Code    72  delay.o(.text)
    delay_ms                                 0x08002bbd   Thumb Code    56  delay.o(.text)
    BEEP_Init                                0x08002bfd   Thumb Code    50  beep.o(.text)
    KEY_Init                                 0x08002c35   Thumb Code    42  key.o(.text)
    KEY_Scan                                 0x08002c5f   Thumb Code   122  key.o(.text)
    OLED_WR_Byte                             0x08002ce5   Thumb Code   126  oled.o(.text)
    OLED_ColorTurn                           0x08002d63   Thumb Code    28  oled.o(.text)
    OLED_DisplayTurn                         0x08002d7f   Thumb Code    44  oled.o(.text)
    OLED_DisPlay_On                          0x08002dab   Thumb Code    28  oled.o(.text)
    OLED_DisPlay_Off                         0x08002dc7   Thumb Code    28  oled.o(.text)
    OLED_Refresh                             0x08002de3   Thumb Code    70  oled.o(.text)
    OLED_Clear                               0x08002e29   Thumb Code    42  oled.o(.text)
    OLED_DrawPoint                           0x08002e53   Thumb Code   114  oled.o(.text)
    OLED_DrawLine                            0x08002ec5   Thumb Code   172  oled.o(.text)
    OLED_DrawCircle                          0x08002f71   Thumb Code   168  oled.o(.text)
    OLED_ShowChar                            0x08003019   Thumb Code   326  oled.o(.text)
    OLED_ShowString                          0x0800315f   Thumb Code    74  oled.o(.text)
    OLED_Pow                                 0x080031a9   Thumb Code    22  oled.o(.text)
    OLED_ShowNum                             0x080031bf   Thumb Code   140  oled.o(.text)
    OLED_ShowIntNum                          0x0800324b   Thumb Code    90  oled.o(.text)
    OLED_Show3FNum                           0x080032a5   Thumb Code   672  oled.o(.text)
    OLED_ShowChinese                         0x08003545   Thumb Code   244  oled.o(.text)
    OLED_ScrollDisplay                       0x08003639   Thumb Code   202  oled.o(.text)
    OLED_ShowPicture                         0x08003703   Thumb Code   214  oled.o(.text)
    OLED_Init                                0x080037d9   Thumb Code   362  oled.o(.text)
    LED_Init                                 0x08003951   Thumb Code    50  led.o(.text)
    EC11_KEY1_click_do                       0x08003989   Thumb Code     2  ec11.o(.text)
    TIM1_Int_Init                            0x0800398b   Thumb Code    86  ec11.o(.text)
    Encoder_EC11_Scan1                       0x080039e1   Thumb Code    98  ec11.o(.text)
    EC11_Hander1                             0x08003a43   Thumb Code    44  ec11.o(.text)
    TIM1_IRQHandler                          0x08003a6f   Thumb Code    32  ec11.o(.text)
    EC11_Init                                0x08003a8f   Thumb Code   118  ec11.o(.text)
    POWER_Init                               0x08003b25   Thumb Code   124  power.o(.text)
    Get_voltage                              0x08003bfb   Thumb Code    28  power.o(.text)
    show_voltage                             0x08003c17   Thumb Code   244  power.o(.text)
    Stepper_Init                             0x08003d59   Thumb Code   182  stepper.o(.text)
    Emm_V5_Pos_Control                       0x08003e0f   Thumb Code   124  stepper.o(.text)
    Emm_V5_Stop_Now                          0x08003e8b   Thumb Code    38  stepper.o(.text)
    Action_1_Claw_Grab                       0x08003f31   Thumb Code   102  stepper.o(.text)
    Action_2_Claw_Open                       0x08003f97   Thumb Code   102  stepper.o(.text)
    Action_3_Arm_Lift                        0x08003ffd   Thumb Code   122  stepper.o(.text)
    Action_4_Arm_Lower                       0x08004077   Thumb Code   122  stepper.o(.text)
    Home_All_Simultaneously                  0x080040f1   Thumb Code   272  stepper.o(.text)
    Motor_Init                               0x08004201   Thumb Code   294  motor.o(.text)
    Motor_Move                               0x08004327   Thumb Code   104  motor.o(.text)
    NRF24L01_SPI_Init                        0x0800439d   Thumb Code    86  24l01.o(.text)
    NRF24L01_Write_Reg                       0x080043f3   Thumb Code    38  24l01.o(.text)
    NRF24L01_Write_Buf                       0x08004419   Thumb Code    56  24l01.o(.text)
    NRF24L01_RX_Mode                         0x08004451   Thumb Code    78  24l01.o(.text)
    NRF24L01_Read_Buf                        0x0800449f   Thumb Code    56  24l01.o(.text)
    NRF24L01_Check                           0x080044d7   Thumb Code    72  24l01.o(.text)
    NRF24L01_Init                            0x0800451f   Thumb Code   158  24l01.o(.text)
    NRF24L01_Read_Reg                        0x080045bd   Thumb Code    36  24l01.o(.text)
    NRF24L01_TxPacket                        0x080045e1   Thumb Code    96  24l01.o(.text)
    NRF24L01_RxPacket                        0x08004641   Thumb Code    58  24l01.o(.text)
    NRF24L01_TX_Mode                         0x0800467b   Thumb Code    88  24l01.o(.text)
    SPI1_ReadWriteByte                       0x08004709   Thumb Code    50  spi.o(.text)
    SPI1_Init                                0x0800473b   Thumb Code   186  spi.o(.text)
    SPI1_SetSpeed                            0x080047f5   Thumb Code    36  spi.o(.text)
    TIM6_init                                0x08004821   Thumb Code    84  timer.o(.text)
    TIM6_DAC_IRQHandler                      0x08004875   Thumb Code    20  timer.o(.text)
    TIM7_init                                0x08004889   Thumb Code    84  timer.o(.text)
    TIM7_IRQHandler                          0x080048dd   Thumb Code   122  timer.o(.text)
    EXTIX_Init                               0x0800496d   Thumb Code   116  exti.o(.text)
    EXTI9_5_IRQHandler                       0x080049e1   Thumb Code    40  exti.o(.text)
    EXTI15_10_IRQHandler                     0x08004a09   Thumb Code    84  exti.o(.text)
    uart3_init                               0x08004a65   Thumb Code   164  uart3.o(.text)
    Prepare_Frame                            0x08004b09   Thumb Code    48  uart3.o(.text)
    USART3_Send_Data                         0x08004b39   Thumb Code    56  uart3.o(.text)
    USART3_IRQHandler                        0x08004b71   Thumb Code    78  uart3.o(.text)
    TIM3_Encoder_Init                        0x08004bd9   Thumb Code   168  encode.o(.text)
    TIM4_Encoder_Init                        0x08004c81   Thumb Code   170  encode.o(.text)
    Read_Encoder_cnt                         0x08004d2b   Thumb Code    60  encode.o(.text)
    Solve_EncoData                           0x08004d67   Thumb Code   110  encode.o(.text)
    sum_Read_Encoder_cnt                     0x08004dd5   Thumb Code    78  encode.o(.text)
    Limit_Init                               0x08004e51   Thumb Code    44  limit.o(.text)
    Limit_Read_Arm                           0x08004e7d   Thumb Code    14  limit.o(.text)
    Limit_Read_Claw                          0x08004e8b   Thumb Code    14  limit.o(.text)
    __aeabi_dmul                             0x08004e9d   Thumb Code   228  dmul.o(.text)
    __aeabi_f2d                              0x08004f81   Thumb Code    38  f2d.o(.text)
    __aeabi_d2f                              0x08004fa7   Thumb Code    56  d2f.o(.text)
    __I$use$fp                               0x08004fdf   Thumb Code     0  iusefp.o(.text)
    _float_round                             0x08004fdf   Thumb Code    18  fepilogue.o(.text)
    _float_epilogue                          0x08004ff1   Thumb Code    92  fepilogue.o(.text)
    _double_round                            0x0800504d   Thumb Code    30  depilogue.o(.text)
    _double_epilogue                         0x0800506b   Thumb Code   156  depilogue.o(.text)
    __scatterload                            0x08005109   Thumb Code    28  init.o(.text)
    __scatterload_rt2                        0x08005109   Thumb Code     0  init.o(.text)
    __aeabi_llsl                             0x0800512d   Thumb Code    30  llshl.o(.text)
    _ll_shift_l                              0x0800512d   Thumb Code     0  llshl.o(.text)
    __aeabi_llsr                             0x0800514b   Thumb Code    32  llushr.o(.text)
    _ll_ushift_r                             0x0800514b   Thumb Code     0  llushr.o(.text)
    __scatterload_copy                       0x0800516b   Thumb Code    14  handlers.o(i.__scatterload_copy)
    __scatterload_null                       0x08005179   Thumb Code     2  handlers.o(i.__scatterload_null)
    __scatterload_zeroinit                   0x0800517b   Thumb Code    14  handlers.o(i.__scatterload_zeroinit)
    asc2_0806                                0x08005188   Data         552  oled.o(.constdata)
    asc2_1206                                0x080053b0   Data        1140  oled.o(.constdata)
    asc2_1608                                0x08005824   Data        1520  oled.o(.constdata)
    asc2_2412                                0x08005e14   Data        3420  oled.o(.constdata)
    Hzk1                                     0x08006b70   Data         512  oled.o(.constdata)
    Hzk2                                     0x08006d70   Data          72  oled.o(.constdata)
    Hzk3                                     0x08006db8   Data         128  oled.o(.constdata)
    Hzk4                                     0x08006e38   Data         512  oled.o(.constdata)
    TX_ADDRESS                               0x08007038   Data           5  24l01.o(.constdata)
    RX_ADDRESS                               0x0800703d   Data           5  24l01.o(.constdata)
    Region$$Table$$Base                      0x08007044   Number         0  anon$$obj.o(Region$$Table)
    Region$$Table$$Limit                     0x08007064   Number         0  anon$$obj.o(Region$$Table)
    MAX_Motor_Speed                          0x20000004   Data           2  main.o(.data)
    Motor_Speed_Left                         0x20000008   Data           4  main.o(.data)
    Motor_Speed_Right                        0x2000000c   Data           4  main.o(.data)
    Command                                  0x20000010   Data           1  main.o(.data)
    alpha                                    0x20000014   Data           4  main.o(.data)
    SystemCoreClock                          0x20000018   Data           4  system_stm32f4xx.o(.data)
    AHBPrescTable                            0x2000001c   Data          16  system_stm32f4xx.o(.data)
    key_value                                0x20000040   Data           1  key.o(.data)
    EC11_Num1                                0x20000045   Data           1  ec11.o(.data)
    USART3_RX_BUF                            0x20000046   Data           3  uart3.o(.data)
    USART3_RX_INDEX                          0x20000049   Data           1  uart3.o(.data)
    USART3_RX_completed                      0x2000004a   Data           1  uart3.o(.data)
    TIM3_sumcode                             0x2000004c   Data           4  encode.o(.data)
    TIM4_sumcode                             0x20000050   Data           4  encode.o(.data)
    OLED_GRAM                                0x20000054   Data        1152  oled.o(.bss)
    tmp_buf                                  0x200004d4   Data          33  24l01.o(.bss)
    tx_frame                                 0x200004f5   Data          10  uart3.o(.bss)
    encode                                   0x20000500   Data          16  encode.o(.bss)
    Encoders                                 0x20000510   Data          24  encode.o(.bss)
    __initial_sp                             0x20000928   Data           0  startup_stm32f40_41xxx.o(STACK)



==============================================================================

Memory Map of the image

  Image Entry point : 0x08000189

  Load Region LR_IROM1 (Base: 0x08000000, Size: 0x000070b8, Max: 0x00100000, ABSOLUTE)

    Execution Region ER_IROM1 (Exec base: 0x08000000, Load base: 0x08000000, Size: 0x00007064, Max: 0x00100000, ABSOLUTE)

    Exec Addr    Load Addr    Size         Type   Attr      Idx    E Section Name        Object

    0x08000000   0x08000000   0x00000188   Data   RO          270    RESET               startup_stm32f40_41xxx.o
    0x08000188   0x08000188   0x00000000   Code   RO         1403  * .ARM.Collect$$$$00000000  mc_w.l(entry.o)
    0x08000188   0x08000188   0x00000004   Code   RO         1412    .ARM.Collect$$$$00000001  mc_w.l(entry2.o)
    0x0800018c   0x0800018c   0x00000004   Code   RO         1415    .ARM.Collect$$$$00000004  mc_w.l(entry5.o)
    0x08000190   0x08000190   0x00000000   Code   RO         1417    .ARM.Collect$$$$00000008  mc_w.l(entry7b.o)
    0x08000190   0x08000190   0x00000000   Code   RO         1419    .ARM.Collect$$$$0000000A  mc_w.l(entry8b.o)
    0x08000190   0x08000190   0x00000008   Code   RO         1420    .ARM.Collect$$$$0000000B  mc_w.l(entry9a.o)
    0x08000198   0x08000198   0x00000000   Code   RO         1422    .ARM.Collect$$$$0000000D  mc_w.l(entry10a.o)
    0x08000198   0x08000198   0x00000000   Code   RO         1424    .ARM.Collect$$$$0000000F  mc_w.l(entry11a.o)
    0x08000198   0x08000198   0x00000004   Code   RO         1413    .ARM.Collect$$$$00002712  mc_w.l(entry2.o)
    0x0800019c   0x0800019c   0x000001bc   Code   RO            3    .text               main.o
    0x08000358   0x08000358   0x0000001a   Code   RO          195    .text               stm32f4xx_it.o
    0x08000372   0x08000372   0x00000002   PAD
    0x08000374   0x08000374   0x00000210   Code   RO          244    .text               system_stm32f4xx.o
    0x08000584   0x08000584   0x00000024   Code   RO          271    .text               startup_stm32f40_41xxx.o
    0x080005a8   0x080005a8   0x000000e0   Code   RO          277    .text               misc.o
    0x08000688   0x08000688   0x00000464   Code   RO          297    .text               stm32f4xx_adc.o
    0x08000aec   0x08000aec   0x00000110   Code   RO          540    .text               stm32f4xx_exti.o
    0x08000bfc   0x08000bfc   0x00000294   Code   RO          626    .text               stm32f4xx_gpio.o
    0x08000e90   0x08000e90   0x0000065c   Code   RO          789    .text               stm32f4xx_rcc.o
    0x080014ec   0x080014ec   0x00000480   Code   RO          894    .text               stm32f4xx_spi.o
    0x0800196c   0x0800196c   0x00000094   Code   RO          914    .text               stm32f4xx_syscfg.o
    0x08001a00   0x08001a00   0x00000ca2   Code   RO          934    .text               stm32f4xx_tim.o
    0x080026a2   0x080026a2   0x00000002   PAD
    0x080026a4   0x080026a4   0x00000454   Code   RO          954    .text               stm32f4xx_usart.o
    0x08002af8   0x08002af8   0x00000104   Code   RO          994    .text               delay.o
    0x08002bfc   0x08002bfc   0x00000038   Code   RO         1034    .text               beep.o
    0x08002c34   0x08002c34   0x000000b0   Code   RO         1057    .text               key.o
    0x08002ce4   0x08002ce4   0x00000c6c   Code   RO         1083    .text               oled.o
    0x08003950   0x08003950   0x00000038   Code   RO         1113    .text               led.o
    0x08003988   0x08003988   0x0000019c   Code   RO         1133    .text               ec11.o
    0x08003b24   0x08003b24   0x00000200   Code   RO         1159    .text               power.o
    0x08003d24   0x08003d24   0x000004dc   Code   RO         1179    .text               stepper.o
    0x08004200   0x08004200   0x0000019c   Code   RO         1199    .text               motor.o
    0x0800439c   0x0800439c   0x0000036c   Code   RO         1219    .text               24l01.o
    0x08004708   0x08004708   0x00000118   Code   RO         1249    .text               spi.o
    0x08004820   0x08004820   0x0000014c   Code   RO         1269    .text               timer.o
    0x0800496c   0x0800496c   0x000000f8   Code   RO         1310    .text               exti.o
    0x08004a64   0x08004a64   0x00000174   Code   RO         1333    .text               uart3.o
    0x08004bd8   0x08004bd8   0x00000278   Code   RO         1361    .text               encode.o
    0x08004e50   0x08004e50   0x0000004c   Code   RO         1385    .text               limit.o
    0x08004e9c   0x08004e9c   0x000000e4   Code   RO         1406    .text               mf_w.l(dmul.o)
    0x08004f80   0x08004f80   0x00000026   Code   RO         1408    .text               mf_w.l(f2d.o)
    0x08004fa6   0x08004fa6   0x00000038   Code   RO         1410    .text               mf_w.l(d2f.o)
    0x08004fde   0x08004fde   0x00000000   Code   RO         1426    .text               mc_w.l(iusefp.o)
    0x08004fde   0x08004fde   0x0000006e   Code   RO         1427    .text               mf_w.l(fepilogue.o)
    0x0800504c   0x0800504c   0x000000ba   Code   RO         1429    .text               mf_w.l(depilogue.o)
    0x08005106   0x08005106   0x00000002   PAD
    0x08005108   0x08005108   0x00000024   Code   RO         1431    .text               mc_w.l(init.o)
    0x0800512c   0x0800512c   0x0000001e   Code   RO         1433    .text               mc_w.l(llshl.o)
    0x0800514a   0x0800514a   0x00000020   Code   RO         1435    .text               mc_w.l(llushr.o)
    0x0800516a   0x0800516a   0x0000000e   Code   RO         1439    i.__scatterload_copy  mc_w.l(handlers.o)
    0x08005178   0x08005178   0x00000002   Code   RO         1440    i.__scatterload_null  mc_w.l(handlers.o)
    0x0800517a   0x0800517a   0x0000000e   Code   RO         1441    i.__scatterload_zeroinit  mc_w.l(handlers.o)
    0x08005188   0x08005188   0x00001eb0   Data   RO         1085    .constdata          oled.o
    0x08007038   0x08007038   0x0000000a   Data   RO         1221    .constdata          24l01.o
    0x08007042   0x08007042   0x00000002   PAD
    0x08007044   0x08007044   0x00000020   Data   RO         1437    Region$$Table       anon$$obj.o


    Execution Region RW_IRAM1 (Exec base: 0x20000000, Load base: 0x08007064, Size: 0x00000928, Max: 0x00020000, ABSOLUTE)

    Exec Addr    Load Addr    Size         Type   Attr      Idx    E Section Name        Object

    0x20000000   0x08007064   0x00000018   Data   RW            4    .data               main.o
    0x20000018   0x0800707c   0x00000014   Data   RW          245    .data               system_stm32f4xx.o
    0x2000002c   0x08007090   0x00000010   Data   RW          790    .data               stm32f4xx_rcc.o
    0x2000003c   0x080070a0   0x00000004   Data   RW          995    .data               delay.o
    0x20000040   0x080070a4   0x00000002   Data   RW         1058    .data               key.o
    0x20000042   0x080070a6   0x00000004   Data   RW         1134    .data               ec11.o
    0x20000046   0x080070aa   0x00000005   Data   RW         1335    .data               uart3.o
    0x2000004b   0x080070af   0x00000001   PAD
    0x2000004c   0x080070b0   0x00000008   Data   RW         1363    .data               encode.o
    0x20000054        -       0x00000480   Zero   RW         1084    .bss                oled.o
    0x200004d4        -       0x00000021   Zero   RW         1220    .bss                24l01.o
    0x200004f5        -       0x0000000a   Zero   RW         1334    .bss                uart3.o
    0x200004ff   0x080070b8   0x00000001   PAD
    0x20000500        -       0x00000028   Zero   RW         1362    .bss                encode.o
    0x20000528        -       0x00000400   Zero   RW          268    STACK               startup_stm32f40_41xxx.o


==============================================================================

Image component sizes


      Code (inc. data)   RO Data    RW Data    ZI Data      Debug   Object Name

       876         54         10          0         33       4045   24l01.o
        56          6          0          0          0        560   beep.o
       260          8          0          4          0       1549   delay.o
       412         32          0          4          0       2125   ec11.o
       632         46          0          8         40       2279   encode.o
       248          8          0          0          0        969   exti.o
       176         12          0          2          0       1120   key.o
        56          6          0          0          0        551   led.o
        76          4          0          0          0        856   limit.o
       444         34          0         24          0     308002   main.o
       224         20          0          0          0       1885   misc.o
       412         14          0          0          0       1052   motor.o
      3180         74       7856          0       1152      10019   oled.o
       512         26          0          0          0       1730   power.o
       280          8          0          0          0       1121   spi.o
        36          8        392          0       1024        856   startup_stm32f40_41xxx.o
      1244         52          0          0          0       5117   stepper.o
      1124         24          0          0          0      10754   stm32f4xx_adc.o
       272         10          0          0          0       2351   stm32f4xx_exti.o
       660         44          0          0          0       4225   stm32f4xx_gpio.o
        26          0          0          0          0       1254   stm32f4xx_it.o
      1628         52          0         16          0      13136   stm32f4xx_rcc.o
      1152         36          0          0          0       6973   stm32f4xx_spi.o
       148         12          0          0          0       1877   stm32f4xx_syscfg.o
      3234         60          0          0          0      23080   stm32f4xx_tim.o
      1108         34          0          0          0       7948   stm32f4xx_usart.o
       528         46          0         20          0       1879   system_stm32f4xx.o
       332         22          0          0          0       1322   timer.o
       372         26          0          5         10       3011   uart3.o

    ----------------------------------------------------------------------
     19712        778       8292         84       2260     421646   Object Totals
         0          0         32          0          0          0   (incl. Generated)
         4          0          2          1          1          0   (incl. Padding)

    ----------------------------------------------------------------------

      Code (inc. data)   RO Data    RW Data    ZI Data      Debug   Library Member Name

         0          0          0          0          0          0   entry.o
         0          0          0          0          0          0   entry10a.o
         0          0          0          0          0          0   entry11a.o
         8          4          0          0          0          0   entry2.o
         4          0          0          0          0          0   entry5.o
         0          0          0          0          0          0   entry7b.o
         0          0          0          0          0          0   entry8b.o
         8          4          0          0          0          0   entry9a.o
        30          0          0          0          0          0   handlers.o
        36          8          0          0          0         68   init.o
         0          0          0          0          0          0   iusefp.o
        30          0          0          0          0         68   llshl.o
        32          0          0          0          0         68   llushr.o
        56          0          0          0          0         88   d2f.o
       186          0          0          0          0        176   depilogue.o
       228          0          0          0          0         96   dmul.o
        38          0          0          0          0         68   f2d.o
       110          0          0          0          0        168   fepilogue.o

    ----------------------------------------------------------------------
       768         16          0          0          0        800   Library Totals
         2          0          0          0          0          0   (incl. Padding)

    ----------------------------------------------------------------------

      Code (inc. data)   RO Data    RW Data    ZI Data      Debug   Library Name

       148         16          0          0          0        204   mc_w.l
       618          0          0          0          0        596   mf_w.l

    ----------------------------------------------------------------------
       768         16          0          0          0        800   Library Totals

    ----------------------------------------------------------------------

==============================================================================


      Code (inc. data)   RO Data    RW Data    ZI Data      Debug   

     20480        794       8292         84       2260     417290   Grand Totals
     20480        794       8292         84       2260     417290   ELF Image Totals
     20480        794       8292         84          0          0   ROM Totals

==============================================================================

    Total RO  Size (Code + RO Data)                28772 (  28.10kB)
    Total RW  Size (RW Data + ZI Data)              2344 (   2.29kB)
    Total ROM Size (Code + RO Data + RW Data)      28856 (  28.18kB)

==============================================================================

