Component: ARM Compiler 5.06 update 6 (build 750) Tool: armlink [4d35ed]

==============================================================================

Section Cross References

    main.o(.text) refers to misc.o(.text) for NVIC_PriorityGroupConfig
    main.o(.text) refers to delay.o(.text) for delay_init
    main.o(.text) refers to led.o(.text) for LED_Init
    main.o(.text) refers to beep.o(.text) for BEEP_Init
    main.o(.text) refers to oled.o(.text) for OLED_Init
    main.o(.text) refers to ec11.o(.text) for EC11_Init
    main.o(.text) refers to stepper.o(.text) for Stepper_Init
    main.o(.text) refers to limit.o(.text) for Limit_Init
    main.o(.text) refers to motor.o(.text) for Motor_Init
    main.o(.text) refers to 24l01.o(.text) for NRF24L01_Init
    main.o(.text) refers to uart3.o(.text) for uart3_init
    main.o(.text) refers to encode.o(.text) for TIM3_Encoder_Init
    main.o(.text) refers to power.o(.text) for POWER_Init
    main.o(.text) refers to timer.o(.text) for TIM6_init
    main.o(.text) refers to 24l01.o(.bss) for tmp_buf
    main.o(.text) refers to main.o(.data) for MAX_Motor_Speed
    main.o(.text) refers to uart3.o(.data) for USART3_RX_completed
    system_stm32f4xx.o(.text) refers to system_stm32f4xx.o(.data) for SystemCoreClock
    startup_stm32f40_41xxx.o(RESET) refers to startup_stm32f40_41xxx.o(STACK) for __initial_sp
    startup_stm32f40_41xxx.o(RESET) refers to startup_stm32f40_41xxx.o(.text) for Reset_Handler
    startup_stm32f40_41xxx.o(RESET) refers to stm32f4xx_it.o(.text) for NMI_Handler
    startup_stm32f40_41xxx.o(RESET) refers to exti.o(.text) for EXTI9_5_IRQHandler
    startup_stm32f40_41xxx.o(RESET) refers to uart3.o(.text) for USART3_IRQHandler
    startup_stm32f40_41xxx.o(RESET) refers to timer.o(.text) for TIM6_DAC_IRQHandler
    startup_stm32f40_41xxx.o(.text) refers to system_stm32f4xx.o(.text) for SystemInit
    startup_stm32f40_41xxx.o(.text) refers to entry.o(.ARM.Collect$$$$00000000) for __main
    stm32f4xx_adc.o(.text) refers to stm32f4xx_rcc.o(.text) for RCC_APB2PeriphResetCmd
    stm32f4xx_can.o(.text) refers to stm32f4xx_rcc.o(.text) for RCC_APB1PeriphResetCmd
    stm32f4xx_cryp.o(.text) refers to stm32f4xx_rcc.o(.text) for RCC_AHB2PeriphResetCmd
    stm32f4xx_cryp_aes.o(.text) refers to stm32f4xx_cryp.o(.text) for CRYP_KeyStructInit
    stm32f4xx_cryp_des.o(.text) refers to stm32f4xx_cryp.o(.text) for CRYP_KeyStructInit
    stm32f4xx_cryp_tdes.o(.text) refers to stm32f4xx_cryp.o(.text) for CRYP_KeyStructInit
    stm32f4xx_dac.o(.text) refers to stm32f4xx_rcc.o(.text) for RCC_APB1PeriphResetCmd
    stm32f4xx_dma2d.o(.text) refers to stm32f4xx_rcc.o(.text) for RCC_AHB1PeriphResetCmd
    stm32f4xx_fsmc.o(.text) refers to stm32f4xx_fsmc.o(.constdata) for FSMC_DefaultTimingStruct
    stm32f4xx_gpio.o(.text) refers to stm32f4xx_rcc.o(.text) for RCC_AHB1PeriphResetCmd
    stm32f4xx_hash.o(.text) refers to stm32f4xx_rcc.o(.text) for RCC_AHB2PeriphResetCmd
    stm32f4xx_hash_md5.o(.text) refers to stm32f4xx_hash.o(.text) for HASH_DeInit
    stm32f4xx_hash_sha1.o(.text) refers to stm32f4xx_hash.o(.text) for HASH_DeInit
    stm32f4xx_i2c.o(.text) refers to stm32f4xx_rcc.o(.text) for RCC_APB1PeriphResetCmd
    stm32f4xx_ltdc.o(.text) refers to stm32f4xx_rcc.o(.text) for RCC_APB2PeriphResetCmd
    stm32f4xx_pwr.o(.text) refers to stm32f4xx_rcc.o(.text) for RCC_APB1PeriphResetCmd
    stm32f4xx_rcc.o(.text) refers to stm32f4xx_rcc.o(.data) for APBAHBPrescTable
    stm32f4xx_rng.o(.text) refers to stm32f4xx_rcc.o(.text) for RCC_AHB2PeriphResetCmd
    stm32f4xx_sai.o(.text) refers to stm32f4xx_rcc.o(.text) for RCC_APB2PeriphResetCmd
    stm32f4xx_sdio.o(.text) refers to stm32f4xx_rcc.o(.text) for RCC_APB2PeriphResetCmd
    stm32f4xx_spi.o(.text) refers to stm32f4xx_rcc.o(.text) for RCC_APB2PeriphResetCmd
    stm32f4xx_syscfg.o(.text) refers to stm32f4xx_rcc.o(.text) for RCC_APB2PeriphResetCmd
    stm32f4xx_tim.o(.text) refers to stm32f4xx_rcc.o(.text) for RCC_APB2PeriphResetCmd
    stm32f4xx_usart.o(.text) refers to stm32f4xx_rcc.o(.text) for RCC_APB2PeriphResetCmd
    stm32f4xx_wwdg.o(.text) refers to stm32f4xx_rcc.o(.text) for RCC_APB1PeriphResetCmd
    delay.o(.text) refers to misc.o(.text) for SysTick_CLKSourceConfig
    delay.o(.text) refers to delay.o(.data) for fac_us
    beep.o(.text) refers to stm32f4xx_rcc.o(.text) for RCC_AHB1PeriphClockCmd
    beep.o(.text) refers to stm32f4xx_gpio.o(.text) for GPIO_Init
    key.o(.text) refers to stm32f4xx_rcc.o(.text) for RCC_AHB1PeriphClockCmd
    key.o(.text) refers to stm32f4xx_gpio.o(.text) for GPIO_Init
    key.o(.text) refers to delay.o(.text) for delay_ms
    key.o(.text) refers to key.o(.data) for key_up
    oled.o(.text) refers to stm32f4xx_gpio.o(.text) for GPIO_SetBits
    oled.o(.text) refers to oled.o(.bss) for OLED_GRAM
    oled.o(.text) refers to oled.o(.constdata) for asc2_0806
    oled.o(.text) refers to stm32f4xx_rcc.o(.text) for RCC_AHB1PeriphClockCmd
[...]
    f2d.o(.text) refers (Special) to iusefp.o(.text) for __I$use$fp
    d2f.o(.text) refers (Special) to iusefp.o(.text) for __I$use$fp
    d2f.o(.text) refers to fepilogue.o(.text) for _float_round
    entry2.o(.ARM.Collect$$$$00000001) refers to entry2.o(.ARM.Collect$$$$00002712) for __lit__00000000
    entry2.o(.ARM.Collect$$$$00002712) refers to startup_stm32f40_41xxx.o(STACK) for __initial_sp
    entry2.o(__vectab_stack_and_reset_area) refers to startup_stm32f40_41xxx.o(STACK) for __initial_sp
    entry2.o(__vectab_stack_and_reset_area) refers to entry.o(.ARM.Collect$$$$00000000) for __main
    entry5.o(.ARM.Collect$$$$00000004) refers to init.o(.text) for __scatterload
    entry9a.o(.ARM.Collect$$$$0000000B) refers to main.o(.text) for main
    entry9b.o(.ARM.Collect$$$$0000000C) refers to main.o(.text) for main
    depilogue.o(.text) refers to llshl.o(.text) for __aeabi_llsl
    depilogue.o(.text) refers to llushr.o(.text) for __aeabi_llsr
    init.o(.text) refers to entry5.o(.ARM.Collect$$$$00000004) for __main_after_scatterload


==============================================================================

Removing Unused input sections from the image.

    Removing main.o(.rev16_text), (4 bytes).
    Removing main.o(.revsh_text), (4 bytes).
    Removing stm32f4xx_it.o(.rev16_text), (4 bytes).
    Removing stm32f4xx_it.o(.revsh_text), (4 bytes).
    Removing system_stm32f4xx.o(.rev16_text), (4 bytes).
    Removing system_stm32f4xx.o(.revsh_text), (4 bytes).
    Removing startup_stm32f40_41xxx.o(HEAP), (512 bytes).
    Removing misc.o(.rev16_text), (4 bytes).
    Removing misc.o(.revsh_text), (4 bytes).
    Removing stm32f4xx_adc.o(.rev16_text), (4 bytes).
    Removing stm32f4xx_adc.o(.revsh_text), (4 bytes).
    Removing stm32f4xx_can.o(.rev16_text), (4 bytes).
    Removing stm32f4xx_can.o(.revsh_text), (4 bytes).
    Removing stm32f4xx_can.o(.text), (2544 bytes).
    Removing stm32f4xx_crc.o(.rev16_text), (4 bytes).
    Removing stm32f4xx_crc.o(.revsh_text), (4 bytes).
    Removing stm32f4xx_crc.o(.text), (72 bytes).
    Removing stm32f4xx_cryp.o(.rev16_text), (4 bytes).
    Removing stm32f4xx_cryp.o(.revsh_text), (4 bytes).
    Removing stm32f4xx_cryp.o(.text), (856 bytes).
    Removing stm32f4xx_cryp_aes.o(.rev16_text), (4 bytes).
    Removing stm32f4xx_cryp_aes.o(.revsh_text), (4 bytes).
    Removing stm32f4xx_cryp_aes.o(.text), (4586 bytes).
    Removing stm32f4xx_cryp_des.o(.rev16_text), (4 bytes).
    Removing stm32f4xx_cryp_des.o(.revsh_text), (4 bytes).
    Removing stm32f4xx_cryp_des.o(.text), (472 bytes).
    Removing stm32f4xx_cryp_tdes.o(.rev16_text), (4 bytes).
    Removing stm32f4xx_cryp_tdes.o(.revsh_text), (4 bytes).
    Removing stm32f4xx_cryp_tdes.o(.text), (536 bytes).
    Removing stm32f4xx_dac.o(.rev16_text), (4 bytes).
    Removing stm32f4xx_dac.o(.revsh_text), (4 bytes).
    Removing stm32f4xx_dac.o(.text), (528 bytes).
    Removing stm32f4xx_dbgmcu.o(.rev16_text), (4 bytes).
    Removing stm32f4xx_dbgmcu.o(.revsh_text), (4 bytes).
    Removing stm32f4xx_dbgmcu.o(.text), (100 bytes).
    Removing stm32f4xx_dcmi.o(.rev16_text), (4 bytes).
    Removing stm32f4xx_dcmi.o(.revsh_text), (4 bytes).
    Removing stm32f4xx_dcmi.o(.text), (396 bytes).
    Removing stm32f4xx_dma2d.o(.rev16_text), (4 bytes).
    Removing stm32f4xx_dma2d.o(.revsh_text), (4 bytes).
    Removing stm32f4xx_dma2d.o(.text), (948 bytes).
    Removing stm32f4xx_dma.o(.rev16_text), (4 bytes).
    Removing stm32f4xx_dma.o(.revsh_text), (4 bytes).
    Removing stm32f4xx_dma.o(.text), (936 bytes).
    Removing stm32f4xx_exti.o(.rev16_text), (4 bytes).
    Removing stm32f4xx_exti.o(.revsh_text), (4 bytes).
    Removing stm32f4xx_flash.o(.rev16_text), (4 bytes).
    Removing stm32f4xx_flash.o(.revsh_text), (4 bytes).
    Removing stm32f4xx_flash.o(.text), (1684 bytes).
    Removing stm32f4xx_flash_ramfunc.o(.rev16_text), (4 bytes).
    Removing stm32f4xx_flash_ramfunc.o(.revsh_text), (4 bytes).
    Removing stm32f4xx_flash_ramfunc.o(.text), (64 bytes).
    Removing stm32f4xx_fsmc.o(.rev16_text), (4 bytes).
    Removing stm32f4xx_fsmc.o(.revsh_text), (4 bytes).
    Removing stm32f4xx_fsmc.o(.text), (1480 bytes).
    Removing stm32f4xx_fsmc.o(.constdata), (28 bytes).
    Removing stm32f4xx_gpio.o(.rev16_text), (4 bytes).
    Removing stm32f4xx_gpio.o(.revsh_text), (4 bytes).
    Removing stm32f4xx_hash.o(.rev16_text), (4 bytes).
    Removing stm32f4xx_hash.o(.revsh_text), (4 bytes).
    Removing stm32f4xx_hash.o(.text), (552 bytes).
    Removing stm32f4xx_hash_md5.o(.rev16_text), (4 bytes).
    Removing stm32f4xx_hash_md5.o(.revsh_text), (4 bytes).
    Removing stm32f4xx_hash_md5.o(.text), (534 bytes).
    Removing stm32f4xx_hash_sha1.o(.rev16_text), (4 bytes).
    Removing stm32f4xx_hash_sha1.o(.revsh_text), (4 bytes).
    Removing stm32f4xx_hash_sha1.o(.text), (548 bytes).
    Removing stm32f4xx_i2c.o(.rev16_text), (4 bytes).
    Removing stm32f4xx_i2c.o(.revsh_text), (4 bytes).
    Removing stm32f4xx_i2c.o(.text), (1110 bytes).
    Removing stm32f4xx_iwdg.o(.rev16_text), (4 bytes).
    Removing stm32f4xx_iwdg.o(.revsh_text), (4 bytes).
    Removing stm32f4xx_iwdg.o(.text), (64 bytes).
    Removing stm32f4xx_ltdc.o(.rev16_text), (4 bytes).
    Removing stm32f4xx_ltdc.o(.revsh_text), (4 bytes).
    Removing stm32f4xx_ltdc.o(.text), (1672 bytes).
    Removing stm32f4xx_pwr.o(.rev16_text), (4 bytes).
    Removing stm32f4xx_pwr.o(.revsh_text), (4 bytes).
    Removing stm32f4xx_pwr.o(.text), (364 bytes).
    Removing stm32f4xx_rcc.o(.rev16_text), (4 bytes).
    Removing stm32f4xx_rcc.o(.revsh_text), (4 bytes).
    Removing stm32f4xx_rng.o(.rev16_text), (4 bytes).
    Removing stm32f4xx_rng.o(.revsh_text), (4 bytes).
    Removing stm32f4xx_rng.o(.text), (160 bytes).
    Removing stm32f4xx_rtc.o(.rev16_text), (4 bytes).
    Removing stm32f4xx_rtc.o(.revsh_text), (4 bytes).
    Removing stm32f4xx_rtc.o(.text), (3432 bytes).
    Removing stm32f4xx_sai.o(.rev16_text), (4 bytes).
    Removing stm32f4xx_sai.o(.revsh_text), (4 bytes).
    Removing stm32f4xx_sai.o(.text), (524 bytes).
    Removing stm32f4xx_sdio.o(.rev16_text), (4 bytes).
    Removing stm32f4xx_sdio.o(.revsh_text), (4 bytes).
    Removing stm32f4xx_sdio.o(.text), (476 bytes).
    Removing stm32f4xx_spi.o(.rev16_text), (4 bytes).
    Removing stm32f4xx_spi.o(.revsh_text), (4 bytes).
    Removing stm32f4xx_syscfg.o(.rev16_text), (4 bytes).
    Removing stm32f4xx_syscfg.o(.revsh_text), (4 bytes).
    Removing stm32f4xx_tim.o(.rev16_text), (4 bytes).
    Removing stm32f4xx_tim.o(.revsh_text), (4 bytes).
    Removing stm32f4xx_usart.o(.rev16_text), (4 bytes).
    Removing stm32f4xx_usart.o(.revsh_text), (4 bytes).
    Removing stm32f4xx_wwdg.o(.rev16_text), (4 bytes).
    Removing stm32f4xx_wwdg.o(.revsh_text), (4 bytes).
    Removing stm32f4xx_wwdg.o(.text), (144 bytes).
    Removing delay.o(.rev16_text), (4 bytes).
    Removing delay.o(.revsh_text), (4 bytes).
    Removing sys.o(.rev16_text), (4 bytes).
    Removing sys.o(.revsh_text), (4 bytes).
    Removing sys.o(.emb_text), (16 bytes).
    Removing beep.o(.rev16_text), (4 bytes).
    Removing beep.o(.revsh_text), (4 bytes).
    Removing key.o(.rev16_text), (4 bytes).
    Removing key.o(.revsh_text), (4 bytes).
    Removing oled.o(.rev16_text), (4 bytes).
    Removing oled.o(.revsh_text), (4 bytes).
    Removing led.o(.rev16_text), (4 bytes).
    Removing led.o(.revsh_text), (4 bytes).
    Removing ec11.o(.rev16_text), (4 bytes).
    Removing ec11.o(.revsh_text), (4 bytes).
    Removing power.o(.rev16_text), (4 bytes).
    Removing power.o(.revsh_text), (4 bytes).
    Removing stepper.o(.rev16_text), (4 bytes).
    Removing stepper.o(.revsh_text), (4 bytes).
    Removing motor.o(.rev16_text), (4 bytes).
    Removing motor.o(.revsh_text), (4 bytes).
    Removing 24l01.o(.rev16_text), (4 bytes).
    Removing 24l01.o(.revsh_text), (4 bytes).
    Removing spi.o(.rev16_text), (4 bytes).
    Removing spi.o(.revsh_text), (4 bytes).
    Removing timer.o(.rev16_text), (4 bytes).
    Removing timer.o(.revsh_text), (4 bytes).
    Removing timer.o(.data), (8 bytes).
    Removing multimenu.o(.rev16_text), (4 bytes).
    Removing multimenu.o(.revsh_text), (4 bytes).
    Removing exti.o(.rev16_text), (4 bytes).
    Removing exti.o(.revsh_text), (4 bytes).
    Removing uart3.o(.rev16_text), (4 bytes).
    Removing uart3.o(.revsh_text), (4 bytes).
    Removing encode.o(.rev16_text), (4 bytes).
    Removing encode.o(.revsh_text), (4 bytes).
    Removing limit.o(.rev16_text), (4 bytes).
    Removing limit.o(.revsh_text), (4 bytes).

142 unused section(s) (total 25794 bytes) removed from the image.

==============================================================================

Image Symbol Table

    Local Symbols

    Symbol Name                              Value     Ov Type        Size  Object(Section)

    ../clib/microlib/init/entry.s            0x00000000   Number         0  entry5.o ABSOLUTE
    ../clib/microlib/init/entry.s            0x00000000   Number         0  entry2.o ABSOLUTE
    ../clib/microlib/init/entry.s            0x00000000   Number         0  entry7b.o ABSOLUTE
    ../clib/microlib/init/entry.s            0x00000000   Number         0  entry8a.o ABSOLUTE
    ../clib/microlib/init/entry.s            0x00000000   Number         0  entry8b.o ABSOLUTE
    ../clib/microlib/init/entry.s            0x00000000   Number         0  entry9a.o ABSOLUTE
    ../clib/microlib/init/entry.s            0x00000000   Number         0  entry.o ABSOLUTE
    ../clib/microlib/init/entry.s            0x00000000   Number         0  entry9b.o ABSOLUTE
    ../clib/microlib/init/entry.s            0x00000000   Number         0  entry10a.o ABSOLUTE
    ../clib/microlib/init/entry.s            0x00000000   Number         0  entry10b.o ABSOLUTE
    ../clib/microlib/init/entry.s            0x00000000   Number         0  entry11a.o ABSOLUTE
    ../clib/microlib/init/entry.s            0x00000000   Number         0  entry11b.o ABSOLUTE
    ../clib/microlib/init/entry.s            0x00000000   Number         0  entry7a.o ABSOLUTE
    ../clib/microlib/longlong.c              0x00000000   Number         0  llshl.o ABSOLUTE
    ../clib/microlib/longlong.c              0x00000000   Number         0  llushr.o ABSOLUTE
    ../clib/microlib/stubs.s                 0x00000000   Number         0  iusefp.o ABSOLUTE
    ../fplib/microlib/d2f.c                  0x00000000   Number         0  d2f.o ABSOLUTE
    ../fplib/microlib/f2d.c                  0x00000000   Number         0  f2d.o ABSOLUTE
    ../fplib/microlib/fpepilogue.c           0x00000000   Number         0  fepilogue.o ABSOLUTE
    ../fplib/microlib/fpepilogue.c           0x00000000   Number         0  depilogue.o ABSOLUTE
    ../fplib/microlib/fpmul.c                0x00000000   Number         0  dmul.o ABSOLUTE
    ..\CORE\startup_stm32f40_41xxx.s         0x00000000   Number         0  startup_stm32f40_41xxx.o ABSOLUTE
    ..\FWLIB\src\misc.c                      0x00000000   Number         0  misc.o ABSOLUTE
    ..\FWLIB\src\stm32f4xx_adc.c             0x00000000   Number         0  stm32f4xx_adc.o ABSOLUTE
    ..\FWLIB\src\stm32f4xx_can.c             0x00000000   Number         0  stm32f4xx_can.o ABSOLUTE
    ..\FWLIB\src\stm32f4xx_crc.c             0x00000000   Number         0  stm32f4xx_crc.o ABSOLUTE
    ..\FWLIB\src\stm32f4xx_cryp.c            0x00000000   Number         0  stm32f4xx_cryp.o ABSOLUTE
    ..\FWLIB\src\stm32f4xx_cryp_aes.c        0x00000000   Number         0  stm32f4xx_cryp_aes.o ABSOLUTE
    ..\FWLIB\src\stm32f4xx_cryp_des.c        0x00000000   Number         0  stm32f4xx_cryp_des.o ABSOLUTE
    ..\FWLIB\src\stm32f4xx_cryp_tdes.c       0x00000000   Number         0  stm32f4xx_cryp_tdes.o ABSOLUTE
    ..\FWLIB\src\stm32f4xx_dac.c             0x00000000   Number         0  stm32f4xx_dac.o ABSOLUTE
    ..\FWLIB\src\stm32f4xx_dbgmcu.c          0x00000000   Number         0  stm32f4xx_dbgmcu.o ABSOLUTE
    ..\FWLIB\src\stm32f4xx_dcmi.c            0x00000000   Number         0  stm32f4xx_dcmi.o ABSOLUTE
    ..\FWLIB\src\stm32f4xx_dma.c             0x00000000   Number         0  stm32f4xx_dma.o ABSOLUTE
    ..\FWLIB\src\stm32f4xx_dma2d.c           0x00000000   Number         0  stm32f4xx_dma2d.o ABSOLUTE
    ..\FWLIB\src\stm32f4xx_exti.c            0x00000000   Number         0  stm32f4xx_exti.o ABSOLUTE
    ..\FWLIB\src\stm32f4xx_flash.c           0x00000000   Number         0  stm32f4xx_flash.o ABSOLUTE
    ..\FWLIB\src\stm32f4xx_flash_ramfunc.c   0x00000000   Number         0  stm32f4xx_flash_ramfunc.o ABSOLUTE
    ..\FWLIB\src\stm32f4xx_fsmc.c            0x00000000   Number         0  stm32f4xx_fsmc.o ABSOLUTE
    ..\FWLIB\src\stm32f4xx_gpio.c            0x00000000   Number         0  stm32f4xx_gpio.o ABSOLUTE
    ..\FWLIB\src\stm32f4xx_hash.c            0x00000000   Number         0  stm32f4xx_hash.o ABSOLUTE
    ..\FWLIB\src\stm32f4xx_hash_md5.c        0x00000000   Number         0  stm32f4xx_hash_md5.o ABSOLUTE
    ..\FWLIB\src\stm32f4xx_hash_sha1.c       0x00000000   Number         0  stm32f4xx_hash_sha1.o ABSOLUTE
    ..\FWLIB\src\stm32f4xx_i2c.c             0x00000000   Number         0  stm32f4xx_i2c.o ABSOLUTE
    ..\FWLIB\src\stm32f4xx_iwdg.c            0x00000000   Number         0  stm32f4xx_iwdg.o ABSOLUTE
    ..\FWLIB\src\stm32f4xx_ltdc.c            0x00000000   Number         0  stm32f4xx_ltdc.o ABSOLUTE
    ..\FWLIB\src\stm32f4xx_pwr.c             0x00000000   Number         0  stm32f4xx_pwr.o ABSOLUTE
    ..\FWLIB\src\stm32f4xx_rcc.c             0x00000000   Number         0  stm32f4xx_rcc.o ABSOLUTE
    ..\FWLIB\src\stm32f4xx_rng.c             0x00000000   Number         0  stm32f4xx_rng.o ABSOLUTE
    ..\FWLIB\src\stm32f4xx_rtc.c             0x00000000   Number         0  stm32f4xx_rtc.o ABSOLUTE
    ..\FWLIB\src\stm32f4xx_sai.c             0x00000000   Number         0  stm32f4xx_sai.o ABSOLUTE
    ..\FWLIB\src\stm32f4xx_sdio.c            0x00000000   Number         0  stm32f4xx_sdio.o ABSOLUTE
    ..\FWLIB\src\stm32f4xx_spi.c             0x00000000   Number         0  stm32f4xx_spi.o ABSOLUTE
    ..\FWLIB\src\stm32f4xx_syscfg.c          0x00000000   Number         0  stm32f4xx_syscfg.o ABSOLUTE
    ..\FWLIB\src\stm32f4xx_tim.c             0x00000000   Number         0  stm32f4xx_tim.o ABSOLUTE
    ..\FWLIB\src\stm32f4xx_usart.c           0x00000000   Number         0  stm32f4xx_usart.o ABSOLUTE
    ..\FWLIB\src\stm32f4xx_wwdg.c            0x00000000   Number         0  stm32f4xx_wwdg.o ABSOLUTE
    ..\HARDWARE\EC11\ec11.c                  0x00000000   Number         0  ec11.o ABSOLUTE
    ..\HARDWARE\EXTI\exti.c                  0x00000000   Number         0  exti.o ABSOLUTE
    ..\HARDWARE\LED\led.c                    0x00000000   Number         0  led.o ABSOLUTE
    ..\HARDWARE\LIMIT\limit.c                0x00000000   Number         0  limit.o ABSOLUTE
    ..\HARDWARE\MOTOR\motor.c                0x00000000   Number         0  motor.o ABSOLUTE
    ..\HARDWARE\MULTIMENU\multimenu.c        0x00000000   Number         0  multimenu.o ABSOLUTE
    ..\HARDWARE\NRF24L01\24l01.c             0x00000000   Number         0  24l01.o ABSOLUTE
    ..\HARDWARE\NRF24L01\spi.c               0x00000000   Number         0  spi.o ABSOLUTE
    ..\HARDWARE\POWER\power.c                0x00000000   Number         0  power.o ABSOLUTE
    ..\HARDWARE\STEPPER\stepper.c            0x00000000   Number         0  stepper.o ABSOLUTE
    ..\HARDWARE\TIMER\timer.c                0x00000000   Number         0  timer.o ABSOLUTE
    ..\HARDWARE\USART1\usart1.c              0x00000000   Number         0  usart1.o ABSOLUTE
    ..\HARDWARE\USART3\UART3.c               0x00000000   Number         0  uart3.o ABSOLUTE
    ..\HARDWARE\beep\beep.c                  0x00000000   Number         0  beep.o ABSOLUTE
    ..\HARDWARE\encode\encode.c              0x00000000   Number         0  encode.o ABSOLUTE
    ..\HARDWARE\key\key.c                    0x00000000   Number         0  key.o ABSOLUTE
    ..\HARDWARE\oled\oled.c                  0x00000000   Number         0  oled.o ABSOLUTE
    ..\SYSTEM\delay\delay.c                  0x00000000   Number         0  delay.o ABSOLUTE
    ..\SYSTEM\sys\sys.c                      0x00000000   Number         0  sys.o ABSOLUTE
    ..\\FWLIB\\src\\misc.c                   0x00000000   Number         0  misc.o ABSOLUTE
    ..\\FWLIB\\src\\stm32f4xx_adc.c          0x00000000   Number         0  stm32f4xx_adc.o ABSOLUTE
    ..\\FWLIB\\src\\stm32f4xx_can.c          0x00000000   Number         0  stm32f4xx_can.o ABSOLUTE
    ..\\FWLIB\\src\\stm32f4xx_crc.c          0x00000000   Number         0  stm32f4xx_crc.o ABSOLUTE
    ..\\FWLIB\\src\\stm32f4xx_cryp.c         0x00000000   Number         0  stm32f4xx_cryp.o ABSOLUTE
    ..\\FWLIB\\src\\stm32f4xx_cryp_aes.c     0x00000000   Number         0  stm32f4xx_cryp_aes.o ABSOLUTE
    ..\\FWLIB\\src\\stm32f4xx_cryp_des.c     0x00000000   Number         0  stm32f4xx_cryp_des.o ABSOLUTE
    ..\\FWLIB\\src\\stm32f4xx_cryp_tdes.c    0x00000000   Number         0  stm32f4xx_cryp_tdes.o ABSOLUTE
    ..\\FWLIB\\src\\stm32f4xx_dac.c          0x00000000   Number         0  stm32f4xx_dac.o ABSOLUTE
    ..\\FWLIB\\src\\stm32f4xx_dbgmcu.c       0x00000000   Number         0  stm32f4xx_dbgmcu.o ABSOLUTE
    ..\\FWLIB\\src\\stm32f4xx_dcmi.c         0x00000000   Number         0  stm32f4xx_dcmi.o ABSOLUTE
    ..\\FWLIB\\src\\stm32f4xx_dma.c          0x00000000   Number         0  stm32f4xx_dma.o ABSOLUTE
    ..\\FWLIB\\src\\stm32f4xx_dma2d.c        0x00000000   Number         0  stm32f4xx_dma2d.o ABSOLUTE
    ..\\FWLIB\\src\\stm32f4xx_exti.c         0x00000000   Number         0  stm32f4xx_exti.o ABSOLUTE
    ..\\FWLIB\\src\\stm32f4xx_flash.c        0x00000000   Number         0  stm32f4xx_flash.o ABSOLUTE
    ..\\FWLIB\\src\\stm32f4xx_flash_ramfunc.c 0x00000000   Number         0  stm32f4xx_flash_ramfunc.o ABSOLUTE
    ..\\FWLIB\\src\\stm32f4xx_fsmc.c         0x00000000   Number         0  stm32f4xx_fsmc.o ABSOLUTE
    ..\\FWLIB\\src\\stm32f4xx_gpio.c         0x00000000   Number         0  stm32f4xx_gpio.o ABSOLUTE
    ..\\FWLIB\\src\\stm32f4xx_hash.c         0x00000000   Number         0  stm32f4xx_hash.o ABSOLUTE
    ..\\FWLIB\\src\\stm32f4xx_hash_md5.c     0x00000000   Number         0  stm32f4xx_hash_md5.o ABSOLUTE
    ..\\FWLIB\\src\\stm32f4xx_hash_sha1.c    0x00000000   Number         0  stm32f4xx_hash_sha1.o ABSOLUTE
    ..\\FWLIB\\src\\stm32f4xx_i2c.c          0x00000000   Number         0  stm32f4xx_i2c.o ABSOLUTE
    ..\\FWLIB\\src\\stm32f4xx_iwdg.c         0x00000000   Number         0  stm32f4xx_iwdg.o ABSOLUTE
    ..\\FWLIB\\src\\stm32f4xx_ltdc.c         0x00000000   Number         0  stm32f4xx_ltdc.o ABSOLUTE
    ..\\FWLIB\\src\\stm32f4xx_pwr.c          0x00000000   Number         0  stm32f4xx_pwr.o ABSOLUTE
    ..\\FWLIB\\src\\stm32f4xx_rcc.c          0x00000000   Number         0  stm32f4xx_rcc.o ABSOLUTE
    ..\\FWLIB\\src\\stm32f4xx_rng.c          0x00000000   Number         0  stm32f4xx_rng.o ABSOLUTE
    ..\\FWLIB\\src\\stm32f4xx_rtc.c          0x00000000   Number         0  stm32f4xx_rtc.o ABSOLUTE
    ..\\FWLIB\\src\\stm32f4xx_sai.c          0x00000000   Number         0  stm32f4xx_sai.o ABSOLUTE
    ..\\FWLIB\\src\\stm32f4xx_sdio.c         0x00000000   Number         0  stm32f4xx_sdio.o ABSOLUTE
    ..\\FWLIB\\src\\stm32f4xx_spi.c          0x00000000   Number         0  stm32f4xx_spi.o ABSOLUTE
    ..\\FWLIB\\src\\stm32f4xx_syscfg.c       0x00000000   Number         0  stm32f4xx_syscfg.o ABSOLUTE
    ..\\FWLIB\\src\\stm32f4xx_tim.c          0x00000000   Number         0  stm32f4xx_tim.o ABSOLUTE
    ..\\FWLIB\\src\\stm32f4xx_usart.c        0x00000000   Number         0  stm32f4xx_usart.o ABSOLUTE
    ..\\FWLIB\\src\\stm32f4xx_wwdg.c         0x00000000   Number         0  stm32f4xx_wwdg.o ABSOLUTE
    ..\\HARDWARE\\EC11\\ec11.c               0x00000000   Number         0  ec11.o ABSOLUTE
    ..\\HARDWARE\\EXTI\\exti.c               0x00000000   Number         0  exti.o ABSOLUTE
    ..\\HARDWARE\\LED\\led.c                 0x00000000   Number         0  led.o ABSOLUTE
    ..\\HARDWARE\\LIMIT\\limit.c             0x00000000   Number         0  limit.o ABSOLUTE
    ..\\HARDWARE\\MOTOR\\motor.c             0x00000000   Number         0  motor.o ABSOLUTE
    ..\\HARDWARE\\MULTIMENU\\multimenu.c     0x00000000   Number         0  multimenu.o ABSOLUTE
    ..\\HARDWARE\\NRF24L01\\24l01.c          0x00000000   Number         0  24l01.o ABSOLUTE
    ..\\HARDWARE\\NRF24L01\\spi.c            0x00000000   Number         0  spi.o ABSOLUTE
    ..\\HARDWARE\\POWER\\power.c             0x00000000   Number         0  power.o ABSOLUTE
    ..\\HARDWARE\\STEPPER\\stepper.c         0x00000000   Number         0  stepper.o ABSOLUTE
    ..\\HARDWARE\\TIMER\\timer.c             0x00000000   Number         0  timer.o ABSOLUTE
    ..\\HARDWARE\\USART3\\UART3.c            0x00000000   Number         0  uart3.o ABSOLUTE
    ..\\HARDWARE\\beep\\beep.c               0x00000000   Number         0  beep.o ABSOLUTE
    ..\\HARDWARE\\encode\\encode.c           0x00000000   Number         0  encode.o ABSOLUTE
    ..\\HARDWARE\\key\\key.c                 0x00000000   Number         0  key.o ABSOLUTE
    ..\\HARDWARE\\oled\\oled.c               0x00000000   Number         0  oled.o ABSOLUTE
    ..\\SYSTEM\\delay\\delay.c               0x00000000   Number         0  delay.o ABSOLUTE
    ..\\SYSTEM\\sys\\sys.c                   0x00000000   Number         0  sys.o ABSOLUTE
    dc.s                                     0x00000000   Number         0  dc.o ABSOLUTE
    handlers.s                               0x00000000   Number         0  handlers.o ABSOLUTE
    init.s                                   0x00000000   Number         0  init.o ABSOLUTE
    main.c                                   0x00000000   Number         0  main.o ABSOLUTE
    main.c                                   0x00000000   Number         0  main.o ABSOLUTE
    stm32f4xx_it.c                           0x00000000   Number         0  stm32f4xx_it.o ABSOLUTE
    stm32f4xx_it.c                           0x00000000   Number         0  stm32f4xx_it.o ABSOLUTE
    system_stm32f4xx.c                       0x00000000   Number         0  system_stm32f4xx.o ABSOLUTE
    system_stm32f4xx.c                       0x00000000   Number         0  system_stm32f4xx.o ABSOLUTE
    RESET                                    0x08000000   Section      392  startup_stm32f40_41xxx.o(RESET)
    .ARM.Collect$$$$00000000                 0x08000188   Section        0  entry.o(.ARM.Collect$$$$00000000)
    .ARM.Collect$$$$00000001                 0x08000188   Section        4  entry2.o(.ARM.Collect$$$$00000001)
    .ARM.Collect$$$$00000004                 0x0800018c   Section        4  entry5.o(.ARM.Collect$$$$00000004)
    .ARM.Collect$$$$00000008                 0x08000190   Section        0  entry7b.o(.ARM.Collect$$$$00000008)
    .ARM.Collect$$$$0000000A                 0x08000190   Section        0  entry8b.o(.ARM.Collect$$$$0000000A)
    .ARM.Collect$$$$0000000B                 0x08000190   Section        8  entry9a.o(.ARM.Collect$$$$0000000B)
    .ARM.Collect$$$$0000000D                 0x08000198   Section        0  entry10a.o(.ARM.Collect$$$$0000000D)
    .ARM.Collect$$$$0000000F                 0x08000198   Section        0  entry11a.o(.ARM.Collect$$$$0000000F)
    .ARM.Collect$$$$00002712                 0x08000198   Section        4  entry2.o(.ARM.Collect$$$$00002712)
    __lit__00000000                          0x08000198   Data           4  entry2.o(.ARM.Collect$$$$00002712)
    .text                                    0x0800019c   Section        0  main.o(.text)
    .text                                    0x08000360   Section        0  stm32f4xx_it.o(.text)
    .text                                    0x0800037c   Section        0  system_stm32f4xx.o(.text)
    SetSysClock                              0x0800037d   Thumb Code   220  system_stm32f4xx.o(.text)
    .text                                    0x0800058c   Section       36  startup_stm32f40_41xxx.o(.text)
    $v0                                      0x0800058c   Number         0  startup_stm32f40_41xxx.o(.text)
    .text                                    0x080005b0   Section        0  misc.o(.text)
    .text                                    0x08000690   Section        0  stm32f4xx_adc.o(.text)
    .text                                    0x08000af4   Section        0  stm32f4xx_exti.o(.text)
    .text                                    0x08000c04   Section        0  stm32f4xx_gpio.o(.text)
    .text                                    0x08000e98   Section        0  stm32f4xx_rcc.o(.text)
    .text                                    0x080014f4   Section        0  stm32f4xx_spi.o(.text)
    .text                                    0x08001974   Section        0  stm32f4xx_syscfg.o(.text)
    .text                                    0x08001a08   Section        0  stm32f4xx_tim.o(.text)
    TI4_Config                               0x080021a7   Thumb Code    80  stm32f4xx_tim.o(.text)
    TI3_Config                               0x08002209   Thumb Code    72  stm32f4xx_tim.o(.text)
    TI2_Config                               0x0800226b   Thumb Code    90  stm32f4xx_tim.o(.text)
    TI1_Config                               0x080022d7   Thumb Code    58  stm32f4xx_tim.o(.text)
    .text                                    0x080026ac   Section        0  stm32f4xx_usart.o(.text)
    .text                                    0x08002b00   Section        0  delay.o(.text)
    .text                                    0x08002c04   Section        0  beep.o(.text)
    .text                                    0x08002c3c   Section        0  key.o(.text)
    .text                                    0x08002cec   Section        0  oled.o(.text)
    .text                                    0x08003958   Section        0  led.o(.text)
    .text                                    0x08003990   Section        0  ec11.o(.text)
    .text                                    0x08003b2c   Section        0  power.o(.text)
    Get_Adc                                  0x08003ba9   Thumb Code    44  power.o(.text)
    Get_Adc_Average                          0x08003bd5   Thumb Code    46  power.o(.text)
    .text                                    0x08003d2c   Section        0  stepper.o(.text)
    usart_SendCmd                            0x08003d2d   Thumb Code    52  stepper.o(.text)
    Smart_Motor_Pos_Run                      0x08003eb9   Thumb Code   128  stepper.o(.text)
    .text                                    0x08004264   Section        0  motor.o(.text)
    .text                                    0x08004400   Section        0  24l01.o(.text)
    .text                                    0x0800476c   Section        0  spi.o(.text)
    .text                                    0x08004884   Section        0  timer.o(.text)
    .text                                    0x080049d0   Section        0  exti.o(.text)
    .text                                    0x08004ac8   Section        0  uart3.o(.text)
    .text                                    0x08004c3c   Section        0  encode.o(.text)
    .text                                    0x08004eb4   Section        0  limit.o(.text)
    .text                                    0x08004f00   Section        0  dmul.o(.text)
    .text                                    0x08004fe4   Section        0  f2d.o(.text)
    .text                                    0x0800500a   Section        0  d2f.o(.text)
    .text                                    0x08005042   Section        0  fepilogue.o(.text)
    .text                                    0x08005042   Section        0  iusefp.o(.text)
    .text                                    0x080050b0   Section        0  depilogue.o(.text)
    .text                                    0x0800516c   Section       36  init.o(.text)
    .text                                    0x08005190   Section        0  llshl.o(.text)
    .text                                    0x080051ae   Section        0  llushr.o(.text)
    i.__scatterload_copy                     0x080051ce   Section       14  handlers.o(i.__scatterload_copy)
    i.__scatterload_null                     0x080051dc   Section        2  handlers.o(i.__scatterload_null)
    i.__scatterload_zeroinit                 0x080051de   Section       14  handlers.o(i.__scatterload_zeroinit)
    .constdata                               0x080051ec   Section     7856  oled.o(.constdata)
    .constdata                               0x0800709c   Section       10  24l01.o(.constdata)
    .data                                    0x20000000   Section       24  main.o(.data)
    EC11_A1_Last                             0x20000000   Data           1  main.o(.data)
    EC11_B1_Last                             0x20000001   Data           1  main.o(.data)
    EC11_KEY1_Last                           0x20000002   Data           1  main.o(.data)
    .data                                    0x20000018   Section       20  system_stm32f4xx.o(.data)
    .data                                    0x2000002c   Section       16  stm32f4xx_rcc.o(.data)
    APBAHBPrescTable                         0x2000002c   Data          16  stm32f4xx_rcc.o(.data)
    .data                                    0x2000003c   Section        4  delay.o(.data)
    fac_us                                   0x2000003c   Data           1  delay.o(.data)
    fac_ms                                   0x2000003e   Data           2  delay.o(.data)
    .data                                    0x20000040   Section        2  key.o(.data)
    key_up                                   0x20000041   Data           1  key.o(.data)
    .data                                    0x20000042   Section        4  ec11.o(.data)
    EC11_A1_Last                             0x20000042   Data           1  ec11.o(.data)
    EC11_B1_Last                             0x20000043   Data           1  ec11.o(.data)
    EC11_KEY1_Last                           0x20000044   Data           1  ec11.o(.data)
    .data                                    0x20000046   Section        5  uart3.o(.data)
    .data                                    0x2000004c   Section        8  encode.o(.data)
    .bss                                     0x20000054   Section     1152  oled.o(.bss)
    .bss                                     0x200004d4   Section       33  24l01.o(.bss)
    .bss                                     0x200004f5   Section       10  uart3.o(.bss)
    .bss                                     0x20000500   Section       40  encode.o(.bss)
    STACK                                    0x20000528   Section     1024  startup_stm32f40_41xxx.o(STACK)

    Global Symbols

    Symbol Name                              Value     Ov Type        Size  Object(Section)

    BuildAttributes$$THM_ISAv4$E$P$D$K$B$S$7EM$VFPi3$EXTD16$VFPS$VFMA$PE$A:L22UL41UL21$X:L11$S22US41US21$IEEE1$IW$USESV6$~STKCKD$USESV7$~SHL$OTIME$ROPI$EBA8$MICROLIB$REQ8$PRES8$EABIv2 0x00000000   Number         0  anon$$obj.o ABSOLUTE
    __ARM_use_no_argv                        0x00000000   Number         0  main.o ABSOLUTE
    __cpp_initialize__aeabi_                  - Undefined Weak Reference
    __cxa_finalize                            - Undefined Weak Reference
    __decompress                              - Undefined Weak Reference
    _clock_init                               - Undefined Weak Reference
    _microlib_exit                            - Undefined Weak Reference
    __Vectors_Size                           0x00000188   Number         0  startup_stm32f40_41xxx.o ABSOLUTE
    __Vectors                                0x08000000   Data           4  startup_stm32f40_41xxx.o(RESET)
    __Vectors_End                            0x08000188   Data           0  startup_stm32f40_41xxx.o(RESET)
    __main                                   0x08000189   Thumb Code     0  entry.o(.ARM.Collect$$$$00000000)
    _main_stk                                0x08000189   Thumb Code     0  entry2.o(.ARM.Collect$$$$00000001)
    _main_scatterload                        0x0800018d   Thumb Code     0  entry5.o(.ARM.Collect$$$$00000004)
    __main_after_scatterload                 0x08000191   Thumb Code     0  entry5.o(.ARM.Collect$$$$00000004)
    _main_clock                              0x08000191   Thumb Code     0  entry7b.o(.ARM.Collect$$$$00000008)
    _main_cpp_init                           0x08000191   Thumb Code     0  entry8b.o(.ARM.Collect$$$$0000000A)
    _main_init                               0x08000191   Thumb Code     0  entry9a.o(.ARM.Collect$$$$0000000B)
    __rt_final_cpp                           0x08000199   Thumb Code     0  entry10a.o(.ARM.Collect$$$$0000000D)
    __rt_final_exit                          0x08000199   Thumb Code     0  entry11a.o(.ARM.Collect$$$$0000000F)
    main                                     0x0800019d   Thumb Code   418  main.o(.text)
    NMI_Handler                              0x08000361   Thumb Code     2  stm32f4xx_it.o(.text)
    HardFault_Handler                        0x08000363   Thumb Code     4  stm32f4xx_it.o(.text)
    MemManage_Handler                        0x08000367   Thumb Code     4  stm32f4xx_it.o(.text)
    BusFault_Handler                         0x0800036b   Thumb Code     4  stm32f4xx_it.o(.text)
    UsageFault_Handler                       0x0800036f   Thumb Code     4  stm32f4xx_it.o(.text)
    SVC_Handler                              0x08000373   Thumb Code     2  stm32f4xx_it.o(.text)
    DebugMon_Handler                         0x08000375   Thumb Code     2  stm32f4xx_it.o(.text)
    PendSV_Handler                           0x08000377   Thumb Code     2  stm32f4xx_it.o(.text)
    SysTick_Handler                          0x08000379   Thumb Code     2  stm32f4xx_it.o(.text)
    SystemInit                               0x08000459   Thumb Code    88  system_stm32f4xx.o(.text)
    SystemCoreClockUpdate                    0x080004b1   Thumb Code   174  system_stm32f4xx.o(.text)
    Reset_Handler                            0x0800058d   Thumb Code     8  startup_stm32f40_41xxx.o(.text)
    ADC_IRQHandler                           0x080005a7   Thumb Code     0  startup_stm32f40_41xxx.o(.text)
    CAN1_RX0_IRQHandler                      0x080005a7   Thumb Code     0  startup_stm32f40_41xxx.o(.text)
    CAN1_RX1_IRQHandler                      0x080005a7   Thumb Code     0  startup_stm32f40_41xxx.o(.text)
    CAN1_SCE_IRQHandler                      0x080005a7   Thumb Code     0  startup_stm32f40_41xxx.o(.text)
    CAN1_TX_IRQHandler                       0x080005a7   Thumb Code     0  startup_stm32f40_41xxx.o(.text)
    CAN2_RX0_IRQHandler                      0x080005a7   Thumb Code     0  startup_stm32f40_41xxx.o(.text)
    CAN2_RX1_IRQHandler                      0x080005a7   Thumb Code     0  startup_stm32f40_41xxx.o(.text)
    CAN2_SCE_IRQHandler                      0x080005a7   Thumb Code     0  startup_stm32f40_41xxx.o(.text)
    CAN2_TX_IRQHandler                       0x080005a7   Thumb Code     0  startup_stm32f40_41xxx.o(.text)
    CRYP_IRQHandler                          0x080005a7   Thumb Code     0  startup_stm32f40_41xxx.o(.text)
    DCMI_IRQHandler                          0x080005a7   Thumb Code     0  startup_stm32f40_41xxx.o(.text)
    DMA1_Stream0_IRQHandler                  0x080005a7   Thumb Code     0  startup_stm32f40_41xxx.o(.text)
    DMA1_Stream1_IRQHandler                  0x080005a7   Thumb Code     0  startup_stm32f40_41xxx.o(.text)
    DMA1_Stream2_IRQHandler                  0x080005a7   Thumb Code     0  startup_stm32f40_41xxx.o(.text)
    DMA1_Stream3_IRQHandler                  0x080005a7   Thumb Code     0  startup_stm32f40_41xxx.o(.text)
    DMA1_Stream4_IRQHandler                  0x080005a7   Thumb Code     0  startup_stm32f40_41xxx.o(.text)
    DMA1_Stream5_IRQHandler                  0x080005a7   Thumb Code     0  startup_stm32f40_41xxx.o(.text)
    DMA1_Stream6_IRQHandler                  0x080005a7   Thumb Code     0  startup_stm32f40_41xxx.o(.text)
    DMA1_Stream7_IRQHandler                  0x080005a7   Thumb Code     0  startup_stm32f40_41xxx.o(.text)
    DMA2_Stream0_IRQHandler                  0x080005a7   Thumb Code     0  startup_stm32f40_41xxx.o(.text)
    DMA2_Stream1_IRQHandler                  0x080005a7   Thumb Code     0  startup_stm32f40_41xxx.o(.text)
    DMA2_Stream2_IRQHandler                  0x080005a7   Thumb Code     0  startup_stm32f40_41xxx.o(.text)
    DMA2_Stream3_IRQHandler                  0x080005a7   Thumb Code     0  startup_stm32f40_41xxx.o(.text)
    DMA2_Stream4_IRQHandler                  0x080005a7   Thumb Code     0  startup_stm32f40_41xxx.o(.text)
    DMA2_Stream5_IRQHandler                  0x080005a7   Thumb Code     0  startup_stm32f40_41xxx.o(.text)
    DMA2_Stream6_IRQHandler                  0x080005a7   Thumb Code     0  startup_stm32f40_41xxx.o(.text)
    DMA2_Stream7_IRQHandler                  0x080005a7   Thumb Code     0  startup_stm32f40_41xxx.o(.text)
    ETH_IRQHandler                           0x080005a7   Thumb Code     0  startup_stm32f40_41xxx.o(.text)
    ETH_WKUP_IRQHandler                      0x080005a7   Thumb Code     0  startup_stm32f40_41xxx.o(.text)
    EXTI0_IRQHandler                         0x080005a7   Thumb Code     0  startup_stm32f40_41xxx.o(.text)
    EXTI1_IRQHandler                         0x080005a7   Thumb Code     0  startup_stm32f40_41xxx.o(.text)
    EXTI2_IRQHandler                         0x080005a7   Thumb Code     0  startup_stm32f40_41xxx.o(.text)
    EXTI3_IRQHandler                         0x080005a7   Thumb Code     0  startup_stm32f40_41xxx.o(.text)
    EXTI4_IRQHandler                         0x080005a7   Thumb Code     0  startup_stm32f40_41xxx.o(.text)
    FLASH_IRQHandler                         0x080005a7   Thumb Code     0  startup_stm32f40_41xxx.o(.text)
    FPU_IRQHandler                           0x080005a7   Thumb Code     0  startup_stm32f40_41xxx.o(.text)
    FSMC_IRQHandler                          0x080005a7   Thumb Code     0  startup_stm32f40_41xxx.o(.text)
    HASH_RNG_IRQHandler                      0x080005a7   Thumb Code     0  startup_stm32f40_41xxx.o(.text)
    I2C1_ER_IRQHandler                       0x080005a7   Thumb Code     0  startup_stm32f40_41xxx.o(.text)
    I2C1_EV_IRQHandler                       0x080005a7   Thumb Code     0  startup_stm32f40_41xxx.o(.text)
    I2C2_ER_IRQHandler                       0x080005a7   Thumb Code     0  startup_stm32f40_41xxx.o(.text)
    I2C2_EV_IRQHandler                       0x080005a7   Thumb Code     0  startup_stm32f40_41xxx.o(.text)
    I2C3_ER_IRQHandler                       0x080005a7   Thumb Code     0  startup_stm32f40_41xxx.o(.text)
    I2C3_EV_IRQHandler                       0x080005a7   Thumb Code     0  startup_stm32f40_41xxx.o(.text)
    OTG_FS_IRQHandler                        0x080005a7   Thumb Code     0  startup_stm32f40_41xxx.o(.text)
    OTG_FS_WKUP_IRQHandler                   0x080005a7   Thumb Code     0  startup_stm32f40_41xxx.o(.text)
    OTG_HS_EP1_IN_IRQHandler                 0x080005a7   Thumb Code     0  startup_stm32f40_41xxx.o(.text)
    OTG_HS_EP1_OUT_IRQHandler                0x080005a7   Thumb Code     0  startup_stm32f40_41xxx.o(.text)
    OTG_HS_IRQHandler                        0x080005a7   Thumb Code     0  startup_stm32f40_41xxx.o(.text)
    OTG_HS_WKUP_IRQHandler                   0x080005a7   Thumb Code     0  startup_stm32f40_41xxx.o(.text)
    PVD_IRQHandler                           0x080005a7   Thumb Code     0  startup_stm32f40_41xxx.o(.text)
    RCC_IRQHandler                           0x080005a7   Thumb Code     0  startup_stm32f40_41xxx.o(.text)
    RTC_Alarm_IRQHandler                     0x080005a7   Thumb Code     0  startup_stm32f40_41xxx.o(.text)
    RTC_WKUP_IRQHandler                      0x080005a7   Thumb Code     0  startup_stm32f40_41xxx.o(.text)
    SDIO_IRQHandler                          0x080005a7   Thumb Code     0  startup_stm32f40_41xxx.o(.text)
    SPI1_IRQHandler                          0x080005a7   Thumb Code     0  startup_stm32f40_41xxx.o(.text)
    SPI2_IRQHandler                          0x080005a7   Thumb Code     0  startup_stm32f40_41xxx.o(.text)
    SPI3_IRQHandler                          0x080005a7   Thumb Code     0  startup_stm32f40_41xxx.o(.text)
    TAMP_STAMP_IRQHandler                    0x080005a7   Thumb Code     0  startup_stm32f40_41xxx.o(.text)
    TIM1_BRK_TIM9_IRQHandler                 0x080005a7   Thumb Code     0  startup_stm32f40_41xxx.o(.text)
    TIM1_CC_IRQHandler                       0x080005a7   Thumb Code     0  startup_stm32f40_41xxx.o(.text)
    TIM1_TRG_COM_TIM11_IRQHandler            0x080005a7   Thumb Code     0  startup_stm32f40_41xxx.o(.text)
    TIM1_UP_TIM10_IRQHandler                 0x080005a7   Thumb Code     0  startup_stm32f40_41xxx.o(.text)
    TIM2_IRQHandler                          0x080005a7   Thumb Code     0  startup_stm32f40_41xxx.o(.text)
    TIM3_IRQHandler                          0x080005a7   Thumb Code     0  startup_stm32f40_41xxx.o(.text)
    TIM4_IRQHandler                          0x080005a7   Thumb Code     0  startup_stm32f40_41xxx.o(.text)
    TIM5_IRQHandler                          0x080005a7   Thumb Code     0  startup_stm32f40_41xxx.o(.text)
    TIM8_BRK_TIM12_IRQHandler                0x080005a7   Thumb Code     0  startup_stm32f40_41xxx.o(.text)
    TIM8_CC_IRQHandler                       0x080005a7   Thumb Code     0  startup_stm32f40_41xxx.o(.text)
    TIM8_TRG_COM_TIM14_IRQHandler            0x080005a7   Thumb Code     0  startup_stm32f40_41xxx.o(.text)
    TIM8_UP_TIM13_IRQHandler                 0x080005a7   Thumb Code     0  startup_stm32f40_41xxx.o(.text)
    UART4_IRQHandler                         0x080005a7   Thumb Code     0  startup_stm32f40_41xxx.o(.text)
    UART5_IRQHandler                         0x080005a7   Thumb Code     0  startup_stm32f40_41xxx.o(.text)
    USART1_IRQHandler                        0x080005a7   Thumb Code     0  startup_stm32f40_41xxx.o(.text)
    USART2_IRQHandler                        0x080005a7   Thumb Code     0  startup_stm32f40_41xxx.o(.text)
    USART6_IRQHandler                        0x080005a7   Thumb Code     0  startup_stm32f40_41xxx.o(.text)
    WWDG_IRQHandler                          0x080005a7   Thumb Code     0  startup_stm32f40_41xxx.o(.text)
    NVIC_PriorityGroupConfig                 0x080005b1   Thumb Code    10  misc.o(.text)
    NVIC_Init                                0x080005bb   Thumb Code   106  misc.o(.text)
    NVIC_SetVectorTable                      0x08000625   Thumb Code    14  misc.o(.text)
    NVIC_SystemLPConfig                      0x08000633   Thumb Code    34  misc.o(.text)
    SysTick_CLKSourceConfig                  0x08000655   Thumb Code    40  misc.o(.text)
    ADC_DeInit                               0x08000691   Thumb Code    22  stm32f4xx_adc.o(.text)
    ADC_Init                                 0x080006a7   Thumb Code    74  stm32f4xx_adc.o(.text)
    ADC_StructInit                           0x080006f1   Thumb Code    20  stm32f4xx_adc.o(.text)
    ADC_CommonInit                           0x08000705   Thumb Code    34  stm32f4xx_adc.o(.text)
    ADC_CommonStructInit                     0x08000727   Thumb Code    12  stm32f4xx_adc.o(.text)
    ADC_Cmd                                  0x08000733   Thumb Code    22  stm32f4xx_adc.o(.text)
    ADC_AnalogWatchdogCmd                    0x08000749   Thumb Code    16  stm32f4xx_adc.o(.text)
    ADC_AnalogWatchdogThresholdsConfig       0x08000759   Thumb Code     6  stm32f4xx_adc.o(.text)
    ADC_AnalogWatchdogSingleChannelConfig    0x0800075f   Thumb Code    16  stm32f4xx_adc.o(.text)
    ADC_TempSensorVrefintCmd                 0x0800076f   Thumb Code    34  stm32f4xx_adc.o(.text)
    ADC_VBATCmd                              0x08000791   Thumb Code    34  stm32f4xx_adc.o(.text)
    ADC_RegularChannelConfig                 0x080007b3   Thumb Code   184  stm32f4xx_adc.o(.text)
    ADC_SoftwareStartConv                    0x0800086b   Thumb Code    10  stm32f4xx_adc.o(.text)
    ADC_GetSoftwareStartConvStatus           0x08000875   Thumb Code    20  stm32f4xx_adc.o(.text)
    ADC_EOCOnEachRegularChannelCmd           0x08000889   Thumb Code    22  stm32f4xx_adc.o(.text)
    ADC_ContinuousModeCmd                    0x0800089f   Thumb Code    22  stm32f4xx_adc.o(.text)
    ADC_DiscModeChannelCountConfig           0x080008b5   Thumb Code    24  stm32f4xx_adc.o(.text)
    ADC_DiscModeCmd                          0x080008cd   Thumb Code    22  stm32f4xx_adc.o(.text)
    ADC_GetConversionValue                   0x080008e3   Thumb Code     8  stm32f4xx_adc.o(.text)
    ADC_GetMultiModeConversionValue          0x080008eb   Thumb Code     8  stm32f4xx_adc.o(.text)
    ADC_DMACmd                               0x080008f3   Thumb Code    22  stm32f4xx_adc.o(.text)
    ADC_DMARequestAfterLastTransferCmd       0x08000909   Thumb Code    22  stm32f4xx_adc.o(.text)
    ADC_MultiModeDMARequestAfterLastTransferCmd 0x0800091f   Thumb Code    34  stm32f4xx_adc.o(.text)
    ADC_InjectedChannelConfig                0x08000941   Thumb Code   130  stm32f4xx_adc.o(.text)
    ADC_InjectedSequencerLengthConfig        0x080009c3   Thumb Code    24  stm32f4xx_adc.o(.text)
    ADC_SetInjectedOffset                    0x080009db   Thumb Code    20  stm32f4xx_adc.o(.text)
    ADC_ExternalTrigInjectedConvConfig       0x080009ef   Thumb Code    16  stm32f4xx_adc.o(.text)
    ADC_ExternalTrigInjectedConvEdgeConfig   0x080009ff   Thumb Code    16  stm32f4xx_adc.o(.text)
    ADC_SoftwareStartInjectedConv            0x08000a0f   Thumb Code    10  stm32f4xx_adc.o(.text)
    ADC_GetSoftwareStartInjectedConvCmdStatus 0x08000a19   Thumb Code    20  stm32f4xx_adc.o(.text)
    ADC_AutoInjectedConvCmd                  0x08000a2d   Thumb Code    22  stm32f4xx_adc.o(.text)
    ADC_InjectedDiscModeCmd                  0x08000a43   Thumb Code    22  stm32f4xx_adc.o(.text)
    ADC_GetInjectedConversionValue           0x08000a59   Thumb Code    28  stm32f4xx_adc.o(.text)
    ADC_ITConfig                             0x08000a75   Thumb Code    56  stm32f4xx_adc.o(.text)
    ADC_GetFlagStatus                        0x08000aad   Thumb Code    18  stm32f4xx_adc.o(.text)
    ADC_ClearFlag                            0x08000abf   Thumb Code     6  stm32f4xx_adc.o(.text)
    ADC_GetITStatus                          0x08000ac5   Thumb Code    38  stm32f4xx_adc.o(.text)
    ADC_ClearITPendingBit                    0x08000aeb   Thumb Code    10  stm32f4xx_adc.o(.text)
    EXTI_DeInit                              0x08000af5   Thumb Code    28  stm32f4xx_exti.o(.text)
    EXTI_Init                                0x08000b11   Thumb Code   142  stm32f4xx_exti.o(.text)
    EXTI_StructInit                          0x08000b9f   Thumb Code    16  stm32f4xx_exti.o(.text)
    EXTI_GenerateSWInterrupt                 0x08000baf   Thumb Code    16  stm32f4xx_exti.o(.text)
    EXTI_GetFlagStatus                       0x08000bbf   Thumb Code    22  stm32f4xx_exti.o(.text)
    EXTI_ClearFlag                           0x08000bd5   Thumb Code     8  stm32f4xx_exti.o(.text)
    EXTI_GetITStatus                         0x08000bdd   Thumb Code    22  stm32f4xx_exti.o(.text)
    EXTI_ClearITPendingBit                   0x08000bf3   Thumb Code     8  stm32f4xx_exti.o(.text)
    GPIO_DeInit                              0x08000c05   Thumb Code   268  stm32f4xx_gpio.o(.text)
    GPIO_Init                                0x08000d11   Thumb Code   144  stm32f4xx_gpio.o(.text)
    GPIO_StructInit                          0x08000da1   Thumb Code    18  stm32f4xx_gpio.o(.text)
    GPIO_PinLockConfig                       0x08000db3   Thumb Code    34  stm32f4xx_gpio.o(.text)
    GPIO_ReadInputDataBit                    0x08000dd5   Thumb Code    18  stm32f4xx_gpio.o(.text)
    GPIO_ReadInputData                       0x08000de7   Thumb Code     8  stm32f4xx_gpio.o(.text)
    GPIO_ReadOutputDataBit                   0x08000def   Thumb Code    18  stm32f4xx_gpio.o(.text)
    GPIO_ReadOutputData                      0x08000e01   Thumb Code     8  stm32f4xx_gpio.o(.text)
    GPIO_SetBits                             0x08000e09   Thumb Code     4  stm32f4xx_gpio.o(.text)
    GPIO_ResetBits                           0x08000e0d   Thumb Code     4  stm32f4xx_gpio.o(.text)
    GPIO_WriteBit                            0x08000e11   Thumb Code    10  stm32f4xx_gpio.o(.text)
    GPIO_Write                               0x08000e1b   Thumb Code     4  stm32f4xx_gpio.o(.text)
    GPIO_ToggleBits                          0x08000e1f   Thumb Code     8  stm32f4xx_gpio.o(.text)
    GPIO_PinAFConfig                         0x08000e27   Thumb Code    70  stm32f4xx_gpio.o(.text)
    RCC_DeInit                               0x08000e99   Thumb Code    82  stm32f4xx_rcc.o(.text)
    RCC_HSEConfig                            0x08000eeb   Thumb Code    14  stm32f4xx_rcc.o(.text)
    RCC_GetFlagStatus                        0x08000ef9   Thumb Code    60  stm32f4xx_rcc.o(.text)
    RCC_WaitForHSEStartUp                    0x08000f35   Thumb Code    56  stm32f4xx_rcc.o(.text)
    RCC_AdjustHSICalibrationValue            0x08000f6d   Thumb Code    20  stm32f4xx_rcc.o(.text)
    RCC_HSICmd                               0x08000f81   Thumb Code     6  stm32f4xx_rcc.o(.text)
    RCC_LSEConfig                            0x08000f87   Thumb Code    46  stm32f4xx_rcc.o(.text)
    RCC_LSICmd                               0x08000fb5   Thumb Code     6  stm32f4xx_rcc.o(.text)
    RCC_PLLConfig                            0x08000fbb   Thumb Code    32  stm32f4xx_rcc.o(.text)
    RCC_PLLCmd                               0x08000fdb   Thumb Code     6  stm32f4xx_rcc.o(.text)
    RCC_PLLI2SConfig                         0x08000fe1   Thumb Code    14  stm32f4xx_rcc.o(.text)
    RCC_PLLI2SCmd                            0x08000fef   Thumb Code     6  stm32f4xx_rcc.o(.text)
    RCC_PLLSAIConfig                         0x08000ff5   Thumb Code    20  stm32f4xx_rcc.o(.text)
    RCC_PLLSAICmd                            0x08001009   Thumb Code     6  stm32f4xx_rcc.o(.text)
    RCC_ClockSecuritySystemCmd               0x0800100f   Thumb Code     6  stm32f4xx_rcc.o(.text)
    RCC_MCO1Config                           0x08001015   Thumb Code    28  stm32f4xx_rcc.o(.text)
    RCC_MCO2Config                           0x08001031   Thumb Code    28  stm32f4xx_rcc.o(.text)
    RCC_SYSCLKConfig                         0x0800104d   Thumb Code    20  stm32f4xx_rcc.o(.text)
    RCC_GetSYSCLKSource                      0x08001061   Thumb Code    12  stm32f4xx_rcc.o(.text)
    RCC_HCLKConfig                           0x0800106d   Thumb Code    20  stm32f4xx_rcc.o(.text)
    RCC_PCLK1Config                          0x08001081   Thumb Code    20  stm32f4xx_rcc.o(.text)
    RCC_PCLK2Config                          0x08001095   Thumb Code    22  stm32f4xx_rcc.o(.text)
    RCC_GetClocksFreq                        0x080010ab   Thumb Code   222  stm32f4xx_rcc.o(.text)
    RCC_RTCCLKConfig                         0x08001189   Thumb Code    54  stm32f4xx_rcc.o(.text)
    RCC_RTCCLKCmd                            0x080011bf   Thumb Code     8  stm32f4xx_rcc.o(.text)
    RCC_BackupResetCmd                       0x080011c7   Thumb Code     8  stm32f4xx_rcc.o(.text)
    RCC_I2SCLKConfig                         0x080011cf   Thumb Code     6  stm32f4xx_rcc.o(.text)
    RCC_SAIPLLI2SClkDivConfig                0x080011d5   Thumb Code    26  stm32f4xx_rcc.o(.text)
    RCC_SAIPLLSAIClkDivConfig                0x080011ef   Thumb Code    28  stm32f4xx_rcc.o(.text)
    RCC_SAIBlockACLKConfig                   0x0800120b   Thumb Code    20  stm32f4xx_rcc.o(.text)
    RCC_SAIBlockBCLKConfig                   0x0800121f   Thumb Code    20  stm32f4xx_rcc.o(.text)
    RCC_LTDCCLKDivConfig                     0x08001233   Thumb Code    20  stm32f4xx_rcc.o(.text)
    RCC_TIMCLKPresConfig                     0x08001247   Thumb Code     6  stm32f4xx_rcc.o(.text)
    RCC_AHB1PeriphClockCmd                   0x0800124d   Thumb Code    34  stm32f4xx_rcc.o(.text)
    RCC_AHB2PeriphClockCmd                   0x0800126f   Thumb Code    78  stm32f4xx_rcc.o(.text)
    RCC_AHB3PeriphClockCmd                   0x080012bd   Thumb Code    34  stm32f4xx_rcc.o(.text)
    RCC_APB1PeriphClockCmd                   0x080012df   Thumb Code    34  stm32f4xx_rcc.o(.text)
    RCC_APB2PeriphClockCmd                   0x08001301   Thumb Code    34  stm32f4xx_rcc.o(.text)
    RCC_AHB1PeriphResetCmd                   0x08001323   Thumb Code    34  stm32f4xx_rcc.o(.text)
    RCC_AHB2PeriphResetCmd                   0x08001345   Thumb Code    34  stm32f4xx_rcc.o(.text)
    RCC_AHB3PeriphResetCmd                   0x08001367   Thumb Code    34  stm32f4xx_rcc.o(.text)
    RCC_APB1PeriphResetCmd                   0x08001389   Thumb Code    34  stm32f4xx_rcc.o(.text)
    RCC_APB2PeriphResetCmd                   0x080013ab   Thumb Code    34  stm32f4xx_rcc.o(.text)
    RCC_AHB1PeriphClockLPModeCmd             0x080013cd   Thumb Code    34  stm32f4xx_rcc.o(.text)
    RCC_AHB2PeriphClockLPModeCmd             0x080013ef   Thumb Code    34  stm32f4xx_rcc.o(.text)
    RCC_AHB3PeriphClockLPModeCmd             0x08001411   Thumb Code    34  stm32f4xx_rcc.o(.text)
    RCC_APB1PeriphClockLPModeCmd             0x08001433   Thumb Code    34  stm32f4xx_rcc.o(.text)
    RCC_APB2PeriphClockLPModeCmd             0x08001455   Thumb Code    34  stm32f4xx_rcc.o(.text)
    RCC_LSEModeConfig                        0x08001477   Thumb Code    40  stm32f4xx_rcc.o(.text)
    RCC_ITConfig                             0x0800149f   Thumb Code    34  stm32f4xx_rcc.o(.text)
    RCC_ClearFlag                            0x080014c1   Thumb Code    18  stm32f4xx_rcc.o(.text)
    RCC_GetITStatus                          0x080014d3   Thumb Code    22  stm32f4xx_rcc.o(.text)
    RCC_ClearITPendingBit                    0x080014e9   Thumb Code     8  stm32f4xx_rcc.o(.text)
    SPI_I2S_DeInit                           0x080014f5   Thumb Code   152  stm32f4xx_spi.o(.text)
    SPI_Init                                 0x0800158d   Thumb Code    60  stm32f4xx_spi.o(.text)
    I2S_Init                                 0x080015c9   Thumb Code   396  stm32f4xx_spi.o(.text)
    SPI_StructInit                           0x08001755   Thumb Code    24  stm32f4xx_spi.o(.text)
    I2S_StructInit                           0x0800176d   Thumb Code    20  stm32f4xx_spi.o(.text)
    SPI_Cmd                                  0x08001781   Thumb Code    24  stm32f4xx_spi.o(.text)
    I2S_Cmd                                  0x08001799   Thumb Code    24  stm32f4xx_spi.o(.text)
    SPI_DataSizeConfig                       0x080017b1   Thumb Code    18  stm32f4xx_spi.o(.text)
    SPI_BiDirectionalLineConfig              0x080017c3   Thumb Code    28  stm32f4xx_spi.o(.text)
    SPI_NSSInternalSoftwareConfig            0x080017df   Thumb Code    30  stm32f4xx_spi.o(.text)
    SPI_SSOutputCmd                          0x080017fd   Thumb Code    24  stm32f4xx_spi.o(.text)
    SPI_TIModeCmd                            0x08001815   Thumb Code    24  stm32f4xx_spi.o(.text)
    I2S_FullDuplexConfig                     0x0800182d   Thumb Code    80  stm32f4xx_spi.o(.text)
    SPI_I2S_ReceiveData                      0x0800187d   Thumb Code     6  stm32f4xx_spi.o(.text)
    SPI_I2S_SendData                         0x08001883   Thumb Code     4  stm32f4xx_spi.o(.text)
    SPI_CalculateCRC                         0x08001887   Thumb Code    24  stm32f4xx_spi.o(.text)
    SPI_TransmitCRC                          0x0800189f   Thumb Code    10  stm32f4xx_spi.o(.text)
    SPI_GetCRC                               0x080018a9   Thumb Code    16  stm32f4xx_spi.o(.text)
    SPI_GetCRCPolynomial                     0x080018b9   Thumb Code     6  stm32f4xx_spi.o(.text)
    SPI_I2S_DMACmd                           0x080018bf   Thumb Code    18  stm32f4xx_spi.o(.text)
    SPI_I2S_ITConfig                         0x080018d1   Thumb Code    68  stm32f4xx_spi.o(.text)
    SPI_I2S_GetFlagStatus                    0x08001915   Thumb Code    18  stm32f4xx_spi.o(.text)
    SPI_I2S_ClearFlag                        0x08001927   Thumb Code     6  stm32f4xx_spi.o(.text)
    SPI_I2S_GetITStatus                      0x0800192d   Thumb Code    52  stm32f4xx_spi.o(.text)
    SPI_I2S_ClearITPendingBit                0x08001961   Thumb Code    20  stm32f4xx_spi.o(.text)
    SYSCFG_DeInit                            0x08001975   Thumb Code    22  stm32f4xx_syscfg.o(.text)
    SYSCFG_MemoryRemapConfig                 0x0800198b   Thumb Code     6  stm32f4xx_syscfg.o(.text)
    SYSCFG_MemorySwappingBank                0x08001991   Thumb Code     6  stm32f4xx_syscfg.o(.text)
    SYSCFG_EXTILineConfig                    0x08001997   Thumb Code    66  stm32f4xx_syscfg.o(.text)
    SYSCFG_ETH_MediaInterfaceConfig          0x080019d9   Thumb Code     8  stm32f4xx_syscfg.o(.text)
    SYSCFG_CompensationCellCmd               0x080019e1   Thumb Code     6  stm32f4xx_syscfg.o(.text)
    SYSCFG_GetCompensationCellStatus         0x080019e7   Thumb Code    22  stm32f4xx_syscfg.o(.text)
    TIM_DeInit                               0x08001a09   Thumb Code   346  stm32f4xx_tim.o(.text)
    TIM_TimeBaseInit                         0x08001b63   Thumb Code   104  stm32f4xx_tim.o(.text)
    TIM_TimeBaseStructInit                   0x08001bcb   Thumb Code    18  stm32f4xx_tim.o(.text)
    TIM_PrescalerConfig                      0x08001bdd   Thumb Code     6  stm32f4xx_tim.o(.text)
    TIM_CounterModeConfig                    0x08001be3   Thumb Code    18  stm32f4xx_tim.o(.text)
    TIM_SetCounter                           0x08001bf5   Thumb Code     4  stm32f4xx_tim.o(.text)
    TIM_SetAutoreload                        0x08001bf9   Thumb Code     4  stm32f4xx_tim.o(.text)
    TIM_GetCounter                           0x08001bfd   Thumb Code     6  stm32f4xx_tim.o(.text)
    TIM_GetPrescaler                         0x08001c03   Thumb Code     6  stm32f4xx_tim.o(.text)
    TIM_UpdateDisableConfig                  0x08001c09   Thumb Code    24  stm32f4xx_tim.o(.text)
    TIM_UpdateRequestConfig                  0x08001c21   Thumb Code    24  stm32f4xx_tim.o(.text)
    TIM_ARRPreloadConfig                     0x08001c39   Thumb Code    24  stm32f4xx_tim.o(.text)
    TIM_SelectOnePulseMode                   0x08001c51   Thumb Code    18  stm32f4xx_tim.o(.text)
    TIM_SetClockDivision                     0x08001c63   Thumb Code    18  stm32f4xx_tim.o(.text)
    TIM_Cmd                                  0x08001c75   Thumb Code    24  stm32f4xx_tim.o(.text)
    TIM_OC1Init                              0x08001c8d   Thumb Code   114  stm32f4xx_tim.o(.text)
    TIM_OC2Init                              0x08001cff   Thumb Code   154  stm32f4xx_tim.o(.text)
    TIM_OC3Init                              0x08001d99   Thumb Code   204  stm32f4xx_tim.o(.text)
    TIM_OC4Init                              0x08001e65   Thumb Code   112  stm32f4xx_tim.o(.text)
    TIM_OCStructInit                         0x08001ed5   Thumb Code    20  stm32f4xx_tim.o(.text)
    TIM_SelectOCxM                           0x08001ee9   Thumb Code    86  stm32f4xx_tim.o(.text)
    TIM_SetCompare1                          0x08001f3f   Thumb Code     4  stm32f4xx_tim.o(.text)
    TIM_SetCompare2                          0x08001f43   Thumb Code     4  stm32f4xx_tim.o(.text)
    TIM_SetCompare3                          0x08001f47   Thumb Code     4  stm32f4xx_tim.o(.text)
    TIM_SetCompare4                          0x08001f4b   Thumb Code     4  stm32f4xx_tim.o(.text)
    TIM_ForcedOC1Config                      0x08001f4f   Thumb Code    18  stm32f4xx_tim.o(.text)
    TIM_ForcedOC2Config                      0x08001f61   Thumb Code    26  stm32f4xx_tim.o(.text)
    TIM_ForcedOC3Config                      0x08001f7b   Thumb Code    18  stm32f4xx_tim.o(.text)
    TIM_ForcedOC4Config                      0x08001f8d   Thumb Code    26  stm32f4xx_tim.o(.text)
    TIM_OC1PreloadConfig                     0x08001fa7   Thumb Code    18  stm32f4xx_tim.o(.text)
    TIM_OC2PreloadConfig                     0x08001fb9   Thumb Code    26  stm32f4xx_tim.o(.text)
    TIM_OC3PreloadConfig                     0x08001fd3   Thumb Code    18  stm32f4xx_tim.o(.text)
    TIM_OC4PreloadConfig                     0x08001fe5   Thumb Code    26  stm32f4xx_tim.o(.text)
    TIM_OC1FastConfig                        0x08001fff   Thumb Code    18  stm32f4xx_tim.o(.text)
    TIM_OC2FastConfig                        0x08002011   Thumb Code    26  stm32f4xx_tim.o(.text)
    TIM_OC3FastConfig                        0x0800202b   Thumb Code    18  stm32f4xx_tim.o(.text)
    TIM_OC4FastConfig                        0x0800203d   Thumb Code    26  stm32f4xx_tim.o(.text)
    TIM_ClearOC1Ref                          0x08002057   Thumb Code    18  stm32f4xx_tim.o(.text)
    TIM_ClearOC2Ref                          0x08002069   Thumb Code    24  stm32f4xx_tim.o(.text)
    TIM_ClearOC3Ref                          0x08002081   Thumb Code    18  stm32f4xx_tim.o(.text)
    TIM_ClearOC4Ref                          0x08002093   Thumb Code    24  stm32f4xx_tim.o(.text)
    TIM_OC1PolarityConfig                    0x080020ab   Thumb Code    18  stm32f4xx_tim.o(.text)
    TIM_OC1NPolarityConfig                   0x080020bd   Thumb Code    18  stm32f4xx_tim.o(.text)
    TIM_OC2PolarityConfig                    0x080020cf   Thumb Code    26  stm32f4xx_tim.o(.text)
    TIM_OC2NPolarityConfig                   0x080020e9   Thumb Code    26  stm32f4xx_tim.o(.text)
    TIM_OC3PolarityConfig                    0x08002103   Thumb Code    26  stm32f4xx_tim.o(.text)
    TIM_OC3NPolarityConfig                   0x0800211d   Thumb Code    26  stm32f4xx_tim.o(.text)
    TIM_OC4PolarityConfig                    0x08002137   Thumb Code    26  stm32f4xx_tim.o(.text)
    TIM_CCxCmd                               0x08002151   Thumb Code    30  stm32f4xx_tim.o(.text)
    TIM_CCxNCmd                              0x0800216f   Thumb Code    30  stm32f4xx_tim.o(.text)
    TIM_SetIC4Prescaler                      0x0800218d   Thumb Code    26  stm32f4xx_tim.o(.text)
    TIM_SetIC3Prescaler                      0x080021f7   Thumb Code    18  stm32f4xx_tim.o(.text)
    TIM_SetIC2Prescaler                      0x08002251   Thumb Code    26  stm32f4xx_tim.o(.text)
    TIM_SetIC1Prescaler                      0x080022c5   Thumb Code    18  stm32f4xx_tim.o(.text)
    TIM_ICInit                               0x08002311   Thumb Code   110  stm32f4xx_tim.o(.text)
    TIM_ICStructInit                         0x0800237f   Thumb Code    18  stm32f4xx_tim.o(.text)
    TIM_PWMIConfig                           0x08002391   Thumb Code   124  stm32f4xx_tim.o(.text)
    TIM_GetCapture1                          0x0800240d   Thumb Code     6  stm32f4xx_tim.o(.text)
    TIM_GetCapture2                          0x08002413   Thumb Code     6  stm32f4xx_tim.o(.text)
    TIM_GetCapture3                          0x08002419   Thumb Code     6  stm32f4xx_tim.o(.text)
    TIM_GetCapture4                          0x0800241f   Thumb Code     6  stm32f4xx_tim.o(.text)
    TIM_BDTRConfig                           0x08002425   Thumb Code    32  stm32f4xx_tim.o(.text)
    TIM_BDTRStructInit                       0x08002445   Thumb Code    18  stm32f4xx_tim.o(.text)
    TIM_CtrlPWMOutputs                       0x08002457   Thumb Code    30  stm32f4xx_tim.o(.text)
    TIM_SelectCOM                            0x08002475   Thumb Code    24  stm32f4xx_tim.o(.text)
    TIM_CCPreloadControl                     0x0800248d   Thumb Code    24  stm32f4xx_tim.o(.text)
    TIM_ITConfig                             0x080024a5   Thumb Code    18  stm32f4xx_tim.o(.text)
    TIM_GenerateEvent                        0x080024b7   Thumb Code     4  stm32f4xx_tim.o(.text)
    TIM_GetFlagStatus                        0x080024bb   Thumb Code    18  stm32f4xx_tim.o(.text)
    TIM_ClearFlag                            0x080024cd   Thumb Code     6  stm32f4xx_tim.o(.text)
    TIM_GetITStatus                          0x080024d3   Thumb Code    34  stm32f4xx_tim.o(.text)
    TIM_ClearITPendingBit                    0x080024f5   Thumb Code     6  stm32f4xx_tim.o(.text)
    TIM_DMAConfig                            0x080024fb   Thumb Code    10  stm32f4xx_tim.o(.text)
    TIM_DMACmd                               0x08002505   Thumb Code    18  stm32f4xx_tim.o(.text)
    TIM_SelectCCDMA                          0x08002517   Thumb Code    24  stm32f4xx_tim.o(.text)
    TIM_InternalClockConfig                  0x0800252f   Thumb Code    12  stm32f4xx_tim.o(.text)
    TIM_SelectInputTrigger                   0x0800253b   Thumb Code    18  stm32f4xx_tim.o(.text)
    TIM_ITRxExternalClockConfig              0x0800254d   Thumb Code    24  stm32f4xx_tim.o(.text)
    TIM_TIxExternalClockConfig               0x08002565   Thumb Code    62  stm32f4xx_tim.o(.text)
    TIM_ETRConfig                            0x080025a3   Thumb Code    28  stm32f4xx_tim.o(.text)
    TIM_ETRClockMode1Config                  0x080025bf   Thumb Code    54  stm32f4xx_tim.o(.text)
    TIM_ETRClockMode2Config                  0x080025f5   Thumb Code    32  stm32f4xx_tim.o(.text)
    TIM_SelectOutputTrigger                  0x08002615   Thumb Code    18  stm32f4xx_tim.o(.text)
    TIM_SelectSlaveMode                      0x08002627   Thumb Code    18  stm32f4xx_tim.o(.text)
    TIM_SelectMasterSlaveMode                0x08002639   Thumb Code    18  stm32f4xx_tim.o(.text)
    TIM_EncoderInterfaceConfig               0x0800264b   Thumb Code    66  stm32f4xx_tim.o(.text)
    TIM_SelectHallSensor                     0x0800268d   Thumb Code    24  stm32f4xx_tim.o(.text)
    TIM_RemapConfig                          0x080026a5   Thumb Code     6  stm32f4xx_tim.o(.text)
    USART_DeInit                             0x080026ad   Thumb Code   206  stm32f4xx_usart.o(.text)
    USART_Init                               0x0800277b   Thumb Code   204  stm32f4xx_usart.o(.text)
    USART_StructInit                         0x08002847   Thumb Code    24  stm32f4xx_usart.o(.text)
    USART_ClockInit                          0x0800285f   Thumb Code    32  stm32f4xx_usart.o(.text)
    USART_ClockStructInit                    0x0800287f   Thumb Code    12  stm32f4xx_usart.o(.text)
    USART_Cmd                                0x0800288b   Thumb Code    24  stm32f4xx_usart.o(.text)
    USART_SetPrescaler                       0x080028a3   Thumb Code    16  stm32f4xx_usart.o(.text)
    USART_OverSampling8Cmd                   0x080028b3   Thumb Code    22  stm32f4xx_usart.o(.text)
    USART_OneBitMethodCmd                    0x080028c9   Thumb Code    24  stm32f4xx_usart.o(.text)
    USART_SendData                           0x080028e1   Thumb Code     8  stm32f4xx_usart.o(.text)
    USART_ReceiveData                        0x080028e9   Thumb Code    10  stm32f4xx_usart.o(.text)
    USART_SetAddress                         0x080028f3   Thumb Code    18  stm32f4xx_usart.o(.text)
    USART_ReceiverWakeUpCmd                  0x08002905   Thumb Code    24  stm32f4xx_usart.o(.text)
    USART_WakeUpConfig                       0x0800291d   Thumb Code    18  stm32f4xx_usart.o(.text)
    USART_LINBreakDetectLengthConfig         0x0800292f   Thumb Code    18  stm32f4xx_usart.o(.text)
    USART_LINCmd                             0x08002941   Thumb Code    24  stm32f4xx_usart.o(.text)
    USART_SendBreak                          0x08002959   Thumb Code    10  stm32f4xx_usart.o(.text)
    USART_HalfDuplexCmd                      0x08002963   Thumb Code    24  stm32f4xx_usart.o(.text)
    USART_SetGuardTime                       0x0800297b   Thumb Code    16  stm32f4xx_usart.o(.text)
    USART_SmartCardCmd                       0x0800298b   Thumb Code    24  stm32f4xx_usart.o(.text)
    USART_SmartCardNACKCmd                   0x080029a3   Thumb Code    24  stm32f4xx_usart.o(.text)
    USART_IrDAConfig                         0x080029bb   Thumb Code    18  stm32f4xx_usart.o(.text)
    USART_IrDACmd                            0x080029cd   Thumb Code    24  stm32f4xx_usart.o(.text)
    USART_DMACmd                             0x080029e5   Thumb Code    18  stm32f4xx_usart.o(.text)
    USART_ITConfig                           0x080029f7   Thumb Code    74  stm32f4xx_usart.o(.text)
    USART_GetFlagStatus                      0x08002a41   Thumb Code    26  stm32f4xx_usart.o(.text)
    USART_ClearFlag                          0x08002a5b   Thumb Code    18  stm32f4xx_usart.o(.text)
    USART_GetITStatus                        0x08002a6d   Thumb Code   118  stm32f4xx_usart.o(.text)
    USART_ClearITPendingBit                  0x08002ae3   Thumb Code    30  stm32f4xx_usart.o(.text)
    delay_init                               0x08002b01   Thumb Code    52  delay.o(.text)
    delay_us                                 0x08002b35   Thumb Code    72  delay.o(.text)
    delay_xms                                0x08002b7d   Thumb Code    72  delay.o(.text)
    delay_ms                                 0x08002bc5   Thumb Code    56  delay.o(.text)
    BEEP_Init                                0x08002c05   Thumb Code    50  beep.o(.text)
    KEY_Init                                 0x08002c3d   Thumb Code    42  key.o(.text)
    KEY_Scan                                 0x08002c67   Thumb Code   122  key.o(.text)
    OLED_WR_Byte                             0x08002ced   Thumb Code   126  oled.o(.text)
    OLED_ColorTurn                           0x08002d6b   Thumb Code    28  oled.o(.text)
    OLED_DisplayTurn                         0x08002d87   Thumb Code    44  oled.o(.text)
    OLED_DisPlay_On                          0x08002db3   Thumb Code    28  oled.o(.text)
    OLED_DisPlay_Off                         0x08002dcf   Thumb Code    28  oled.o(.text)
    OLED_Refresh                             0x08002deb   Thumb Code    70  oled.o(.text)
    OLED_Clear                               0x08002e31   Thumb Code    42  oled.o(.text)
    OLED_DrawPoint                           0x08002e5b   Thumb Code   114  oled.o(.text)
    OLED_DrawLine                            0x08002ecd   Thumb Code   172  oled.o(.text)
    OLED_DrawCircle                          0x08002f79   Thumb Code   168  oled.o(.text)
    OLED_ShowChar                            0x08003021   Thumb Code   326  oled.o(.text)
    OLED_ShowString                          0x08003167   Thumb Code    74  oled.o(.text)
    OLED_Pow                                 0x080031b1   Thumb Code    22  oled.o(.text)
    OLED_ShowNum                             0x080031c7   Thumb Code   140  oled.o(.text)
    OLED_ShowIntNum                          0x08003253   Thumb Code    90  oled.o(.text)
    OLED_Show3FNum                           0x080032ad   Thumb Code   672  oled.o(.text)
    OLED_ShowChinese                         0x0800354d   Thumb Code   244  oled.o(.text)
    OLED_ScrollDisplay                       0x08003641   Thumb Code   202  oled.o(.text)
    OLED_ShowPicture                         0x0800370b   Thumb Code   214  oled.o(.text)
    OLED_Init                                0x080037e1   Thumb Code   362  oled.o(.text)
    LED_Init                                 0x08003959   Thumb Code    50  led.o(.text)
    EC11_KEY1_click_do                       0x08003991   Thumb Code     2  ec11.o(.text)
    TIM1_Int_Init                            0x08003993   Thumb Code    86  ec11.o(.text)
    Encoder_EC11_Scan1                       0x080039e9   Thumb Code    98  ec11.o(.text)
    EC11_Hander1                             0x08003a4b   Thumb Code    44  ec11.o(.text)
    TIM1_IRQHandler                          0x08003a77   Thumb Code    32  ec11.o(.text)
    EC11_Init                                0x08003a97   Thumb Code   118  ec11.o(.text)
    POWER_Init                               0x08003b2d   Thumb Code   124  power.o(.text)
    Get_voltage                              0x08003c03   Thumb Code    28  power.o(.text)
    show_voltage                             0x08003c1f   Thumb Code   244  power.o(.text)
    Stepper_Init                             0x08003d61   Thumb Code   182  stepper.o(.text)
    Emm_V5_Pos_Control                       0x08003e17   Thumb Code   124  stepper.o(.text)
    Emm_V5_Stop_Now                          0x08003e93   Thumb Code    38  stepper.o(.text)
    Action_1_Claw_Grab                       0x08003f39   Thumb Code   102  stepper.o(.text)
    Action_2_Claw_Open                       0x08003f9f   Thumb Code   102  stepper.o(.text)
    Action_3_Arm_Lift                        0x08004005   Thumb Code   122  stepper.o(.text)
    Action_4_Arm_Lower                       0x0800407f   Thumb Code   122  stepper.o(.text)
    Stepper_Action_PickUp                    0x080040f9   Thumb Code    32  stepper.o(.text)
    Stepper_Action_PutDown                   0x08004119   Thumb Code    32  stepper.o(.text)
    Stepper_Action_Idle                      0x08004139   Thumb Code    16  stepper.o(.text)
    Home_All_Simultaneously                  0x08004149   Thumb Code   280  stepper.o(.text)
    Motor_Init                               0x08004265   Thumb Code   294  motor.o(.text)
    Motor_Move                               0x0800438b   Thumb Code   104  motor.o(.text)
    NRF24L01_SPI_Init                        0x08004401   Thumb Code    86  24l01.o(.text)
    NRF24L01_Write_Reg                       0x08004457   Thumb Code    38  24l01.o(.text)
    NRF24L01_Write_Buf                       0x0800447d   Thumb Code    56  24l01.o(.text)
    NRF24L01_RX_Mode                         0x080044b5   Thumb Code    78  24l01.o(.text)
    NRF24L01_Read_Buf                        0x08004503   Thumb Code    56  24l01.o(.text)
    NRF24L01_Check                           0x0800453b   Thumb Code    72  24l01.o(.text)
    NRF24L01_Init                            0x08004583   Thumb Code   158  24l01.o(.text)
    NRF24L01_Read_Reg                        0x08004621   Thumb Code    36  24l01.o(.text)
    NRF24L01_TxPacket                        0x08004645   Thumb Code    96  24l01.o(.text)
    NRF24L01_RxPacket                        0x080046a5   Thumb Code    58  24l01.o(.text)
    NRF24L01_TX_Mode                         0x080046df   Thumb Code    88  24l01.o(.text)
    SPI1_ReadWriteByte                       0x0800476d   Thumb Code    50  spi.o(.text)
    SPI1_Init                                0x0800479f   Thumb Code   186  spi.o(.text)
    SPI1_SetSpeed                            0x08004859   Thumb Code    36  spi.o(.text)
    TIM6_init                                0x08004885   Thumb Code    84  timer.o(.text)
    TIM6_DAC_IRQHandler                      0x080048d9   Thumb Code    20  timer.o(.text)
    TIM7_init                                0x080048ed   Thumb Code    84  timer.o(.text)
    TIM7_IRQHandler                          0x08004941   Thumb Code   122  timer.o(.text)
    EXTIX_Init                               0x080049d1   Thumb Code   116  exti.o(.text)
    EXTI9_5_IRQHandler                       0x08004a45   Thumb Code    40  exti.o(.text)
    EXTI15_10_IRQHandler                     0x08004a6d   Thumb Code    84  exti.o(.text)
    uart3_init                               0x08004ac9   Thumb Code   164  uart3.o(.text)
    Prepare_Frame                            0x08004b6d   Thumb Code    48  uart3.o(.text)
    USART3_Send_Data                         0x08004b9d   Thumb Code    56  uart3.o(.text)
    USART3_IRQHandler                        0x08004bd5   Thumb Code    78  uart3.o(.text)
    TIM3_Encoder_Init                        0x08004c3d   Thumb Code   168  encode.o(.text)
    TIM4_Encoder_Init                        0x08004ce5   Thumb Code   170  encode.o(.text)
    Read_Encoder_cnt                         0x08004d8f   Thumb Code    60  encode.o(.text)
    Solve_EncoData                           0x08004dcb   Thumb Code   110  encode.o(.text)
    sum_Read_Encoder_cnt                     0x08004e39   Thumb Code    78  encode.o(.text)
    Limit_Init                               0x08004eb5   Thumb Code    44  limit.o(.text)
    Limit_Read_Arm                           0x08004ee1   Thumb Code    14  limit.o(.text)
    Limit_Read_Claw                          0x08004eef   Thumb Code    14  limit.o(.text)
    __aeabi_dmul                             0x08004f01   Thumb Code   228  dmul.o(.text)
    __aeabi_f2d                              0x08004fe5   Thumb Code    38  f2d.o(.text)
    __aeabi_d2f                              0x0800500b   Thumb Code    56  d2f.o(.text)
    __I$use$fp                               0x08005043   Thumb Code     0  iusefp.o(.text)
    _float_round                             0x08005043   Thumb Code    18  fepilogue.o(.text)
    _float_epilogue                          0x08005055   Thumb Code    92  fepilogue.o(.text)
    _double_round                            0x080050b1   Thumb Code    30  depilogue.o(.text)
    _double_epilogue                         0x080050cf   Thumb Code   156  depilogue.o(.text)
    __scatterload                            0x0800516d   Thumb Code    28  init.o(.text)
    __scatterload_rt2                        0x0800516d   Thumb Code     0  init.o(.text)
    __aeabi_llsl                             0x08005191   Thumb Code    30  llshl.o(.text)
    _ll_shift_l                              0x08005191   Thumb Code     0  llshl.o(.text)
    __aeabi_llsr                             0x080051af   Thumb Code    32  llushr.o(.text)
    _ll_ushift_r                             0x080051af   Thumb Code     0  llushr.o(.text)
    __scatterload_copy                       0x080051cf   Thumb Code    14  handlers.o(i.__scatterload_copy)
    __scatterload_null                       0x080051dd   Thumb Code     2  handlers.o(i.__scatterload_null)
    __scatterload_zeroinit                   0x080051df   Thumb Code    14  handlers.o(i.__scatterload_zeroinit)
    asc2_0806                                0x080051ec   Data         552  oled.o(.constdata)
    asc2_1206                                0x08005414   Data        1140  oled.o(.constdata)
    asc2_1608                                0x08005888   Data        1520  oled.o(.constdata)
    asc2_2412                                0x08005e78   Data        3420  oled.o(.constdata)
    Hzk1                                     0x08006bd4   Data         512  oled.o(.constdata)
    Hzk2                                     0x08006dd4   Data          72  oled.o(.constdata)
    Hzk3                                     0x08006e1c   Data         128  oled.o(.constdata)
    Hzk4                                     0x08006e9c   Data         512  oled.o(.constdata)
    TX_ADDRESS                               0x0800709c   Data           5  24l01.o(.constdata)
    RX_ADDRESS                               0x080070a1   Data           5  24l01.o(.constdata)
    Region$$Table$$Base                      0x080070a8   Number         0  anon$$obj.o(Region$$Table)
    Region$$Table$$Limit                     0x080070c8   Number         0  anon$$obj.o(Region$$Table)
    MAX_Motor_Speed                          0x20000004   Data           2  main.o(.data)
    Motor_Speed_Left                         0x20000008   Data           4  main.o(.data)
    Motor_Speed_Right                        0x2000000c   Data           4  main.o(.data)
    Command                                  0x20000010   Data           1  main.o(.data)
    alpha                                    0x20000014   Data           4  main.o(.data)
    SystemCoreClock                          0x20000018   Data           4  system_stm32f4xx.o(.data)
    AHBPrescTable                            0x2000001c   Data          16  system_stm32f4xx.o(.data)
    key_value                                0x20000040   Data           1  key.o(.data)
    EC11_Num1                                0x20000045   Data           1  ec11.o(.data)
    USART3_RX_BUF                            0x20000046   Data           3  uart3.o(.data)
    USART3_RX_INDEX                          0x20000049   Data           1  uart3.o(.data)
    USART3_RX_completed                      0x2000004a   Data           1  uart3.o(.data)
    TIM3_sumcode                             0x2000004c   Data           4  encode.o(.data)
    TIM4_sumcode                             0x20000050   Data           4  encode.o(.data)
    OLED_GRAM                                0x20000054   Data        1152  oled.o(.bss)
    tmp_buf                                  0x200004d4   Data          33  24l01.o(.bss)
    tx_frame                                 0x200004f5   Data          10  uart3.o(.bss)
    encode                                   0x20000500   Data          16  encode.o(.bss)
    Encoders                                 0x20000510   Data          24  encode.o(.bss)
    __initial_sp                             0x20000928   Data           0  startup_stm32f40_41xxx.o(STACK)



==============================================================================

Memory Map of the image

  Image Entry point : 0x08000189

  Load Region LR_IROM1 (Base: 0x08000000, Size: 0x0000711c, Max: 0x00100000, ABSOLUTE)

    Execution Region ER_IROM1 (Exec base: 0x08000000, Load base: 0x08000000, Size: 0x000070c8, Max: 0x00100000, ABSOLUTE)

    Exec Addr    Load Addr    Size         Type   Attr      Idx    E Section Name        Object

    0x08000000   0x08000000   0x00000188   Data   RO          270    RESET               startup_stm32f40_41xxx.o
    0x08000188   0x08000188   0x00000000   Code   RO         1403  * .ARM.Collect$$$$00000000  mc_w.l(entry.o)
    0x08000188   0x08000188   0x00000004   Code   RO         1412    .ARM.Collect$$$$00000001  mc_w.l(entry2.o)
    0x0800018c   0x0800018c   0x00000004   Code   RO         1415    .ARM.Collect$$$$00000004  mc_w.l(entry5.o)
    0x08000190   0x08000190   0x00000000   Code   RO         1417    .ARM.Collect$$$$00000008  mc_w.l(entry7b.o)
    0x08000190   0x08000190   0x00000000   Code   RO         1419    .ARM.Collect$$$$0000000A  mc_w.l(entry8b.o)
    0x08000190   0x08000190   0x00000008   Code   RO         1420    .ARM.Collect$$$$0000000B  mc_w.l(entry9a.o)
    0x08000198   0x08000198   0x00000000   Code   RO         1422    .ARM.Collect$$$$0000000D  mc_w.l(entry10a.o)
    0x08000198   0x08000198   0x00000000   Code   RO         1424    .ARM.Collect$$$$0000000F  mc_w.l(entry11a.o)
    0x08000198   0x08000198   0x00000004   Code   RO         1413    .ARM.Collect$$$$00002712  mc_w.l(entry2.o)
    0x0800019c   0x0800019c   0x000001c4   Code   RO            3    .text               main.o
    0x08000360   0x08000360   0x0000001a   Code   RO          195    .text               stm32f4xx_it.o
    0x0800037a   0x0800037a   0x00000002   PAD
    0x0800037c   0x0800037c   0x00000210   Code   RO          244    .text               system_stm32f4xx.o
    0x0800058c   0x0800058c   0x00000024   Code   RO          271    .text               startup_stm32f40_41xxx.o
    0x080005b0   0x080005b0   0x000000e0   Code   RO          277    .text               misc.o
    0x08000690   0x08000690   0x00000464   Code   RO          297    .text               stm32f4xx_adc.o
    0x08000af4   0x08000af4   0x00000110   Code   RO          540    .text               stm32f4xx_exti.o
    0x08000c04   0x08000c04   0x00000294   Code   RO          626    .text               stm32f4xx_gpio.o
    0x08000e98   0x08000e98   0x0000065c   Code   RO          789    .text               stm32f4xx_rcc.o
    0x080014f4   0x080014f4   0x00000480   Code   RO          894    .text               stm32f4xx_spi.o
    0x08001974   0x08001974   0x00000094   Code   RO          914    .text               stm32f4xx_syscfg.o
    0x08001a08   0x08001a08   0x00000ca2   Code   RO          934    .text               stm32f4xx_tim.o
    0x080026aa   0x080026aa   0x00000002   PAD
    0x080026ac   0x080026ac   0x00000454   Code   RO          954    .text               stm32f4xx_usart.o
    0x08002b00   0x08002b00   0x00000104   Code   RO          994    .text               delay.o
    0x08002c04   0x08002c04   0x00000038   Code   RO         1034    .text               beep.o
    0x08002c3c   0x08002c3c   0x000000b0   Code   RO         1057    .text               key.o
    0x08002cec   0x08002cec   0x00000c6c   Code   RO         1083    .text               oled.o
    0x08003958   0x08003958   0x00000038   Code   RO         1113    .text               led.o
    0x08003990   0x08003990   0x0000019c   Code   RO         1133    .text               ec11.o
    0x08003b2c   0x08003b2c   0x00000200   Code   RO         1159    .text               power.o
    0x08003d2c   0x08003d2c   0x00000538   Code   RO         1179    .text               stepper.o
    0x08004264   0x08004264   0x0000019c   Code   RO         1199    .text               motor.o
    0x08004400   0x08004400   0x0000036c   Code   RO         1219    .text               24l01.o
    0x0800476c   0x0800476c   0x00000118   Code   RO         1249    .text               spi.o
    0x08004884   0x08004884   0x0000014c   Code   RO         1269    .text               timer.o
    0x080049d0   0x080049d0   0x000000f8   Code   RO         1310    .text               exti.o
    0x08004ac8   0x08004ac8   0x00000174   Code   RO         1333    .text               uart3.o
    0x08004c3c   0x08004c3c   0x00000278   Code   RO         1361    .text               encode.o
    0x08004eb4   0x08004eb4   0x0000004c   Code   RO         1385    .text               limit.o
    0x08004f00   0x08004f00   0x000000e4   Code   RO         1406    .text               mf_w.l(dmul.o)
    0x08004fe4   0x08004fe4   0x00000026   Code   RO         1408    .text               mf_w.l(f2d.o)
    0x0800500a   0x0800500a   0x00000038   Code   RO         1410    .text               mf_w.l(d2f.o)
    0x08005042   0x08005042   0x00000000   Code   RO         1426    .text               mc_w.l(iusefp.o)
    0x08005042   0x08005042   0x0000006e   Code   RO         1427    .text               mf_w.l(fepilogue.o)
    0x080050b0   0x080050b0   0x000000ba   Code   RO         1429    .text               mf_w.l(depilogue.o)
    0x0800516a   0x0800516a   0x00000002   PAD
    0x0800516c   0x0800516c   0x00000024   Code   RO         1431    .text               mc_w.l(init.o)
    0x08005190   0x08005190   0x0000001e   Code   RO         1433    .text               mc_w.l(llshl.o)
    0x080051ae   0x080051ae   0x00000020   Code   RO         1435    .text               mc_w.l(llushr.o)
    0x080051ce   0x080051ce   0x0000000e   Code   RO         1439    i.__scatterload_copy  mc_w.l(handlers.o)
    0x080051dc   0x080051dc   0x00000002   Code   RO         1440    i.__scatterload_null  mc_w.l(handlers.o)
    0x080051de   0x080051de   0x0000000e   Code   RO         1441    i.__scatterload_zeroinit  mc_w.l(handlers.o)
    0x080051ec   0x080051ec   0x00001eb0   Data   RO         1085    .constdata          oled.o
    0x0800709c   0x0800709c   0x0000000a   Data   RO         1221    .constdata          24l01.o
    0x080070a6   0x080070a6   0x00000002   PAD
    0x080070a8   0x080070a8   0x00000020   Data   RO         1437    Region$$Table       anon$$obj.o


    Execution Region RW_IRAM1 (Exec base: 0x20000000, Load base: 0x080070c8, Size: 0x00000928, Max: 0x00020000, ABSOLUTE)

    Exec Addr    Load Addr    Size         Type   Attr      Idx    E Section Name        Object

    0x20000000   0x080070c8   0x00000018   Data   RW            4    .data               main.o
    0x20000018   0x080070e0   0x00000014   Data   RW          245    .data               system_stm32f4xx.o
    0x2000002c   0x080070f4   0x00000010   Data   RW          790    .data               stm32f4xx_rcc.o
    0x2000003c   0x08007104   0x00000004   Data   RW          995    .data               delay.o
    0x20000040   0x08007108   0x00000002   Data   RW         1058    .data               key.o
    0x20000042   0x0800710a   0x00000004   Data   RW         1134    .data               ec11.o
    0x20000046   0x0800710e   0x00000005   Data   RW         1335    .data               uart3.o
    0x2000004b   0x08007113   0x00000001   PAD
    0x2000004c   0x08007114   0x00000008   Data   RW         1363    .data               encode.o
    0x20000054        -       0x00000480   Zero   RW         1084    .bss                oled.o
    0x200004d4        -       0x00000021   Zero   RW         1220    .bss                24l01.o
    0x200004f5        -       0x0000000a   Zero   RW         1334    .bss                uart3.o
    0x200004ff   0x0800711c   0x00000001   PAD
    0x20000500        -       0x00000028   Zero   RW         1362    .bss                encode.o
    0x20000528        -       0x00000400   Zero   RW          268    STACK               startup_stm32f40_41xxx.o


==============================================================================

Image component sizes


      Code (inc. data)   RO Data    RW Data    ZI Data      Debug   Object Name

       876         54         10          0         33       4009   24l01.o
        56          6          0          0          0        548   beep.o
       260          8          0          4          0       1525   delay.o
       412         32          0          4          0       2101   ec11.o
       632         46          0          8         40       2255   encode.o
       248          8          0          0          0        957   exti.o
       176         12          0          2          0       1096   key.o
        56          6          0          0          0        539   led.o
        76          4          0          0          0        844   limit.o
       452         34          0         24          0     307866   main.o
       224         20          0          0          0       1861   misc.o
       412         14          0          0          0       1040   motor.o
      3180         74       7856          0       1152       9971   oled.o
       512         26          0          0          0       1718   power.o
       280          8          0          0          0       1109   spi.o
        36          8        392          0       1024        848   startup_stm32f40_41xxx.o
      1336         64          0          0          0       5514   stepper.o
      1124         24          0          0          0      10730   stm32f4xx_adc.o
       272         10          0          0          0       2327   stm32f4xx_exti.o
       660         44          0          0          0       4201   stm32f4xx_gpio.o
        26          0          0          0          0       1242   stm32f4xx_it.o
      1628         52          0         16          0      13100   stm32f4xx_rcc.o
      1152         36          0          0          0       6949   stm32f4xx_spi.o
       148         12          0          0          0       1865   stm32f4xx_syscfg.o
      3234         60          0          0          0      23056   stm32f4xx_tim.o
      1108         34          0          0          0       7924   stm32f4xx_usart.o
       528         46          0         20          0       1843   system_stm32f4xx.o
       332         22          0          0          0       1310   timer.o
       372         26          0          5         10       2963   uart3.o

    ----------------------------------------------------------------------
     19812        790       8292         84       2260     421311   Object Totals
         0          0         32          0          0          0   (incl. Generated)
         4          0          2          1          1          0   (incl. Padding)

    ----------------------------------------------------------------------

      Code (inc. data)   RO Data    RW Data    ZI Data      Debug   Library Member Name

         0          0          0          0          0          0   entry.o
         0          0          0          0          0          0   entry10a.o
         0          0          0          0          0          0   entry11a.o
         8          4          0          0          0          0   entry2.o
         4          0          0          0          0          0   entry5.o
         0          0          0          0          0          0   entry7b.o
         0          0          0          0          0          0   entry8b.o
         8          4          0          0          0          0   entry9a.o
        30          0          0          0          0          0   handlers.o
        36          8          0          0          0         68   init.o
         0          0          0          0          0          0   iusefp.o
        30          0          0          0          0         68   llshl.o
        32          0          0          0          0         68   llushr.o
        56          0          0          0          0         88   d2f.o
       186          0          0          0          0        176   depilogue.o
       228          0          0          0          0         96   dmul.o
        38          0          0          0          0         68   f2d.o
       110          0          0          0          0        168   fepilogue.o

    ----------------------------------------------------------------------
       768         16          0          0          0        800   Library Totals
         2          0          0          0          0          0   (incl. Padding)

    ----------------------------------------------------------------------

      Code (inc. data)   RO Data    RW Data    ZI Data      Debug   Library Name

       148         16          0          0          0        204   mc_w.l
       618          0          0          0          0        596   mf_w.l

    ----------------------------------------------------------------------
       768         16          0          0          0        800   Library Totals

    ----------------------------------------------------------------------

==============================================================================


      Code (inc. data)   RO Data    RW Data    ZI Data      Debug   

     20580        806       8292         84       2260     416955   Grand Totals
     20580        806       8292         84       2260     416955   ELF Image Totals
     20580        806       8292         84          0          0   ROM Totals

==============================================================================

    Total RO  Size (Code + RO Data)                28872 (  28.20kB)
    Total RW  Size (RW Data + ZI Data)              2344 (   2.29kB)
    Total ROM Size (Code + RO Data + RW Data)      28956 (  28.28kB)

==============================================================================

